Distributed parallelism with MPI     : 1 tasks/HFBTHO
Multi-threading framework with OpenMP: 4 threads/task

  ==========================================
           FORTRAN 95 CODE (KIND= 8) 
 git: parent: 3cae9cc3ec7a0c93cd724b300dc0d972f613f33e
  ==========================================
       AXIALLY DEFORMED CONFIGURATIONAL     
     HARTREE-FOCK-BOGOLIUBOV CALCULATIONS   
                     WITH                   
      SKYRME+DELTA PAIRING OR GOGNY EDFs    
                  USING THE                 
             HARMONIC-OSCILLATOR            
                    AND/OR                  
        TRANSFORMED HARMONIC-OSCILLATOR     
                    BASIS                   
                     ---                    
                v1.66  (2005)               
    Stoitsov, Dobaczewski, Nazarewicz, Ring 
                v2.00d (2012)               
        Stoitsov, Schunck, Kortelainen      
                v3.00  (2016)               
            Schunck, Navarro Perez          
  ==========================================
    Nucleus: Ni (A=  90, N= 62, Z= 28)
       Reflection Symmetry Imposed       
            (10/12/2021,  8:48)                               
  ==========================================


  ---------------------------------------
           UNEDF Module Version: 17
         M.Kortelainen & M.Stoitsov 
  ---------------------------------------

  SLY4 functional
  ----------------------------------------
  Crho(0)=   -933.342374999999947    ; Crho(1)=    830.052485500000103    
  CDrho(0)=   861.062500000000000    ; CDrho(1)=  -1064.27324999999996    
  Ctau(0)=    57.1286874999999981    ; Ctau(1)=    24.6567364999999974    
  CrDr(0)=   -76.9962031249999939    ; CrDr(1)=    15.6571351249999999    
  CrdJ(0)=   -92.2500000000000000    ; CrdJ(1)=   -30.7500000000000000    
  CJ(0)=      17.2096115000000012    ; CJ(1)=      64.5758124999999978    
  CpV0(0)=   -519.899999999999977    ; CpV0(1)=   -519.899999999999977    
  CpV1(0)=    1.00000000000000000    ; CpV1(1)=    1.00000000000000000    
  sigma=     0.166666666666666657    ; hbzero=     20.7355300000000007    
  functional has DME couplings: F
  use 3-Nucleon DME couplings: F
  e^2 chrg=   1.43997840859651349    ; CExPar=     1.00000000000000000    
  c.m. correction: T, chr. density in direct Coul: F
  use tensor terms: F

  Coupling constants in natural units
  ----------------------------------------
  Crho_nu(0)=   -1.05105544200051493    ; Crho_nu(1)=   0.934738639752458078    
  CDrho_nu(0)=  0.931965346118903359    ; CDrho_nu(1)=  -1.15190916780296471    
  Ctau_nu(0)=   0.809805640428791551    ; Ctau_nu(1)=   0.349512043179120102    
  CrDr_nu(0)=   -1.09142993320520354    ; CrDr_nu(1)=   0.221941670499269772    
  CrdJ_nu(0)=   -1.30765423815409765    ; CrdJ_nu(1)=  -0.435884746051365901    
  CJ_nu(0)=     0.243948199620168005    ; CJ_nu(1)=     0.915369483987743648    
  CpV0_nu(0)=  -0.585469747150468400    ; CpV0_nu(1)=  -0.585469747150468400    
  CpV1_nu(0)=   0.887702254206059068E-03; CpV1_nu(1)=   0.887702254206059068E-03
  fpi_nu=        93.0000000000000000    ; Lambda_nu=     700.000000000000000    

  Nuclear matter properties
  ----------------------------------------
  E_NM=      -15.9721491414446017    ; K_NM=        229.900964482603513    
  P_NM=      0.964542432981854036E-15; RHO_NM=     0.159538756711733343    
  ASS_NM=     32.0043028150520144    ; LASS_NM=     45.9617514804616079    
  SMASS_NM=   1.43954698897607836    ; VMASS_NM=    1.24983854719625342    

  Associated (t,x)-coupling constants
  ----------------------------------------
  t0=      -2488.91299999999956    ; x0=       0.834000000000000075    
  t1=       486.817999999999984    ; x1=      -0.343999999999999917    
  t2=      -546.394999999999982    ; x2=       -1.00000000000000000    
  t3=       13777.0000000000000    ; x3=        1.35399999999999987    
  b4=       61.5000000000000000    ; b4p=       61.5000000000000000    
  te=      0.151582450295488038E-13; to=       0.113686837721616036E-13
  sigma=   0.166666666666666657    ; hbzero=    20.7355300000000007    

  ---------------------------------------
        Characteristics of the run       
  ---------------------------------------
  Output file ................:    57
  Nucleus ....................:   Ni  90
  Number of HO shells ........:    20
  HO length b0 (fm) ..........:     2.00000000000000
  Basis deformation ..........:  beta0=   0.000 q=   1.000
  HO: b0,1/b0,bp,bz,q ........:   0.20000000E+01  0.50000000E+00  0.20000000E+01  0.20000000E+01  0.10000000E+01
  h**2/(2m_n), cmc, e**2 .....:   0.20735530E+02  0.20505135E+02  0.14399784E+01
  h**2/(2m_p), cmc, e**2 .....:   0.20735530E+02  0.20505135E+02  0.14399784E+01
  hom=f*41.0_pr*A^{-1/3}, f...:   0.10368105E+02  0.11332603E+01
  THO basis is ...............:   ON
    HFB+THO after a HFB+HO run    
  Maximal number of iterations:   100
  Initial mixing parameter ...:  0.300
  Initial wave functions from :  tape
  Energy functional ..........:    SLY4                          
    without Coulomb forces
  Pairing cutoff energy ......:    60.00 MeV
  Lipkin-Nogami procedure is .:  OFF
  PAV procedure is ...........:  OFF
  Constraint calculation is ..:  OFF
  Temperature T ..............:   0.00 MeV
  Pairing regularization is ..:  OFF
  Collective inertia is ......:  OFF
  Fission fragments are ......:  OFF
  Restart indicator ..........:  -1
  Broyden mixing (#iterations):   7

  ---------------------------------------
        Harmonic Oscillator Basis        
  ---------------------------------------
  NUV, NQP:                      128843    1771
  Comparison with bookkeeping spherical basis:
  n00:                               20      20  Maximal number of shells
  nbx, 2*n00+1:                      41      41  Maximal number of K-blocks
  ntx, (n00+1)*(n00+2)*(n00+3)/6   1771    1771  Max.num. p/n levels
  nzx, n00:                          20      20  Maximal nz-quantum number
  nrx, n00/2  :                      10      10  Maximal nr-quantum number
  nlx, n00:                          20      20  Maximal ml-quantum number
  ndx, (n00+2)*(n00+2)/4:           121     121  Maximal dim. of one k-block

  Actual basis used
  Number of blocks: nb .......:   41
  Number of levels: nt .......: 1771
  Maximal 2*omega : nom ......:   41
  Maximal nz:       nzm ......:   20
  Maximal nr:       nrm ......:   10
  Maximal ml:       nlm ......:   20
  Maximal N=nz+2*nr+nl .......:   20
  2 x biggest block dim. .....:  242
  Non-zero elements of h .....:    65307
  Number of Broyden elements .:   261228

  ---------------------------------------
            Integration Meshes           
  ---------------------------------------
  Number of Gauss-Hermite mesh points ngh ....:  40
  Number of Gauss-Laguerre mesh points ngl ...:  40
  Number of Gauss-Legendre mesh points nleg ..:  80
  Integration boundaries
    Hermite  - from xh(1)  =  0.12379686 to xh(ngh)   = 11.88786356
    Laguerre - From xl(1)  =  0.03570039 to xl(ngl)   =142.28004447
    Legendre - From xleg(1)=  0.00978669 to xleg(nleg)=  0.99988775
  Max.dev.in:     Orthogonality            Normalization
  Hermite     8.1293541708538476E-015   1.0658141036401503E-014
  Laguerre    1.0729051022809037E-014   1.2878587085651816E-014

  Scratch initialization for the nucleus: Ni  62  28


  Initial potentials of Saxon-Woods shape 
  v0ws   =  -71.28000000
  kappa  =    0.46160000
  vs0    =   11.11750000   11.11750000
  r0     =    1.23340000    1.23340000
  a      =    0.61500000    0.61500000
  r0-so  =    1.14430000    1.14430000
  a-so   =    0.64760000    0.64760000
  b2_ws  =    0.00000000
  b3_ws  =    0.00000000
  b4_ws  =    0.00000000

  ### REGULAR STAGE (reflection symmetry imposed)
  towards |hfb+tho> iterations...

  |Preliminary HFB+HO> iterations (b0=  2.000, Nsh= 20)...
  ----------------------------------------------------------------------------------------------------------------------------------
  i          si     mix   beta      Etot       A       rn      rp         En      Dn      Ep      Dp        Ln      Lp     time  time(Gog.)
  ----------------------------------------------------------------------------------------------------------------------------------
   0L 110.04419155 0.30  0.000     0.000000    0.0   0.000   0.000 |   -2.000   1.000  -2.000   1.000 |   -7.000  -7.000   0.000   0.000
   1B  55.21808814 0.20  0.000  -438.898668   90.0   5.301   4.523 | -120.490   0.867 -38.352   0.200 |   -9.050 -32.460  34.605   0.000
   2B  14.44688745 0.22 -0.000  -725.345768   90.0   5.436   4.154 |  -99.991   1.123 -10.155   0.323 |   -1.380 -30.782  34.414   0.000
   3B   2.31726299 0.24  0.000  -760.895057   90.0   5.157   3.904 |  -71.405   1.115  -2.228   0.209 |   -0.539 -29.404  34.335   0.000
   4B   0.89849261 0.27  0.000  -770.753980   90.0   5.061   3.920 |  -65.053   1.173  -1.222   0.202 |   -0.272 -29.312  34.075   0.000
   5B   0.73214370 0.29  0.000  -774.632091   90.0   4.984   3.915 |  -60.725   1.244  -0.708   0.178 |   -0.207 -29.337  34.162   0.000
   6B   0.52261795 0.32  0.000  -777.874164   90.0   4.900   3.920 |  -57.181   1.353  -0.400   0.153 |   -0.142 -29.439  34.345   0.000
   7B   0.29278600 0.35  0.000  -780.439845   90.0   4.816   3.931 |  -55.891   1.516  -0.223   0.121 |   -0.126 -29.693  34.770   0.000
   8B   0.16241594 0.39  0.000  -781.749633   90.0   4.761   3.942 |  -57.652   1.694  -0.123   0.090 |   -0.150 -29.920  34.939   0.000
   9B   0.08548696 0.43  0.000  -782.224838   90.0   4.725   3.952 |  -60.310   1.841  -0.061   0.063 |   -0.188 -30.077  36.545   0.000
  10B   0.03641211 0.47  0.000  -782.280548   90.0   4.707   3.957 |  -62.392   1.936  -0.028   0.044 |   -0.212 -30.162  36.401   0.000
  11B   0.02174183 0.52  0.000  -782.252307   90.0   4.699   3.959 |  -63.048   1.971  -0.016   0.033 |   -0.211 -30.211  36.183   0.000
  12B   0.01497844 0.57  0.000  -782.237303   90.0   4.696   3.959 |  -62.964   1.980  -0.010   0.026 |   -0.205 -30.243  36.281   0.000
  13B   0.01276835 0.63  0.000  -782.244002   90.0   4.694   3.959 |  -62.242   1.971  -0.005   0.018 |   -0.188 -30.255  36.355   0.000
  14B   0.00515300 0.69  0.000  -782.238448   90.0   4.692   3.960 |  -62.129   1.975  -0.002   0.013 |   -0.189 -30.277  36.188   0.000
  15B   0.00348941 0.76  0.000  -782.245313   90.0   4.692   3.959 |  -61.898   1.971  -0.002   0.011 |   -0.186 -30.280  36.246   0.000
  16B   0.00195569 0.84  0.000  -782.249034   90.0   4.692   3.960 |  -61.658   1.968  -0.001   0.006 |   -0.184 -30.282  36.298   0.000
  17B   0.00145835 0.90  0.000  -782.248425   90.0   4.691   3.960 |  -61.630   1.968  -0.000   0.004 |   -0.184 -30.285  36.331   0.000
  18B   0.00109607 0.90  0.000  -782.248774   90.0   4.691   3.960 |  -61.613   1.968  -0.000   0.003 |   -0.183 -30.287  36.300   0.000
  19B   0.00072135 0.90  0.000  -782.248956   90.0   4.691   3.960 |  -61.608   1.968  -0.000   0.002 |   -0.183 -30.288  36.087   0.000
  20B   0.00049169 0.90  0.000  -782.248964   90.0   4.691   3.960 |  -61.610   1.968  -0.000   0.001 |   -0.183 -32.538  36.050   0.000
  21B   0.00026155 0.90  0.000  -782.248876   90.0   4.691   3.960 |  -61.616   1.968  -0.000   0.001 |   -0.183 -32.538  36.245   0.000
  22B   0.00012058 0.90  0.000  -782.248768   90.0   4.691   3.960 |  -61.622   1.968  -0.000   0.000 |   -0.183 -32.538  36.412   0.000
  23B   0.00003075 0.90  0.000  -782.248593   90.0   4.691   3.960 |  -61.632   1.968  -0.000   0.000 |   -0.184 -32.538  36.442   0.000
  24B   0.00001897 0.90  0.000  -782.248587   90.0   4.691   3.960 |  -61.634   1.968  -0.000   0.000 |   -0.184 -32.537  36.606   0.000
  25B   0.00001276 0.90  0.000  -782.248603   90.0   4.691   3.960 |  -61.634   1.968  -0.000   0.000 |   -0.184 -32.537  36.227   0.000
  26B   0.00000546 0.90  0.000  -782.248622   90.0   4.691   3.960 |  -61.633   1.968  -0.000   0.000 |   -0.184 -32.537  36.348   0.000
  27B   0.00000141 0.90  0.000  -782.248629   90.0   4.691   3.960 |  -61.633   1.968  -0.000   0.000 |   -0.184 -32.537  36.289   0.000
  28B   0.00000102 0.90  0.000  -782.248629   90.0   4.691   3.960 |  -61.633   1.968  -0.000   0.000 |   -0.184 -32.537  36.429   0.000
  29B   0.00000079 0.90  0.000  -782.248629   90.0   4.691   3.960 |  -61.633   1.968  -0.000   0.000 |   -0.184 -32.537  36.293   0.000
  30B   0.00000060 0.90  0.000  -782.248630   90.0   4.691   3.960 |  -61.633   1.968  -0.000   0.000 |   -0.184 -32.537  36.440   0.000
  31B   0.00000046 0.90  0.000  -782.248630   90.0   4.691   3.960 |  -61.633   1.968  -0.000   0.000 |   -0.184 -32.537  36.434   0.000
  32B   0.00000032 0.90  0.000  -782.248630   90.0   4.691   3.960 |  -61.633   1.968  -0.000   0.000 |   -0.184 -32.537  36.209   0.000
  33B   0.00000017 0.90  0.000  -782.248630   90.0   4.691   3.960 |  -61.633   1.968  -0.000   0.000 |   -0.184 -32.537  36.507   0.000
  34B   0.00000010 0.90  0.000  -782.248630   90.0   4.691   3.960 |  -61.633   1.968  -0.000   0.000 |   -0.184 -32.537  37.912   0.000
  35B   0.00000007 0.90  0.000  -782.248630   90.0   4.691   3.960 |  -61.633   1.968  -0.000   0.000 |   -0.184 -32.537  37.764   0.000
  36B   0.00000004 0.90  0.000  -782.248630   90.0   4.691   3.960 |  -61.633   1.968  -0.000   0.000 |   -0.184 -32.537  37.986   0.000
  37B   0.00000003 0.90  0.000  -782.248630   90.0   4.691   3.960 |  -61.633   1.968  -0.000   0.000 |   -0.184 -32.537  37.849   0.000
  38B   0.00000002 0.90  0.000  -782.248630   90.0   4.691   3.960 |  -61.633   1.968  -0.000   0.000 |   -0.184 -32.537  37.907   0.000
  39B   0.00000001 0.90  0.000  -782.248629   90.0   4.691   3.960 |  -61.633   1.968  -0.000   0.000 |   -0.184 -32.537  37.857   0.000
  40B   0.00000001 0.90  0.000  -782.248630   90.0   4.691   3.960 |  -61.633   1.968  -0.000   0.000 |   -0.184 -32.537  37.804   0.000
  41B   0.00000000 0.90  0.000  -782.248629   90.0   4.691   3.960 |  -61.633   1.968  -0.000  -0.000 |   -0.184 -32.537  37.762   0.000
  42B   0.00000000 0.90  0.000  -782.248630   90.0   4.691   3.960 |  -61.633   1.968  -0.000  -0.000 |   -0.184 -32.537  37.802   0.000
  43B   0.00000000 0.20  0.000  -782.248630   90.0   4.691   3.960 |  -61.633   1.968  -0.000  -0.000 |   -0.184 -32.537  37.816   0.000
  44B   0.00000000 0.22  0.000  -782.248630   90.0   4.691   3.960 |  -61.633   1.968  -0.000  -0.000 |   -0.184 -32.537  37.987   0.000
  45B   0.00000000 0.20  0.000  -782.248630   90.0   4.691   3.960 |  -61.633   1.968  -0.000  -0.000 |   -0.184 -32.537  37.903   0.000
  46B   0.00000000 0.22  0.000  -782.248630   90.0   4.691   3.960 |  -61.633   1.968  -0.000  -0.000 |   -0.184 -32.537  37.537   0.000
  46N   0.00000000 0.22  0.000  -782.248630   90.0   4.691   3.960 |  -61.633   1.968  -0.000  -0.000 |   -0.184 -32.537  36.136   0.000
  ----------------------------------------------------------------------------------------------------------------------------------
  *   iteration converged   after  46 steps   si=     0.0000000006 ho=  0 tho=  0
  ----------------------------------------------------------------------------------------------------------------------------------
  Total CPU time=  28.530 minutes

  NB! From expect (UNPROJECTED RESULTS)

  pairing: CpV0,CpV1,...        -519.900000    -519.900000       1.000000       1.000000
  forces:   SLY4                          


                             neutrons         protons         total
  Requested part.numbs.      62.000000      28.000000      90.000000
  UnPj(av) part.numbs .      62.000000      28.000000      90.000000
  b0, bz, bp ..........       2.000000       2.000000       2.000000

  lambda (ala) ........      -0.183580     -30.285596
  Lambda (alast) ......      -0.183580     -32.537428
  delta(n,p), pwi .....       1.968370      -0.000000      60.000000
  pairing energy ......     -61.632904      -0.000000     -61.632904

  rms-radius ..........       4.691391       3.959562       4.476550
  charge-radius, r0 ...                      4.027785       5.078598
  deformation beta2....       0.000000       0.000000       0.000000
  dipole moment[fm] ...       0.000000       0.000000       0.000000
  quadrupole moment[b]        0.000000       0.000000       0.000000
  octupole moment .....       0.000000       0.000000       0.000000
  hexadecapole moment .       0.000000       0.000000       0.000000
  q5 ..................       0.000000       0.000000       0.000000
  q6 ..................      -0.000000       0.000000      -0.000000
  q7 ..................       0.000000       0.000000       0.000000
  q8 ..................       0.000000      -0.000000       0.000000

  <Jx^2> from rho .....      42.599023       0.000000      42.599023
  <Jx^2> from kappa ...     -41.906656      -0.000000     -41.906656
  <J^2> = 2*<Jx^2> ....       1.384734       0.000000       1.384734

  kinetic energy ......    1195.715399     434.557418    1630.272817
  volume energy .......                                 -2450.809311
        rho_tau .......                                   525.875802
        rho_rho .......                                 -2976.685113
  surface energy ......                                   161.344261
   rho_DELTA_rho ......                                   161.344261
   (NABLA_rho)^2 ......                                     0.000000
  spin-orbit energy ...                                   -61.423492
        rho_NABLA_J ...                                   -61.423492
        NABLA_rho_J ...                                     0.000000
  coulomb energy ......                                     0.000000
          direct ......                                     0.000000
          exchange ....                                     0.000000
          pairing .....                                     0.000000
  tensor energy .......                                     0.000000
  direct Hartree E  ...                                     0.000000
  Extra E .............                                     0.000000
  External field E ....                                     0.000000
  Entropy .............       0.000000       0.000000       0.000000

  tEnergy: ehfb (qp)...                                  -782.248629

  Calculated but not added corrections
  ====================================
  cmc-diagonal part ...      13.435004       4.882668      18.317672
  cmc-hfb .............       0.000000       0.000000       0.000000
  cranking rot corr ...       0.000000       0.000000       0.000000

  SQUJ ................       0.000000       0.000000       0.000000
  CRAN x 4 ............       0.000000       0.000000       0.000000
  Rigit Body ..........       0.000000       0.000000       0.000000


   Blocking candidates are:
   neutron eqpmin=   2.3482504425603032       pwiblo=   1.0000000000000000     
    num=   1 block=   1 state=   1     1 Eqp=   2.34825044  (1-2N)E=  -0.47240391  overl=   0.44788465  1+[ 4, 0, 0]
    num=   2 block=   3 state=   1   111 Eqp=   2.56974691  (1-2N)E=   0.38160919  overl=   0.49904112  3+[ 4, 0, 2]
    num=   3 block=   1 state=   2     2 Eqp=   2.56974691  (1-2N)E=   0.38160919  overl=   0.35287536  1+[ 4, 1, 1]
    num=   4 block=   5 state=   1   208 Eqp=   3.25024214  (1-2N)E=  -1.83186842  overl=   0.75046705  5+[ 4, 0, 2]
    num=   5 block=   3 state=   2   112 Eqp=   3.25024214  (1-2N)E=  -1.83186842  overl=   0.54806365  3+[ 4, 1, 1]
    num=   6 block=   1 state=   3     3 Eqp=   3.25024214  (1-2N)E=  -1.83186842  overl=   0.47463704  1+[ 4, 4, 0]

   Blocking candidates are:
   proton  eqpmin=   2.2518316068510527       pwiblo=   1.0000000000000000     
    num=   1 block=   8 state=   1   365 Eqp=   2.25183161  (1-2N)E=  -2.25183161  overl=   0.99022073  7-[ 3, 0, 3]
    num=   2 block=   6 state=   1   279 Eqp=   2.25183161  (1-2N)E=  -2.25183161  overl=   0.91676625  5-[ 3, 1, 2]
    num=   3 block=   4 state=   1   179 Eqp=   2.25183161  (1-2N)E=  -2.25183161  overl=   0.74853651  3-[ 3, 2, 1]
    num=   4 block=   2 state=   1    65 Eqp=   2.25183161  (1-2N)E=  -2.25183161  overl=   0.57981389  1-[ 3, 2, 1]
    num=   5 block=   4 state=   2   180 Eqp=   2.46263938  (1-2N)E=   2.46263938  overl=   0.86794872  3-[ 3, 0, 1]
    num=   6 block=   2 state=   2    66 Eqp=   2.46263938  (1-2N)E=   2.46263938  overl=   0.61373242  1-[ 3, 3, 0]


  LST transformation...
                           min.point         neutron density       proton density
   1. Neutron min.point    3.2500000000000000        9.0615011056968415E-003   8.7097614686635109E-004
   2. Protons min.point    3.5400000000000000        4.3960668600805291E-003   1.7857412206037383E-004
      Neutron/Proton decay  0.67681641511563695      /  0.66277578408606885     
      Chosen Case=           1

  Legendre points =            6
  b0, decay=           2.0000000000000000       0.67681641511563695     
  h, hhb=              1.0000000000000000E-002   2.0000000000000000E-002
  rms, rmsit=          4.6913908780076508        5.6913908780076508     
  Rend,   irmax=       40.000000000000000             2000
  HORend, immho=       18.820000000000000              941
  snorm,snorm1=        61.999999999993058        61.842213794696484     
  snorm/snorm1=        1.0025514320334714     
  min:rmm1,/b0=        6.5000000000000000        3.2500000000000000     
  max:rmmmax,/b0=      9.9199999999999999        4.9600000000000000     
  last:rmm2,/b0=       11.040000000000001        5.5200000000000005     
  num:rmm3*b0,rmm3=    14.940000000000000        7.4699999999999998     
  rmmho, rmmho/b0=     18.820000000000000        9.4100000000000001     
  alaex,bex=           10.648974829412783        13.372323855577413     
  aa,bb=               5.0961965046161266        0.0000000000000000     
  L_eff=                           (1.8121843578348433,0.0000000000000000)
  amm3, bmm3=          14.003487835196315        6.6156013332750385     
  cmm3, one/c00=       2.4231397270137123       0.99915096641427903     
  z1mm1,z1mmm=        -1.2741939925196086       -1.1135763537513805     

  |HFB+THO> iterations(b0=  2.000, neutron density decay=  0.677, Nsh= 20)...
  ----------------------------------------------------------------------------------------------------------------------------------
  i          si     mix   beta      Etot       A       rn      rp         En      Dn      Ep      Dp        Ln      Lp     time  time(Gog.)
  ----------------------------------------------------------------------------------------------------------------------------------
  47B  12.13861728 0.20  0.000  -782.456107   90.0   4.688   3.954 |  -61.941   1.983  -0.000  -0.000 |   -0.184 -32.537  36.253   0.000
  48B  12.13758417 0.22  0.000  -782.455854   90.0   4.688   3.954 |  -61.940   1.983  -0.000  -0.000 |   -0.184 -32.537  34.169   0.000
  49B  12.10028354 0.24  0.000  -782.431441   90.0   4.689   3.954 |  -61.964   1.981  -0.002  -0.010 |   -0.185 -32.532  34.221   0.000
  50B  12.03019635 0.27  0.000  -782.723242   90.0   4.689   3.954 |  -62.441   1.987  -0.010  -0.027 |   -0.186 -30.281  34.094   0.000
  51B  12.01511479 0.29  0.000  -782.716761   90.0   4.690   3.954 |  -62.533   1.988  -0.012  -0.029 |   -0.187 -30.280  34.311   0.000
  52B  12.00217570 0.32  0.000  -782.696553   90.0   4.690   3.953 |  -62.763   1.991  -0.011  -0.027 |   -0.189 -30.282  34.324   0.000
  53B  11.94061395 0.35  0.000  -782.629675   90.0   4.691   3.953 |  -63.328   1.999  -0.010  -0.026 |   -0.193 -30.286  34.514   0.000
  54B  11.92370894 0.39  0.000  -782.706415   90.0   4.691   3.953 |  -63.276   1.999  -0.017  -0.034 |   -0.193 -30.280  34.214   0.000
  55B   1.27009773 0.43  0.001  -767.231589   90.0   4.749   3.988 | -129.630   2.948 -16.116  -1.109 |   -0.785 -29.851  34.874   0.000
  56B   1.19157931 0.47  0.001  -768.705319   90.0   4.745   3.987 | -126.927   2.912 -15.649  -1.092 |   -0.770 -29.829  34.657   0.000
  57B   0.95008872 0.52  0.001  -770.887615   90.0   4.751   3.989 | -117.659   2.765 -16.637  -1.126 |   -0.717 -29.815  35.050   0.000
  58B   0.39279564 0.57  0.001  -777.880925   90.0   4.749   3.971 |  -92.026   2.374  -7.621  -0.749 |   -0.548 -29.702  35.180   0.000
  59B   0.29414024 0.63  0.001  -779.732194   90.0   4.766   3.966 |  -80.801   2.168  -6.320  -0.676 |   -0.480 -29.776  35.348   0.000
  60B   0.19773294 0.69  0.000  -781.037494   90.0   4.774   3.959 |  -73.153   2.036  -3.225  -0.479 |   -0.412 -29.872  35.465   0.000
  61B   0.09948090 0.76  0.000  -781.968057   90.0   4.775   3.950 |  -64.058   1.894  -0.404  -0.168 |   -0.313 -30.038  35.619   0.000
  62B   0.07317567 0.84  0.000  -782.151801   90.0   4.762   3.950 |  -61.626   1.877  -0.071  -0.071 |   -0.262 -30.069  34.795   0.000
  63B   0.06455350 0.90  0.000  -782.223658   90.0   4.754   3.951 |  -60.551   1.874  -0.015  -0.033 |   -0.239 -30.091  34.880   0.000
  64B   0.04790884 0.90  0.000  -782.286845   90.0   4.739   3.954 |  -59.342   1.882  -0.000  -0.003 |   -0.212 -30.135  34.967   0.000
  65B   0.01891450 0.90  0.000  -782.289870   90.0   4.728   3.956 |  -58.693   1.897  -0.004   0.017 |   -0.199 -30.179  34.996   0.000
  66B   0.01299227 0.90  0.000  -782.275868   90.0   4.720   3.958 |  -58.762   1.913  -0.004   0.017 |   -0.197 -30.204  34.849   0.000
  67B   0.00616693 0.90  0.000  -782.267342   90.0   4.719   3.958 |  -58.888   1.919  -0.002   0.012 |   -0.198 -30.215  34.919   0.000
  68B   0.00343156 0.90  0.000  -782.267154   90.0   4.718   3.958 |  -58.888   1.919  -0.001   0.009 |   -0.199 -30.221  34.736   0.000
  69B   0.00211925 0.90  0.000  -782.270242   90.0   4.718   3.958 |  -58.799   1.918  -0.000   0.005 |   -0.199 -30.232  34.872   0.000
  70B   0.00157298 0.90  0.000  -782.273400   90.0   4.718   3.958 |  -58.675   1.916  -0.000   0.004 |   -0.197 -30.247  35.046   0.000
  71B   0.00108806 0.90  0.000  -782.274200   90.0   4.718   3.958 |  -58.645   1.915  -0.000   0.003 |   -0.197 -30.251  34.534   0.000
  72B   0.00063954 0.90  0.000  -782.274135   90.0   4.717   3.958 |  -58.608   1.915  -0.000   0.002 |   -0.196 -30.252  35.311   0.000
  73B   0.00030055 0.90  0.000  -782.274066   90.0   4.717   3.958 |  -58.590   1.915  -0.000   0.001 |   -0.196 -32.508  35.215   0.000
  74B   0.00018007 0.90  0.000  -782.273903   90.0   4.717   3.958 |  -58.586   1.915  -0.000   0.000 |   -0.196 -32.509  35.078   0.000
  75B   0.00016855 0.90  0.000  -782.273876   90.0   4.717   3.958 |  -58.589   1.915  -0.000   0.000 |   -0.196 -32.509  35.309   0.000
  76B   0.00008622 0.90  0.000  -782.273925   90.0   4.717   3.958 |  -58.591   1.915  -0.000   0.000 |   -0.196 -32.509  35.027   0.000
  77B   0.00008279 0.90  0.000  -782.273924   90.0   4.717   3.958 |  -58.592   1.915  -0.000   0.000 |   -0.196 -32.509  35.156   0.000
  78B   0.00007109 0.90  0.000  -782.273918   90.0   4.717   3.958 |  -58.593   1.915  -0.000   0.000 |   -0.196 -32.509  35.053   0.000
  79B   0.00006583 0.90  0.000  -782.273908   90.0   4.717   3.958 |  -58.593   1.915  -0.000   0.000 |   -0.196 -32.509  35.023   0.000
  80B   0.00005437 0.90  0.000  -782.273901   90.0   4.717   3.958 |  -58.593   1.915  -0.000  -0.000 |   -0.196 -32.509  34.991   0.000
  81B   0.00003027 0.90  0.000  -782.273902   90.0   4.717   3.958 |  -58.594   1.915  -0.000  -0.000 |   -0.196 -32.509  34.673   0.000
  82B   0.00002350 0.90  0.000  -782.273902   90.0   4.717   3.958 |  -58.593   1.915  -0.000  -0.000 |   -0.196 -32.509  35.140   0.000
  83B   0.00001548 0.90  0.000  -782.273903   90.0   4.717   3.958 |  -58.593   1.915  -0.000  -0.000 |   -0.196 -32.509  34.638   0.000
  84B   0.00000892 0.90  0.000  -782.273907   90.0   4.717   3.958 |  -58.593   1.915  -0.000  -0.000 |   -0.196 -32.509  34.842   0.000
  85B   0.00000698 0.90  0.000  -782.273909   90.0   4.717   3.958 |  -58.593   1.915  -0.000  -0.000 |   -0.196 -32.509  34.978   0.000
  86B   0.00000537 0.90  0.000  -782.273909   90.0   4.717   3.958 |  -58.593   1.915  -0.000  -0.000 |   -0.196 -32.509  35.135   0.000
  87B   0.00000362 0.90  0.000  -782.273909   90.0   4.717   3.958 |  -58.593   1.915  -0.000  -0.000 |   -0.196 -32.509  34.928   0.000
  88B   0.00000214 0.90  0.000  -782.273908   90.0   4.717   3.958 |  -58.593   1.915  -0.000  -0.000 |   -0.196 -32.509  34.617   0.000
  89B   0.00000105 0.90  0.000  -782.273908   90.0   4.717   3.958 |  -58.593   1.915  -0.000  -0.000 |   -0.196 -32.509  34.657   0.000
  90B   0.00000101 0.90  0.000  -782.273907   90.0   4.717   3.958 |  -58.593   1.915  -0.000  -0.000 |   -0.196 -32.509  35.656   0.000
  91B   0.00000070 0.90  0.000  -782.273907   90.0   4.717   3.958 |  -58.593   1.915  -0.000  -0.000 |   -0.196 -32.509  35.748   0.000
  92B   0.00000076 0.20  0.000  -782.273907   90.0   4.717   3.958 |  -58.593   1.915  -0.000  -0.000 |   -0.196 -32.509  35.285   0.000
  93B   0.00000058 0.22  0.000  -782.273907   90.0   4.717   3.958 |  -58.593   1.915  -0.000  -0.000 |   -0.196 -32.509  35.318   0.000
  94B   0.00000045 0.24  0.000  -782.273907   90.0   4.717   3.958 |  -58.593   1.915  -0.000   0.000 |   -0.196 -32.509  35.823   0.000
  95B   0.00000027 0.27  0.000  -782.273907   90.0   4.717   3.958 |  -58.593   1.915  -0.000   0.000 |   -0.196 -32.509  34.739   0.000
  96B   0.00000019 0.29  0.000  -782.273907   90.0   4.717   3.958 |  -58.593   1.915  -0.000   0.000 |   -0.196 -32.509  37.087   0.000
  97B   0.00000011 0.32  0.000  -782.273907   90.0   4.717   3.958 |  -58.593   1.915  -0.000   0.000 |   -0.196 -32.509  35.662   0.000
  98B   0.00000009 0.35  0.000  -782.273907   90.0   4.717   3.958 |  -58.593   1.915  -0.000   0.000 |   -0.196 -32.509  36.327   0.000
  99B   0.00000006 0.39  0.000  -782.273907   90.0   4.717   3.958 |  -58.593   1.915  -0.000   0.000 |   -0.196 -32.509  36.431   0.000
 100B   0.00000002 0.43  0.000  -782.273907   90.0   4.717   3.958 |  -58.593   1.915  -0.000   0.000 |   -0.196 -32.509  36.256   0.000
 100N   0.00000002 0.43  0.000  -782.273907   90.0   4.717   3.958 |  -58.593   1.915  -0.000  -0.000 |   -0.196 -32.509  35.880   0.000
  ----------------------------------------------------------------------------------------------------------------------------------
  *   iterations limit interrupt after 100 steps   si=     0.0000000191 ho=  0 tho= -1
  ----------------------------------------------------------------------------------------------------------------------------------
  Total CPU time=  32.181 minutes

  NB! From expect (UNPROJECTED RESULTS)

  hfb decay const. ass        0.597743       0.664114
  pairing: CpV0,CpV1,...        -519.900000    -519.900000       1.000000       1.000000
  forces:   SLY4                          


                             neutrons         protons         total
  Requested part.numbs.      62.000000      28.000000      90.000000
  UnPj(av) part.numbs .      62.000000      28.000000      90.000000
  b0, bz, bp ..........       2.000000       2.000000       2.000000

  lambda (ala) ........      -0.195904     -30.247915
  Lambda (alast) ......      -0.195904     -32.508847
  delta(n,p), pwi .....       1.915093      -0.000000      60.000000
  pairing energy ......     -58.593263      -0.000000     -58.593263

  rms-radius ..........       4.717331       3.958013       4.494866
  charge-radius, r0 ...                      4.026262       5.078598
  deformation beta2....       0.000005       0.000008       0.000005
  dipole moment[fm] ...       0.000000       0.000000       0.000000
  quadrupole moment[b]        0.000081       0.000044       0.000124
  octupole moment .....       0.000000       0.000000       0.000000
  hexadecapole moment .      -0.000013      -0.000004      -0.000017
  q5 ..................       0.000000       0.000000       0.000000
  q6 ..................       0.000007       0.000001       0.000008
  q7 ..................       0.000000       0.000000       0.000000
  q8 ..................      -0.000007      -0.000000      -0.000008

  <Jx^2> from rho .....      40.731992       0.000000      40.731992
  <Jx^2> from kappa ...     -40.138935      -0.000000     -40.138935
  <J^2> = 2*<Jx^2> ....       1.186114       0.000000       1.186114

  kinetic energy ......    1190.962911     434.904358    1625.867268
  volume energy .......                                 -2449.557658
        rho_tau .......                                   525.341020
        rho_rho .......                                 -2974.898678
  surface energy ......                                   161.600597
   rho_DELTA_rho ......                                   161.600597
   (NABLA_rho)^2 ......                                     0.000000
  spin-orbit energy ...                                   -61.590852
        rho_NABLA_J ...                                   -61.590852
        NABLA_rho_J ...                                     0.000000
  coulomb energy ......                                     0.000000
          direct ......                                     0.000000
          exchange ....                                     0.000000
          pairing .....                                     0.000000
  tensor energy .......                                     0.000000
  direct Hartree E  ...                                     0.000000
  Extra E .............                                     0.000000
  External field E ....                                     0.000000
  Entropy .............       0.000000       0.000000       0.000000

  tEnergy: ehfb (qp)...                                  -782.273907

  Calculated but not added corrections
  ====================================
  cmc-diagonal part ...      13.381606       4.886566      18.268172
  cmc-hfb .............       0.000000       0.000000       0.000000
  cranking rot corr ...       0.000000       0.000000       0.000000

  SQUJ ................       0.000000       0.000000       0.000000
  CRAN x 4 ............       0.000000       0.000000       0.000000
  Rigit Body ..........       0.000000       0.000000       0.000000


   Blocking candidates are:
   neutron eqpmin=   1.8316053163538206       pwiblo=   1.0000000000000000     
    num=   1 block=   1 state=   1     1 Eqp=   1.83160532  (1-2N)E=   0.35344741  overl=   0.34065349  1+[ 4, 0, 0]
    num=   2 block=   3 state=   1   118 Eqp=   2.21917157  (1-2N)E=   0.71603608  overl=   0.40274463  3+[ 4, 0, 2]
    num=   3 block=   1 state=   2     2 Eqp=   2.21917399  (1-2N)E=   0.71597763  overl=   0.28477207  1+[ 4, 1, 1]
    num=   4 block=   2 state=   1    60 Eqp=   2.25390398  (1-2N)E=   2.07872004  overl=   0.17522675  1-[13, 0, 1]
    num=   5 block=   4 state=   1   170 Eqp=   2.25390426  (1-2N)E=   2.07871758  overl=   0.30350210  3-[13, 0, 1]
    num=   6 block=   2 state=   2    61 Eqp=   2.33309061  (1-2N)E=   2.18570984  overl=   0.25233757  1-[13, 0, 1]

   Blocking candidates are:
   proton  eqpmin=   2.2609312735917944       pwiblo=   1.0000000000000000     
    num=   1 block=   8 state=   1   373 Eqp=   2.26093127  (1-2N)E=  -2.26093127  overl=   0.99005060  7-[ 3, 0, 3]
    num=   2 block=   4 state=   1   183 Eqp=   2.26109314  (1-2N)E=  -2.26109314  overl=   0.74841592  3-[ 3, 2, 1]
    num=   3 block=   2 state=   1    67 Eqp=   2.26109413  (1-2N)E=  -2.26109413  overl=   0.57971964  1-[ 3, 2, 1]
    num=   4 block=   6 state=   1   285 Eqp=   2.26111406  (1-2N)E=  -2.26111406  overl=   0.91661498  5-[ 3, 1, 2]
    num=   5 block=   2 state=   2    68 Eqp=   2.46580192  (1-2N)E=   2.46580192  overl=   0.61330780  1-[ 3, 3, 0]
    num=   6 block=   4 state=   2   184 Eqp=   2.46593622  (1-2N)E=   2.46593622  overl=   0.86735222  3-[ 3, 0, 1]



 HFBTHO_SOLVER ended without errors

