Distributed parallelism with MPI     : 1 tasks/HFBTHO
Multi-threading framework with OpenMP: 4 threads/task

  ==========================================
           FORTRAN 95 CODE (KIND= 8) 
 git: parent: 3cae9cc3ec7a0c93cd724b300dc0d972f613f33e
  ==========================================
       AXIALLY DEFORMED CONFIGURATIONAL     
     HARTREE-FOCK-BOGOLIUBOV CALCULATIONS   
                     WITH                   
      SKYRME+DELTA PAIRING OR GOGNY EDFs    
                  USING THE                 
             HARMONIC-OSCILLATOR            
                    AND/OR                  
        TRANSFORMED HARMONIC-OSCILLATOR     
                    BASIS                   
                     ---                    
                v1.66  (2005)               
    Stoitsov, Dobaczewski, Nazarewicz, Ring 
                v2.00d (2012)               
        Stoitsov, Schunck, Kortelainen      
                v3.00  (2016)               
            Schunck, Navarro Perez          
  ==========================================
    Nucleus: Cr (A=  50, N= 26, Z= 24)
      No Reflection Symmetry Imposed     
            (10/12/2021,  8: 2)                               
  ==========================================


  ---------------------------------------
           UNEDF Module Version: 17
         M.Kortelainen & M.Stoitsov 
  ---------------------------------------

  SLY5 functional
  ----------------------------------------
  Crho(0)=   -931.293749999999932    ; Crho(1)=    792.220550000000003    
  CDrho(0)=   859.812500000000000    ; CDrho(1)=  -1010.56629166666653    
  Ctau(0)=    56.0000000000000000    ; Ctau(1)=    23.7163637500000029    
  CrDr(0)=   -76.7931250000000034    ; CrDr(1)=    17.0058521875000004    
  CrdJ(0)=   -93.7500000000000000    ; CrdJ(1)=   -31.2500000000000000    
  CJ(0)=      14.6588637499999948    ; CJ(1)=      65.0575000000000045    
  CpV0(0)=   -190.000000000000000    ; CpV0(1)=   -190.000000000000000    
  CpV1(0)=    0.00000000000000000    ; CpV1(1)=    0.00000000000000000    
  sigma=     0.166666666666666657    ; hbzero=     20.7355300000000007    
  functional has DME couplings: F
  use 3-Nucleon DME couplings: F
  e^2 chrg=   1.43997840859651349    ; CExPar=     1.00000000000000000    
  c.m. correction: T, chr. density in direct Coul: F
  use tensor terms: T

  Coupling constants in natural units
  ----------------------------------------
  Crho_nu(0)=   -1.04874844457647920    ; Crho_nu(1)=   0.892135343519725010    
  CDrho_nu(0)=  0.930612416822076960    ; CDrho_nu(1)=  -1.09377979390488100    
  Ctau_nu(0)=   0.793806366792731311    ; Ctau_nu(1)=   0.336182152534327483    
  CrDr_nu(0)=   -1.08855127769482274    ; CrDr_nu(1)=   0.241059888199528560    
  CrdJ_nu(0)=   -1.32891690869318868    ; CrdJ_nu(1)=  -0.442972302897729542    
  CJ_nu(0)=     0.207791060262449451    ; CJ_nu(1)=     0.922197459064609260    
  CpV0_nu(0)=  -0.213962785071338729    ; CpV0_nu(1)=  -0.213962785071338729    
  CpV1_nu(0)=    0.00000000000000000    ; CpV1_nu(1)=    0.00000000000000000    
  fpi_nu=        93.0000000000000000    ; Lambda_nu=     700.000000000000000    

  Nuclear matter properties
  ----------------------------------------
  E_NM=      -15.9843259547113412    ; K_NM=        229.905998768288782    
  P_NM=      0.488548706729196867E-15; RHO_NM=     0.160573718963025164    
  ASS_NM=     32.0099875506415614    ; LASS_NM=     48.1461992412703239    
  SMASS_NM=   1.43365799002626937    ; VMASS_NM=    1.25000101440918243    

  Associated (t,x)-coupling constants
  ----------------------------------------
  t0=      -2483.44999999999982    ; x0=       0.776000000000000023    
  t1=       484.230000000000018    ; x1=      -0.317000000000000004    
  t2=      -556.690000000000055    ; x2=       -1.00000000000000000    
  t3=       13757.0000000000000    ; x3=        1.26299999999999968    
  b4=       62.5000000000000000    ; b4p=       62.5000000000000000    
  te=     -0.757912251477440188E-14; to=      -0.378956125738720094E-14
  sigma=   0.166666666666666657    ; hbzero=    20.7355300000000007    

  ---------------------------------------
        Characteristics of the run       
  ---------------------------------------
  Output file ................:    57
  Nucleus ....................:   Cr  50
  Number of HO shells ........:     8
  HO length b0 (fm) ..........:     1.76218574619868
  Basis deformation ..........:  beta0=   0.000 q=   1.000
  HO: b0,1/b0,bp,bz,q ........:   0.17621857E+01  0.56747707E+00  0.17621857E+01  0.17621857E+01  0.10000000E+01
  h**2/(2m_n), cmc, e**2 .....:   0.20735530E+02  0.20320819E+02  0.14399784E+01
  h**2/(2m_p), cmc, e**2 .....:   0.20735530E+02  0.20320819E+02  0.14399784E+01
  hom=f*41.0_pr*A^{-1/3}, f...:   0.13354935E+02  0.12000000E+01
  THO basis is ...............:  OFF
  Maximal number of iterations:   200
  Initial mixing parameter ...:  0.300
  Initial wave functions from :  tape
  Energy functional ..........:    SLY5                          
    without Coulomb forces
  Pairing cutoff energy ......:    60.00 MeV
  Lipkin-Nogami procedure is .:  OFF
  PAV procedure is ...........:  OFF
  Constraint calculation is ..:   ON
    Constraint 1 .............: lambda=1 Ql=   0.000
    Constraint 2 .............: lambda=2 Ql=   1.000
    Constraint 3 .............: lambda=3 Ql=   0.000
    Constraint 4 .............: lambda=4 Ql=   0.000
    Constraint 5 .............: lambda=5 Ql=   0.000
    Constraint 6 .............: lambda=6 Ql=   0.000
    Constraint 7 .............: lambda=7 Ql=   0.000
    Constraint 8 .............: lambda=8 Ql=   0.000
  Temperature T ..............:   0.00 MeV
  Pairing regularization is ..:  OFF
  Collective inertia is ......:  OFF
  Fission fragments are ......:  OFF
  Restart indicator ..........:  -1
  Broyden mixing (#iterations):   7

  ---------------------------------------
        Harmonic Oscillator Basis        
  ---------------------------------------
  NUV, NQP:                        4917     165
  Comparison with bookkeeping spherical basis:
  n00:                                8       8  Maximal number of shells
  nbx, 2*n00+1:                       9      17  Maximal number of K-blocks
  ntx, (n00+1)*(n00+2)*(n00+3)/6    165     165  Max.num. p/n levels
  nzx, n00:                           8       8  Maximal nz-quantum number
  nrx, n00/2  :                       4       4  Maximal nr-quantum number
  nlx, n00:                           8       8  Maximal ml-quantum number
  ndx, (n00+2)*(n00+2)/4:            45      25  Maximal dim. of one k-block

  Actual basis used
  Number of blocks: nb .......:    9
  Number of levels: nt .......:  165
  Maximal 2*omega : nom ......:   17
  Maximal nz:       nzm ......:    8
  Maximal nr:       nrm ......:    4
  Maximal ml:       nlm ......:    8
  Maximal N=nz+2*nr+nl .......:    8
  2 x biggest block dim. .....:   90
  Non-zero elements of h .....:     2541
  Number of Broyden elements .:    10164

  ---------------------------------------
            Integration Meshes           
  ---------------------------------------
  Number of Gauss-Hermite mesh points ngh ....:  80
  Number of Gauss-Laguerre mesh points ngl ...:  40
  Number of Gauss-Legendre mesh points nleg ..:  40
  Integration boundaries
    Hermite  - from xh(1)  =-11.88786356 to xh(ngh)   = 11.88786356
    Laguerre - From xl(1)  =  0.03570039 to xl(ngl)   =142.28004447
    Legendre - From xleg(1)=  0.01951138 to xleg(nleg)=  0.99955382
  Max.dev.in:     Orthogonality            Normalization
  Hermite     6.8067426511760289E-016   6.3282712403633923E-015
  Laguerre    3.9269815531613043E-015   7.9936057773011271E-015

  Scratch initialization for the nucleus: Cr  26  24


  Initial potentials of Saxon-Woods shape 
  v0ws   =  -71.28000000
  kappa  =    0.46160000
  vs0    =   11.11750000   11.11750000
  r0     =    1.23340000    1.23340000
  a      =    0.61500000    0.61500000
  r0-so  =    1.14430000    1.14430000
  a-so   =    0.64760000    0.64760000
  b2_ws  =    0.10000000
  b3_ws  =    0.00000000
  b4_ws  =    0.00000000

  ### REGULAR STAGE (no reflection symmetry imposed)
  |HFB+HO> iterations(b0=  1.762, Nsh=  8, inin=  1, N= 26, Z= 24)...
  ----------------------------------------------------------------------------------------------------------------------------------
  i          si     mix   beta      Etot       A       rn      rp         En      Dn      Ep      Dp        Ln      Lp     time  time(Gog.)
  ----------------------------------------------------------------------------------------------------------------------------------
   0L  60.04789105 0.30  0.000     0.000000    0.0   0.000   0.000 |   -2.000   1.000  -2.000   1.000 |   -7.000  -7.000   0.000   0.000
   1B  67.99769257 0.20  0.104  -323.171875   50.0   3.263   3.205 |   -0.516   0.415  -0.673   0.507 |  -17.722 -20.756   0.268   0.000
   2B  77.88176442 0.20  0.201  -514.359230   50.0   3.600   3.552 |   -0.519   0.420  -0.877   0.552 |  -11.537 -14.419   0.269   0.000
   3B  79.12522450 0.20  0.112  -529.005271   50.0   3.555   3.512 |   -1.207   0.630  -1.910   0.809 |  -11.648 -14.202   0.255   0.000
   4B  31.73815227 0.22  0.111  -530.762190   50.0   3.554   3.511 |   -1.362   0.676  -2.264   0.885 |  -11.805 -14.418   0.252   0.000
   5B   9.67480600 0.24  0.114  -530.979863   50.0   3.554   3.511 |   -1.526   0.719  -2.606   0.956 |  -11.879 -14.595   0.254   0.000
   6B   5.38591661 0.27  0.122  -531.186831   50.0   3.555   3.512 |   -1.596   0.737  -2.800   0.997 |  -11.879 -14.701   0.250   0.000
   7B   2.48041103 0.29  0.130  -531.370956   50.0   3.556   3.513 |   -1.736   0.773  -3.126   1.060 |  -11.859 -14.788   0.252   0.000
   8B   1.20896331 0.32  0.127  -531.335772   50.0   3.556   3.512 |   -1.833   0.795  -3.288   1.089 |  -11.860 -14.762   0.249   0.000
   9B   0.37689194 0.35  0.127  -531.352524   50.0   3.556   3.512 |   -1.902   0.811  -3.413   1.112 |  -11.854 -14.764   0.253   0.000
  10B   0.57203812 0.20  0.126  -531.357899   50.0   3.555   3.512 |   -2.085   0.852  -3.715   1.164 |  -11.839 -14.755   0.250   0.000
  11B   0.31066546 0.22  0.127  -531.373947   50.0   3.555   3.512 |   -2.258   0.890  -3.975   1.208 |  -11.817 -14.755   0.251   0.000
  12B   0.29678355 0.24  0.127  -531.371264   50.0   3.556   3.512 |   -2.310   0.900  -4.019   1.215 |  -11.814 -14.753   0.253   0.000
  13B   0.07461788 0.27  0.127  -531.371415   50.0   3.556   3.512 |   -2.328   0.904  -4.039   1.218 |  -11.811 -14.753   0.252   0.000
  14B   0.04519005 0.29  0.127  -531.370514   50.0   3.556   3.512 |   -2.341   0.907  -4.034   1.217 |  -11.810 -14.753   0.251   0.000
  15B   0.01790570 0.32  0.127  -531.370774   50.0   3.556   3.512 |   -2.348   0.908  -4.030   1.217 |  -11.810 -14.754   0.253   0.000
  16B   0.01040323 0.35  0.127  -531.370818   50.0   3.556   3.512 |   -2.363   0.911  -4.024   1.216 |  -11.808 -14.754   0.250   0.000
  17B   0.00315339 0.39  0.127  -531.370655   50.0   3.556   3.512 |   -2.367   0.912  -4.022   1.215 |  -11.808 -14.754   0.248   0.000
  18B   0.00060431 0.43  0.127  -531.370629   50.0   3.556   3.512 |   -2.368   0.912  -4.022   1.215 |  -11.808 -14.754   0.253   0.000
  19B   0.00040855 0.47  0.127  -531.370621   50.0   3.556   3.512 |   -2.368   0.913  -4.022   1.215 |  -11.807 -14.754   0.254   0.000
  20B   0.00131114 0.20  0.127  -531.370615   50.0   3.556   3.512 |   -2.368   0.913  -4.021   1.215 |  -11.807 -14.754   0.252   0.000
  21B   0.00051542 0.22  0.127  -531.370618   50.0   3.556   3.512 |   -2.368   0.913  -4.021   1.215 |  -11.807 -14.754   0.253   0.000
  22B   0.00045693 0.24  0.127  -531.370613   50.0   3.556   3.512 |   -2.368   0.913  -4.021   1.215 |  -11.807 -14.754   0.254   0.000
  23B   0.00011697 0.27  0.127  -531.370614   50.0   3.556   3.512 |   -2.368   0.913  -4.021   1.215 |  -11.807 -14.754   0.246   0.000
  24B   0.00002668 0.29  0.127  -531.370614   50.0   3.556   3.512 |   -2.368   0.913  -4.021   1.215 |  -11.807 -14.754   0.247   0.000
  25B   0.00001146 0.32  0.127  -531.370615   50.0   3.556   3.512 |   -2.368   0.913  -4.021   1.215 |  -11.807 -14.754   0.252   0.000
  26B   0.00000427 0.35  0.127  -531.370615   50.0   3.556   3.512 |   -2.368   0.913  -4.021   1.215 |  -11.807 -14.754   0.251   0.000
  27B   0.00000083 0.39  0.127  -531.370615   50.0   3.556   3.512 |   -2.368   0.913  -4.021   1.215 |  -11.807 -14.754   0.251   0.000
  28B   0.00000023 0.43  0.127  -531.370615   50.0   3.556   3.512 |   -2.368   0.913  -4.021   1.215 |  -11.807 -14.754   0.247   0.000
  29B   0.00000018 0.47  0.127  -531.370615   50.0   3.556   3.512 |   -2.368   0.913  -4.021   1.215 |  -11.807 -14.754   0.254   0.000
  30B   0.00000005 0.52  0.127  -531.370615   50.0   3.556   3.512 |   -2.368   0.913  -4.021   1.215 |  -11.807 -14.754   0.250   0.000
  30N   0.00000005 0.52  0.127  -531.370615   50.0   3.556   3.512 |   -2.368   0.913  -4.021   1.215 |  -11.807 -14.754   0.255   0.000
  ----------------------------------------------------------------------------------------------------------------------------------
  *   iteration converged   after  30 steps   si=     0.0000000457 ho=  0 tho=  0
  ----------------------------------------------------------------------------------------------------------------------------------
  Total CPU time=   0.130 minutes

  NB! From expect (UNPROJECTED RESULTS)

  pairing: CpV0,CpV1,...        -190.000000    -190.000000       0.000000       0.000000
  forces:   SLY5                          


                             neutrons         protons         total
  Requested part.numbs.      26.000000      24.000000      50.000000
  UnPj(av) part.numbs .      26.000000      24.000000      50.000000
  b0, bz, bp ..........       1.762186       1.762186       1.762186

  lambda (ala) ........     -11.807457     -14.753804
  Lambda (alast) ......     -11.807457     -14.753804
  delta(n,p), pwi .....       0.912523       1.215263      60.000000
  pairing energy ......      -2.368012      -4.020984      -6.388996

  rms-radius ..........       3.555571       3.511981       3.534715
  charge-radius, r0 ...                      3.606970       4.420838
  deformation beta2....       0.127219       0.126514       0.126885
  dipole moment[fm] ...       0.000000       0.000000       0.000000
  quadrupole moment[b]        0.527540       0.472460       1.000000
  octupole moment .....       0.000000      -0.000000      -0.000000
  hexadecapole moment .      -0.000725       0.000725      -0.000000
  q5 ..................       0.000000       0.000000       0.000000
  q6 ..................       0.000013      -0.000013       0.000000
  q7 ..................       0.000000      -0.000000      -0.000000
  q8 ..................       0.000002      -0.000002       0.000000

  <Jx^2> from rho .....       5.077332       8.213104      13.290437
  <Jx^2> from kappa ...      -3.344317      -6.866383     -10.210701
  <J^2> = 2*<Jx^2> ....       3.466030       2.693442       6.159472

  kinetic energy ......     471.845638     422.580652     894.426290
  volume energy .......                                 -1528.257524
        rho_tau .......                                   270.222504
        rho_rho .......                                 -1798.480028
  surface energy ......                                   149.005637
   rho_DELTA_rho ......                                   149.005637
   (NABLA_rho)^2 ......                                     0.000000
  spin-orbit energy ...                                   -41.307011
        rho_NABLA_J ...                                   -41.307011
        NABLA_rho_J ...                                     0.000000
  coulomb energy ......                                     0.000000
          direct ......                                     0.000000
          exchange ....                                     0.000000
          pairing .....                                     0.000000
  tensor energy .......                                     1.150990
  direct Hartree E  ...                                     0.000000
  Extra E .............                                     0.000000
  External field E ....                                     0.000000
  Entropy .............       0.000000       0.000000       0.000000

  tEnergy: ehfb (qp)...                                  -531.370615

  Calculated but not added corrections
  ====================================
  cmc-diagonal part ...       9.629503       8.624095      18.253598
  cmc-hfb .............       0.000000       0.000000       0.000000
  cranking rot corr ...       0.000000       0.000000       0.000000

  SQUJ ................       0.000000       0.000000       0.000000
  CRAN x 4 ............       0.000000       0.000000       0.000000
  Rigit Body ..........       0.000000       0.000000       0.000000


   Blocking candidates are:
   neutron eqpmin=  0.99956421547855390       pwiblo=   1.0000000000000000     
    num=   1 block=   4 state=   1    95 Eqp=   0.99956422  (1-2N)E=   0.45057130  overl=   0.83556211  7-[ 3, 0, 3]
    num=   2 block=   3 state=   1    71 Eqp=   1.10503079  (1-2N)E=  -0.67803591  overl=   0.84116334  5-[ 3, 1, 2]
    num=   3 block=   2 state=   1    40 Eqp=   1.68353866  (1-2N)E=  -1.46091232  overl=   0.79679020  3-[ 3, 2, 1]

   Blocking candidates are:
   proton  eqpmin=   1.1531260112043842       pwiblo=   1.0000000000000000     
    num=   1 block=   3 state=   1    73 Eqp=   1.15312601  (1-2N)E=   0.16562304  overl=   0.70617063  5-[ 3, 1, 2]
    num=   2 block=   2 state=   1    41 Eqp=   1.26317333  (1-2N)E=  -0.47739056  overl=   0.68600342  3-[ 3, 2, 1]
    num=   3 block=   1 state=   1     1 Eqp=   1.41160293  (1-2N)E=  -0.78421984  overl=   0.52798078  1-[ 3, 3, 0]
    num=   4 block=   4 state=   1    98 Eqp=   1.77908323  (1-2N)E=   1.43781145  overl=   0.93438989  7-[ 3, 0, 3]



 HFBTHO_SOLVER ended without errors

