              ====================================================
              Restoration of broken symmetries module, HFBTHO code
              ====================================================
  Number of oscillator shells:                 8
  Basis deformation beta0:                 0.000
  ---
  Angular momentum projection is on.
  Number of rotational angles given:          30
  Number of rotational angles considered:     30
  Number of rotational angles calculated:     15
  Maximal angular momentum considered:        10
  ---
  Particle number projection is off.
  ---
  Parity enforced:                             T
  Energy functional:                        SLY5                          
  ============================================================================
  =================       Mesh in rotational angle beta      =================
  ============================================================================
   ibet    angle  active      overlap neutrons            overlap protons
   ---    -------  ---     -----------------------     -----------------------
    1    1.564793   1    0.360425806 -0.000000000i   0.446518404  0.000000000i
    2    1.539428   1    0.360796435  0.000000000i   0.446897940 -0.000000000i
    3    1.494827   1    0.362670147 -0.000000000i   0.448814655  0.000000000i
    4    1.432565   1    0.367906115 -0.000000000i   0.454153076 -0.000000000i
    5    1.354602   1    0.378827547 -0.000000000i   0.465206772  0.000000000i
    6    1.263037   1    0.398000139 -0.000000000i   0.484360291 -0.000000000i
    7    1.159931   1    0.428038030 -0.000000000i   0.513782086  0.000000000i
    8    1.047198   1    0.471335274 -0.000000000i   0.555088769 -0.000000000i
    9    0.926549   1    0.529567206  0.000000000i   0.608912016  0.000000000i
   10    0.799486   1    0.602857385  0.000000000i   0.674340962  0.000000000i
   11    0.667315   1    0.688695503 -0.000000000i   0.748330917  0.000000000i
   12    0.531182   1    0.780992666  0.000000000i   0.825327478 -0.000000000i
   13    0.392114   1    0.869925356 -0.000000000i   0.897462467 -0.000000000i
   14    0.251112   1    0.943189409  0.000000000i   0.955609102  0.000000000i
   15    0.109634   1    0.988772005 -0.000000000i   0.991271762 -0.000000000i
                   ---
                   15
  ============================================================================
  =============     Angular momentum content of an HFB state     =============
  ============================================================================
                      J          |cJ|^2       partial sum
                     ---        --------       ----------
                      0        0.3557173        0.3557173
                      2        0.4822501        0.8379674
                      4        0.1394454        0.9774128
                      6        0.0206106        0.9980234
                      8        0.0018591        0.9998824
                     10        0.0001124        0.9999948
                                                ---------
                                                0.9999948
  ============================================================================
  ====================     Symmetry-projected energies    ====================
  ============================================================================
            ----------
           | J =    0 |
            ----------
  rms-radius ..........       3.555220       3.504003       3.530657
  charge-radius, r0 ...                      3.598981       4.420838
  delta(n,p) ..........       1.017811       1.303128
  kinetic energy ......     475.811944     418.693797     894.505741
  pairing energy ......      -2.848138      -4.507887      -7.356025
  volume energy .......                                 -1528.163153
        rho_tau .......                                   269.775424
        rho_rho .......                                 -1797.938577
  surface energy ......                                   149.166859
   rho_DELTA_rho ......                                   149.166859
  spin-orbit energy ...                                   -42.039341
        rho_NABLA_J ...                                   -42.039341
  coulomb energy ......                                     0.000000
          direct ......                                     0.000000
          exchange ....                                     0.000000
  tensor energy .......                                     1.213084
  time-odd terms ......                                     0.364882
             s_s ------                                     0.251440
             s_s (DD) -                                    -0.432476
             j_j .....-                                     0.287586
             s_Ds -----                                     0.111281
             j_Vxs ----                                     0.137866
             s_T ------                                     0.009186
  Projected Energy ....                                  -532.307952
            ----------
           | J =    2 |
            ----------
  rms-radius ..........       3.555061       3.513696       3.534492
  charge-radius, r0 ...                      3.608704       4.420838
  delta(n,p) ..........       0.885823       1.194381
  kinetic energy ......     470.365796     423.401221     893.767017
  pairing energy ......      -2.241079      -3.891686      -6.132765
  volume energy .......                                 -1527.675120
        rho_tau .......                                   270.104197
        rho_rho .......                                 -1797.779317
  surface energy ......                                   148.945712
   rho_DELTA_rho ......                                   148.945712
  spin-orbit energy ...                                   -41.052888
        rho_NABLA_J ...                                   -41.052888
  coulomb energy ......                                     0.000000
          direct ......                                     0.000000
          exchange ....                                     0.000000
  tensor energy .......                                     1.130293
  time-odd terms ......                                    -0.054383
             s_s ------                                    -0.031048
             s_s (DD) -                                     0.051193
             j_j .....-                                    -0.027179
             s_Ds -----                                    -0.013835
             j_Vxs ----                                    -0.033734
             s_T ------                                     0.000220
  Projected Energy ....                                  -531.072134
            ----------
           | J =    4 |
            ----------
  rms-radius ..........       3.557240       3.522868       3.542565
  charge-radius, r0 ...                      3.617836       4.420838
  delta(n,p) ..........       0.774325       1.098965
  kinetic energy ......     467.643077     427.930639     895.573717
  pairing energy ......      -1.743535      -3.404542      -5.148076
  volume energy .......                                 -1529.632856
        rho_tau .......                                   271.271472
        rho_rho .......                                 -1800.904328
  surface energy ......                                   148.838425
   rho_DELTA_rho ......                                   148.838425
  spin-orbit energy ...                                   -40.494757
        rho_NABLA_J ...                                   -40.494757
  coulomb energy ......                                     0.000000
          direct ......                                     0.000000
          exchange ....                                     0.000000
  tensor energy .......                                     1.082900
  time-odd terms ......                                    -0.545345
             s_s ------                                    -0.394205
             s_s (DD) -                                     0.680408
             j_j .....-                                    -0.459825
             s_Ds -----                                    -0.173838
             j_Vxs ----                                    -0.181325
             s_T ------                                    -0.016561
  Projected Energy ....                                  -530.325993
            ----------
           | J =    6 |
            ----------
  rms-radius ..........       3.561217       3.532774       3.554460
  charge-radius, r0 ...                      3.627638       4.420838
  delta(n,p) ..........       0.683973       1.003740
  kinetic energy ......     466.870157     432.773213     899.643371
  pairing energy ......      -1.393465      -2.955007      -4.348472
  volume energy .......                                 -1533.335671
        rho_tau .......                                   273.117016
        rho_rho .......                                 -1806.452687
  surface energy ......                                   148.784066
   rho_DELTA_rho ......                                   148.784066
  spin-orbit energy ...                                   -40.227008
        rho_NABLA_J ...                                   -40.227008
  coulomb energy ......                                     0.000000
          direct ......                                     0.000000
          exchange ....                                     0.000000
  tensor energy .......                                     1.039019
  time-odd terms ......                                    -1.149610
             s_s ------                                    -0.820739
             s_s (DD) -                                     1.443847
             j_j .....-                                    -1.042417
             s_Ds -----                                    -0.366039
             j_Vxs ----                                    -0.319468
             s_T ------                                    -0.044795
  Projected Energy ....                                  -529.594305
            ----------
           | J =    8 |
            ----------
  rms-radius ..........       3.566476       3.543575       3.568489
  charge-radius, r0 ...                      3.638283       4.420838
  delta(n,p) ..........       0.614329       0.912369
  kinetic energy ......     467.384564     437.860544     905.245108
  pairing energy ......      -1.159525      -2.563745      -3.723271
  volume energy .......                                 -1537.236333
        rho_tau .......                                   275.246980
        rho_rho .......                                 -1812.483313
  surface energy ......                                   148.724958
   rho_DELTA_rho ......                                   148.724958
  spin-orbit energy ...                                   -40.088099
        rho_NABLA_J ...                                   -40.088099
  coulomb energy ......                                     0.000000
          direct ......                                     0.000000
          exchange ....                                     0.000000
  tensor energy .......                                     0.997760
  time-odd terms ......                                    -1.883928
             s_s ------                                    -1.279415
             s_s (DD) -                                     2.238407
             j_j .....-                                    -1.763059
             s_Ds -----                                    -0.559418
             j_Vxs ----                                    -0.449841
             s_T ------                                    -0.070601
  Projected Energy ....                                  -527.963805
            ----------
           | J =   10 |
            ----------
  rms-radius ..........       3.572720       3.554956       3.582491
  charge-radius, r0 ...                      3.649465       4.420838
  delta(n,p) ..........       0.565987       0.835893
  kinetic energy ......     468.688418     442.724640     911.413058
  pairing energy ......      -0.989771      -2.268776      -3.258547
  volume energy .......                                 -1539.326526
        rho_tau .......                                   277.116436
        rho_rho .......                                 -1816.442962
  surface energy ......                                   148.632946
   rho_DELTA_rho ......                                   148.632946
  spin-orbit energy ...                                   -39.944227
        rho_NABLA_J ...                                   -39.944227
  coulomb energy ......                                     0.000000
          direct ......                                     0.000000
          exchange ....                                     0.000000
  tensor energy .......                                     0.983897
  time-odd terms ......                                    -2.738348
             s_s ------                                    -1.724800
             s_s (DD) -                                     2.963487
             j_j .....-                                    -2.588240
             s_Ds -----                                    -0.735311
             j_Vxs ----                                    -0.571712
             s_T ------                                    -0.081772
  Projected Energy ....                                  -524.237747
  ============================================================================
  =======================      System clock times      =======================
  ============================================================================
                                           seconds       minutes        hours
                                           -------       -------       -------
  Total clock time:                        3038.75         50.65          0.84
                                           -----------------------------------
  Time in initialization routines:            0.00          0.00          0.00
  Time in calculate_rotation_matrix:          0.70          0.01          0.00
  Time in calculate_overlaps:                 1.92          0.03          0.00
  Time in calculate_densities:             3034.81         50.58          0.84
  Time in calculate_energies:                 0.81          0.01          0.00
  Time in project:                            0.00          0.00          0.00
