Distributed parallelism with MPI     : 1 tasks/HFBTHO
Multi-threading framework with OpenMP: 4 threads/task

  ==========================================
           FORTRAN 95 CODE (KIND= 8) 
 git: parent: 3cae9cc3ec7a0c93cd724b300dc0d972f613f33e
  ==========================================
       AXIALLY DEFORMED CONFIGURATIONAL     
     HARTREE-FOCK-BOGOLIUBOV CALCULATIONS   
                     WITH                   
      SKYRME+DELTA PAIRING OR GOGNY EDFs    
                  USING THE                 
             HARMONIC-OSCILLATOR            
                    AND/OR                  
        TRANSFORMED HARMONIC-OSCILLATOR     
                    BASIS                   
                     ---                    
                v1.66  (2005)               
    Stoitsov, Dobaczewski, Nazarewicz, Ring 
                v2.00d (2012)               
        Stoitsov, Schunck, Kortelainen      
                v3.00  (2016)               
            Schunck, Navarro Perez          
  ==========================================
    Nucleus: Cr (A=  50, N= 26, Z= 24)
      No Reflection Symmetry Imposed     
            (10/12/2021,  9:41)                               
  ==========================================


  ---------------------------------------
           UNEDF Module Version: 17
         M.Kortelainen & M.Stoitsov 
  ---------------------------------------

  SIII functional
  ----------------------------------------
  Crho(0)=   -423.281250000000000    ; Crho(1)=    268.078125000000000    
  CDrho(0)=   875.000000000000000    ; CDrho(1)=  -874.999999999999886    
  Ctau(0)=    44.3750000000000000    ; Ctau(1)=   -30.6250000000000000    
  CrDr(0)=   -62.9687500000000000    ; CrDr(1)=    17.0312500000000000    
  CrdJ(0)=   -90.0000000000000000    ; CrdJ(1)=   -30.0000000000000000    
  CJ(0)=      30.6250000000000000    ; CJ(1)=      30.6250000000000000    
  CpV0(0)=   -190.000000000000000    ; CpV0(1)=   -190.000000000000000    
  CpV1(0)=    0.00000000000000000    ; CpV1(1)=    0.00000000000000000    
  sigma=      1.00000000000000000    ; hbzero=     20.7353300000000011    
  functional has DME couplings: F
  use 3-Nucleon DME couplings: F
  e^2 chrg=   1.43997840859651349    ; CExPar=     1.00000000000000000    
  c.m. correction: T, chr. density in direct Coul: F
  use tensor terms: F

  Coupling constants in natural units
  ----------------------------------------
  Crho_nu(0)=  -0.476665447991987401    ; Crho_nu(1)=   0.301888117061592021    
  CDrho_nu(0)=  0.776739472430301614    ; CDrho_nu(1)= -0.776739472430301503    
  Ctau_nu(0)=   0.629020670114775915    ; Ctau_nu(1)=  -0.434112856839774963    
  CrDr_nu(0)=  -0.892589190338925031    ; CrDr_nu(1)=   0.241419905079262614    
  CrdJ_nu(0)=   -1.27576023234546110    ; CrdJ_nu(1)=  -0.425253410781820385    
  CJ_nu(0)=     0.434112856839774963    ; CJ_nu(1)=     0.434112856839774963    
  CpV0_nu(0)=  -0.213962785071338729    ; CpV0_nu(1)=  -0.213962785071338729    
  CpV1_nu(0)=    0.00000000000000000    ; CpV1_nu(1)=    0.00000000000000000    
  fpi_nu=        93.0000000000000000    ; Lambda_nu=     700.000000000000000    

  Nuclear matter properties
  ----------------------------------------
  E_NM=      -15.8515313856059432    ; K_NM=        355.353541984833555    
  P_NM=     -0.399851657369765451E-15; RHO_NM=     0.145268008315151714    
  ASS_NM=     28.1618942362676563    ; LASS_NM=     9.91054434872836687    
  SMASS_NM=   1.31088330250759721    ; VMASS_NM=    1.52543656761847424    

  Associated (t,x)-coupling constants
  ----------------------------------------
  t0=      -1128.75000000000000    ; x0=       0.449999999999999956    
  t1=       395.000000000000000    ; x1=        0.00000000000000000    
  t2=      -95.0000000000000000    ; x2=        0.00000000000000000    
  t3=       14000.0000000000000    ; x3=       0.999999999999999778    
  b4=       60.0000000000000000    ; b4p=       60.0000000000000000    
  te=       0.00000000000000000    ; to=        0.00000000000000000    
  sigma=    1.00000000000000000    ; hbzero=    20.7353300000000011    

  ---------------------------------------
        Characteristics of the run       
  ---------------------------------------
  Output file ................:    57
  Nucleus ....................:   Cr  50
  Number of HO shells ........:     8
  HO length b0 (fm) ..........:     1.76218580000000
  Basis deformation ..........:  beta0=   0.000 q=   1.000
  HO: b0,1/b0,bp,bz,q ........:   0.17621858E+01  0.56747705E+00  0.17621858E+01  0.17621858E+01  0.10000000E+01
  h**2/(2m_n), cmc, e**2 .....:   0.20735330E+02  0.20320623E+02  0.14399784E+01
  h**2/(2m_p), cmc, e**2 .....:   0.20735330E+02  0.20320623E+02  0.14399784E+01
  hom=f*41.0_pr*A^{-1/3}, f...:   0.13355371E+02  0.12000392E+01
  THO basis is ...............:  OFF
  Maximal number of iterations:   100
  Initial mixing parameter ...:  0.300
  Initial wave functions from :  tape
  Energy functional ..........:    SIII                          
    direct Coulomb by substitution method, exchange Coulomb with Slater approximation
  Pairing cutoff energy ......:    60.00 MeV
  Lipkin-Nogami procedure is .:  OFF
  PAV procedure is ...........:   ON
    Number of gauge points....:    15   15
  Constraint calculation is ..:   ON
    Constraint 1 .............: lambda=1 Ql=   0.000
    Constraint 2 .............: lambda=2 Ql=   1.000
    Constraint 3 .............: lambda=3 Ql=   0.000
  Temperature T ..............:   0.00 MeV
  Pairing regularization is ..:  OFF
  Collective inertia is ......:  OFF
  Fission fragments are ......:  OFF
  Restart indicator ..........:  -1
  Broyden mixing (#iterations):   7

  ---------------------------------------
        Harmonic Oscillator Basis        
  ---------------------------------------
  NUV, NQP:                        4917     165
  Comparison with bookkeeping spherical basis:
  n00:                                8       8  Maximal number of shells
  nbx, 2*n00+1:                       9      17  Maximal number of K-blocks
  ntx, (n00+1)*(n00+2)*(n00+3)/6    165     165  Max.num. p/n levels
  nzx, n00:                           8       8  Maximal nz-quantum number
  nrx, n00/2  :                       4       4  Maximal nr-quantum number
  nlx, n00:                           8       8  Maximal ml-quantum number
  ndx, (n00+2)*(n00+2)/4:            45      25  Maximal dim. of one k-block

  Actual basis used
  Number of blocks: nb .......:    9
  Number of levels: nt .......:  165
  Maximal 2*omega : nom ......:   17
  Maximal nz:       nzm ......:    8
  Maximal nr:       nrm ......:    4
  Maximal ml:       nlm ......:    8
  Maximal N=nz+2*nr+nl .......:    8
  2 x biggest block dim. .....:   90
  Non-zero elements of h .....:     2541
  Number of Broyden elements .:    10164

  ---------------------------------------
            Integration Meshes           
  ---------------------------------------
  Number of Gauss-Hermite mesh points ngh ....:  80
  Number of Gauss-Laguerre mesh points ngl ...:  40
  Number of Gauss-Legendre mesh points nleg ..:  80
  Integration boundaries
    Hermite  - from xh(1)  =-11.88786356 to xh(ngh)   = 11.88786356
    Laguerre - From xl(1)  =  0.03570039 to xl(ngl)   =142.28004447
    Legendre - From xleg(1)=  0.00978669 to xleg(nleg)=  0.99988775
  Max.dev.in:     Orthogonality            Normalization
  Hermite     6.8067426511760289E-016   6.3282712403633923E-015
  Laguerre    3.9269815531613043E-015   7.9936057773011271E-015

  Scratch initialization for the nucleus: Cr  26  24


  Initial potentials of Saxon-Woods shape 
  v0ws   =  -71.28000000
  kappa  =    0.46160000
  vs0    =   11.11750000   11.11750000
  r0     =    1.23340000    1.23340000
  a      =    0.61500000    0.61500000
  r0-so  =    1.14430000    1.14430000
  a-so   =    0.64760000    0.64760000
  b2_ws  =    0.00000000
  b3_ws  =    0.00000000
  b4_ws  =    0.00000000

  ### REGULAR STAGE (no reflection symmetry imposed)
  |HFB+HO> iterations(b0=  1.762, Nsh=  8, inin=  1, N= 26, Z= 24)...
  ----------------------------------------------------------------------------------------------------------------------------------
  i          si     mix   beta      Etot       A       rn      rp         En      Dn      Ep      Dp        Ln      Lp     time  time(Gog.)
  ----------------------------------------------------------------------------------------------------------------------------------
   0L  60.09641593 0.30  0.000     0.000000    0.0   0.000   0.000 |   -2.000   1.000  -2.000   1.000 |   -7.000  -7.000   0.000   0.000
   1B  57.34953405 0.20  0.000  -179.996231   50.0   3.259   3.197 |   -0.476   0.391  -1.952   0.911 |  -17.851 -21.006  23.448   0.000
   2B  36.09376389 0.22  0.327  -377.162998   50.0   3.834   3.854 |   -0.815   0.503  -1.695   0.740 |  -10.109  -7.244   0.196   0.000
   3B  37.64459721 0.20  0.286  -426.355868   50.0   3.726   3.717 |   -0.761   0.502  -1.448   0.696 |  -10.831  -7.512   0.198   0.000
   4B  14.95883466 0.22  0.178  -429.518975   50.0   3.654   3.653 |   -0.918   0.556  -1.963   0.811 |  -11.170  -6.934   0.197   0.000
   5B  53.50212469 0.20 -0.032  -427.020436   50.0   3.584   3.586 |   -2.193   0.867  -3.283   1.051 |  -12.662  -6.871   0.200   0.000
   6B   6.51420581 0.22  0.100  -429.947046   50.0   3.595   3.599 |   -1.902   0.808  -2.962   1.005 |  -12.423  -6.902   0.193   0.000
   7B   1.28202925 0.24  0.127  -430.505765   50.0   3.595   3.599 |   -2.119   0.861  -3.142   1.043 |  -12.312  -6.954   0.193   0.000
   8B   0.24091434 0.27  0.123  -430.520238   50.0   3.592   3.596 |   -2.370   0.912  -3.337   1.077 |  -12.330  -6.940   0.194   0.000
   9B   0.06746028 0.29  0.123  -430.545689   50.0   3.590   3.595 |   -2.611   0.961  -3.544   1.113 |  -12.299  -6.914   0.194   0.000
  10B   0.11928430 0.20  0.122  -430.552372   50.0   3.590   3.595 |   -2.772   0.992  -3.662   1.133 |  -12.279  -6.906   0.198   0.000
  11B   0.17517885 0.20  0.122  -430.559255   50.0   3.590   3.595 |   -2.985   1.032  -3.809   1.157 |  -12.257  -6.900   0.197   0.000
  12B   0.03540286 0.22  0.123  -430.566107   50.0   3.590   3.595 |   -3.194   1.070  -3.929   1.176 |  -12.239  -6.902   0.196   0.000
  13B   0.00804740 0.24  0.123  -430.567152   50.0   3.590   3.595 |   -3.258   1.082  -3.957   1.181 |  -12.234  -6.903   0.195   0.000
  14B   0.00368698 0.27  0.123  -430.567231   50.0   3.590   3.595 |   -3.275   1.085  -3.952   1.180 |  -12.233  -6.903   0.194   0.000
  15B   0.00834133 0.20  0.123  -430.567111   50.0   3.590   3.595 |   -3.287   1.087  -3.946   1.179 |  -12.232  -6.903   0.194   0.000
  16B   0.00100742 0.22  0.123  -430.567316   50.0   3.590   3.595 |   -3.300   1.089  -3.941   1.178 |  -12.231  -6.903   0.193   0.000
  17B   0.00311744 0.20  0.123  -430.567414   50.0   3.590   3.595 |   -3.305   1.090  -3.935   1.178 |  -12.231  -6.903   0.196   0.000
  18B   0.00061863 0.22  0.123  -430.567351   50.0   3.590   3.595 |   -3.305   1.090  -3.934   1.177 |  -12.231  -6.903   0.194   0.000
  19B   0.00012735 0.24  0.123  -430.567329   50.0   3.590   3.595 |   -3.306   1.090  -3.934   1.177 |  -12.231  -6.903   0.195   0.000
  20B   0.00039173 0.20  0.123  -430.567321   50.0   3.590   3.595 |   -3.306   1.090  -3.934   1.177 |  -12.231  -6.903   0.196   0.000
  21B   0.00006177 0.22  0.123  -430.567330   50.0   3.590   3.595 |   -3.306   1.090  -3.934   1.177 |  -12.231  -6.903   0.196   0.000
  22B   0.00004262 0.24  0.123  -430.567330   50.0   3.590   3.595 |   -3.306   1.090  -3.934   1.177 |  -12.231  -6.903   0.195   0.000
  23B   0.00001151 0.27  0.123  -430.567329   50.0   3.590   3.595 |   -3.306   1.090  -3.934   1.177 |  -12.231  -6.903   0.196   0.000
  24B   0.00000973 0.29  0.123  -430.567329   50.0   3.590   3.595 |   -3.306   1.090  -3.934   1.177 |  -12.231  -6.903   0.199   0.000
  25B   0.00000326 0.32  0.123  -430.567329   50.0   3.590   3.595 |   -3.306   1.090  -3.934   1.177 |  -12.231  -6.903   0.196   0.000
  26B   0.00000112 0.35  0.123  -430.567329   50.0   3.590   3.595 |   -3.306   1.090  -3.934   1.177 |  -12.231  -6.903   0.196   0.000
  27B   0.00000060 0.39  0.123  -430.567329   50.0   3.590   3.595 |   -3.306   1.090  -3.934   1.177 |  -12.231  -6.903   0.195   0.000
  28B   0.00000082 0.20  0.123  -430.567329   50.0   3.590   3.595 |   -3.306   1.090  -3.934   1.177 |  -12.231  -6.903   0.199   0.000
  29B   0.00000013 0.22  0.123  -430.567329   50.0   3.590   3.595 |   -3.306   1.090  -3.934   1.177 |  -12.231  -6.903   0.194   0.000
  30B   0.00000006 0.24  0.123  -430.567329   50.0   3.590   3.595 |   -3.306   1.090  -3.934   1.177 |  -12.231  -6.903   0.196   0.000
  31B   0.00000001 0.27  0.123  -430.567329   50.0   3.590   3.595 |   -3.306   1.090  -3.934   1.177 |  -12.231  -6.903   0.198   0.000
  32B   0.00000002 0.20  0.123  -430.567329   50.0   3.590   3.595 |   -3.306   1.090  -3.934   1.177 |  -12.231  -6.903   0.195   0.000
  33B   0.00000000 0.22  0.123  -430.567329   50.0   3.590   3.595 |   -3.306   1.090  -3.934   1.177 |  -12.231  -6.903   0.215   0.000
  34B   0.00000000 0.24  0.123  -430.567329   50.0   3.590   3.595 |   -3.306   1.090  -3.934   1.177 |  -12.231  -6.903   0.230   0.000
  34N   0.00000000 0.24  0.123  -430.567329   50.0   3.590   3.595 |   -3.306   1.090  -3.934   1.177 |  -12.231  -6.903   0.244   0.000
  ----------------------------------------------------------------------------------------------------------------------------------
  *   iteration converged   after  34 steps   si=     0.0000000009 ho=  0 tho=  0
  ----------------------------------------------------------------------------------------------------------------------------------
  Total CPU time=   0.503 minutes

  NB! From expect (UNPROJECTED RESULTS)

  pairing: CpV0,CpV1,...        -190.000000    -190.000000       0.000000       0.000000
  forces:   SIII                          


                             neutrons         protons         total
  Requested part.numbs.      26.000000      24.000000      50.000000
  UnPj(av) part.numbs .      26.000000      24.000000      50.000000
  b0, bz, bp ..........       1.762186       1.762186       1.762186

  lambda (ala) ........     -12.230542      -6.902997
  Lambda (alast) ......     -12.230542      -6.902997
  delta(n,p), pwi .....       1.090160       1.177298      60.000000
  pairing energy ......      -3.305900      -3.934123      -7.240023

  rms-radius ..........       3.590000       3.594899       3.592352
  charge-radius, r0 ...                      3.687753       4.420982
  deformation beta2....       0.121138       0.124692       0.122846
  dipole moment[fm] ...      -0.000000       0.000000       0.000000
  quadrupole moment[b]        0.512097       0.487903       1.000000
  octupole moment .....      -0.000000      -0.000000      -0.000000
  hexadecapole moment .       0.004025       0.004967       0.008992
  q5 ..................       0.000000       0.000000       0.000000
  q6 ..................       0.000101       0.000097       0.000198
  q7 ..................       0.000000       0.000000       0.000000
  q8 ..................       0.000002       0.000001       0.000002

  <Jx^2> from rho .....       5.457653       8.169300      13.626953
  <Jx^2> from kappa ...      -4.122052      -6.828381     -10.950433
  <J^2> = 2*<Jx^2> ....       2.671201       2.681838       5.353039

  kinetic energy ......     465.602515     405.844323     871.446838
  volume energy .......                                 -1476.073906
        rho_tau .......                                   193.804219
        rho_rho .......                                 -1669.878125
  surface energy ......                                   119.658083
   rho_DELTA_rho ......                                   119.658083
   (NABLA_rho)^2 ......                                     0.000000
  spin-orbit energy ...                                   -37.729251
        rho_NABLA_J ...                                   -37.729251
        NABLA_rho_J ...                                     0.000000
  coulomb energy ......                                    99.370930
          direct ......                                   108.515145
          exchange ....                                    -9.144215
          pairing .....                                     0.000000
  tensor energy .......                                     0.000000
  direct Hartree E  ...                                     0.000000
  Extra E .............                                     0.000000
  External field E ....                                     0.000000
  Entropy .............       0.000000       0.000000       0.000000

  tEnergy: ehfb (qp)...                                  -430.567329

  Calculated but not added corrections
  ====================================
  cmc-diagonal part ...       9.502092       8.282537      17.784629
  cmc-hfb .............       0.000000       0.000000       0.000000
  cranking rot corr ...       0.000000       0.000000       0.000000

  SQUJ ................       0.000000       0.000000       0.000000
  CRAN x 4 ............       0.000000       0.000000       0.000000
  Rigit Body ..........       0.000000       0.000000       0.000000


   Blocking candidates are:
   neutron eqpmin=   1.1135095611805228       pwiblo=   1.0000000000000000     
    num=   1 block=   4 state=   1    98 Eqp=   1.11350956  (1-2N)E=   0.33737977  overl=   0.79199813  7-[ 3, 0, 3]
    num=   2 block=   3 state=   1    73 Eqp=   1.22380098  (1-2N)E=  -0.65255940  overl=   0.81616409  5-[ 3, 1, 2]
    num=   3 block=   2 state=   1    41 Eqp=   1.77238422  (1-2N)E=  -1.46472597  overl=   0.78060464  3-[ 3, 2, 1]

   Blocking candidates are:
   proton  eqpmin=   1.1499951992986777       pwiblo=   1.0000000000000000     
    num=   1 block=   3 state=   1    68 Eqp=   1.14999520  (1-2N)E=   0.24896328  overl=   0.72157461  5-[ 3, 1, 2]
    num=   2 block=   2 state=   1    38 Eqp=   1.23608223  (1-2N)E=  -0.46969196  overl=   0.67194719  3-[ 3, 2, 1]
    num=   3 block=   1 state=   1     1 Eqp=   1.43808105  (1-2N)E=  -0.87317636  overl=   0.52243584  1-[ 3, 3, 0]
    num=   4 block=   4 state=   1    91 Eqp=   1.67828613  (1-2N)E=   1.31140341  overl=   0.92312563  7-[ 3, 0, 3]


   pj/unpj  s=    0.26000000D+02   0.26000000D+02   pj/unpj sd=   -0.41997957D-13  -0.18233770D-13 ala1= -0.14685100D+02 inner=   6
   pj/unpj  s=    0.24000000D+02   0.24000000D+02   pj/unpj sd=   -0.52301228D-13  -0.16337327D-13 ala1= -0.37522000D+01 inner=  20
Norm overlap:     0.22800090037851    0.00000000000000

  NB! From expectpj (PNP PAV RESULTS)

  pairing: CpV0,CpV1,pwi...     -190.000000    -190.000000       0.000000       0.000000      60.000000
  forces:   SIII                          ,  Gauge points:   15   15


                             neutrons         protons         total
  Requested part.numbs.      26.000000      24.000000      50.000000
  Projected part.numbs.      26.000000      24.000000      50.000000
  Dispersion dN2 ......       2.451348       3.174821
  b0, bz, bp ..........       1.762186       1.762186       1.762186

  lambda (ala) ........     -12.230542      -6.902997
  Lambda (alast) ......     -12.230542      -6.902997
  delta(n,p) ..........       0.142885       0.178904
  pairing energy ......      -2.736917      -3.624570      -6.361487

  rms-radius ..........       3.590794       3.595492       3.593050
  charge-radius, r0 ...                      3.688332       4.420982
  deformation beta2 ...       0.131111       0.134088       0.132542
  quadrupole moment[b]        0.554502       0.524842       1.079345
  hexadecapole moment .       0.002769       0.006516       0.009285

  kinetic energy ......     464.571644     404.879388     869.451032
  cmc-diagonal part ...       9.481054       8.262845      17.743899
  cmc-PAV .............       0.000000       0.000000       0.000000

  volume energy .......                                 -1477.742303
        rho_tau .......                                   193.426731
        rho_rho .......                                 -1671.169035
  volume energy .......                                 -1477.742303
  surface energy ......                                   119.962246
  spin-orbit energy ...                                   -37.614560
  coulomb direct ......                                   108.051319
  coulomb exchange ....                                    -9.137136
  tensor energy .......                                     0.000000

  Energy: ehfb(qp) ....                                  -430.567329
  Energy: ehfb(can,pj).                                  -430.698435
  ehfb(qp)-ehfb(can,pj)                                     0.131106
  Epj-ehfb(can,pj) ....                                    -2.692454
  Energy: Epj=E(PAV) ..                                  -433.390889


 HFBTHO_SOLVER ended without errors

