Distributed parallelism with MPI     : 1 tasks/HFBTHO
Multi-threading framework with OpenMP: 4 threads/task

  ==========================================
           FORTRAN 95 CODE (KIND= 8) 
 git: parent: 3cae9cc3ec7a0c93cd724b300dc0d972f613f33e
  ==========================================
       AXIALLY DEFORMED CONFIGURATIONAL     
     HARTREE-FOCK-BOGOLIUBOV CALCULATIONS   
                     WITH                   
      SKYRME+DELTA PAIRING OR GOGNY EDFs    
                  USING THE                 
             HARMONIC-OSCILLATOR            
                    AND/OR                  
        TRANSFORMED HARMONIC-OSCILLATOR     
                    BASIS                   
                     ---                    
                v1.66  (2005)               
    Stoitsov, Dobaczewski, Nazarewicz, Ring 
                v2.00d (2012)               
        Stoitsov, Schunck, Kortelainen      
                v3.00  (2016)               
            Schunck, Navarro Perez          
  ==========================================
    Nucleus: Cr (A=  50, N= 26, Z= 24)
       Reflection Symmetry Imposed       
            (10/12/2021,  8: 4)                               
  ==========================================


  ---------------------------------------
           UNEDF Module Version: 17
         M.Kortelainen & M.Stoitsov 
  ---------------------------------------

  D1S functional
  ----------------------------------------
  Crho(0)=    0.00000000000000000    ; Crho(1)=   -0.00000000000000000    
  CDrho(0)=   521.474999999999909    ; CDrho(1)=  -521.474999999999909    
  Ctau(0)=    0.00000000000000000    ; Ctau(1)=    0.00000000000000000    
  CrDr(0)=    0.00000000000000000    ; CrDr(1)=    0.00000000000000000    
  CrdJ(0)=   -97.5000000000000000    ; CrdJ(1)=   -32.5000000000000000    
  CJ(0)=     -0.00000000000000000    ; CJ(1)=     -0.00000000000000000    
  CpV0(0)=    0.00000000000000000    ; CpV0(1)=    0.00000000000000000    
  CpV1(0)=    0.00000000000000000    ; CpV1(1)=    0.00000000000000000    
  sigma=     0.333333333333333315    ; hbzero=     20.7366762293157905    
  functional has DME couplings: F
  use 3-Nucleon DME couplings: F

  Finite-range potential
  ----------------------------------------
  mu=      0.699999999999999956      1.199999999999999956
  W=  -1720.299999999999954525    103.640000000000000568
  B=   1300.000000000000000000   -163.479999999999989768
  H=  -1813.529999999999972715    162.810000000000002274
  M=   1397.599999999999909051   -223.930000000000006821
  e^2 chrg=   1.43997840859651349    ; CExPar=     1.00000000000000000    
  c.m. correction: T, chr. density in direct Coul: F
  use tensor terms: F

  Nuclear matter properties
  ----------------------------------------
  E_NM=      -16.0074988556065847    ; K_NM=        202.840551721048712    
  P_NM=     -0.177635683940025046E-14; RHO_NM=     0.163262821017343407    
  ASS_NM=     31.1251088547752488    ; LASS_NM=     22.4414136723446234    
  SMASS_NM=   1.38541191875797787    ; VMASS_NM=    1.78603107194230937    

  Associated (t,x)-coupling constants
  ----------------------------------------
  t3=       8343.59999999999854    ; x3=        1.00000000000000000    
  b4=       65.0000000000000000    ; b4p=       65.0000000000000000    
  te=       0.00000000000000000    ; to=        0.00000000000000000    
  sigma=   0.333333333333333315    ; hbzero=    20.7366762293157905    

  ---------------------------------------
        Characteristics of the run       
  ---------------------------------------
  Output file ................:    57
  Nucleus ....................:   Cr  50
  Number of HO shells ........:     8
  HO length b0 (fm) ..........:     1.76223445103162
  Basis deformation ..........:  beta0=   0.000 q=   1.000
  HO: b0,1/b0,bp,bz,q ........:   0.17622345E+01  0.56746138E+00  0.17622345E+01  0.17622345E+01  0.10000000E+01
  h**2/(2m_n), cmc, e**2 .....:   0.20736676E+02  0.20321943E+02  0.14399784E+01
  h**2/(2m_p), cmc, e**2 .....:   0.20736676E+02  0.20321943E+02  0.14399784E+01
  hom=f*41.0_pr*A^{-1/3}, f...:   0.13354935E+02  0.12000000E+01
  THO basis is ...............:  OFF
  Maximal number of iterations:   200
  Initial mixing parameter ...:  0.300
  Initial wave functions from :  tape
  Energy functional ..........:    D1S                           
    with a finite-range central force
    without Coulomb forces
  Pairing cutoff energy ......:    60.00 MeV
  Lipkin-Nogami procedure is .:  OFF
  PAV procedure is ...........:  OFF
  Constraint calculation is ..:  OFF
  Temperature T ..............:   0.00 MeV
  Pairing regularization is ..:  OFF
  Collective inertia is ......:  OFF
  Fission fragments are ......:  OFF
  Restart indicator ..........:  -1
  Broyden mixing (#iterations):   7

  ---------------------------------------
        Harmonic Oscillator Basis        
  ---------------------------------------
  NUV, NQP:                        2501     165
  Comparison with bookkeeping spherical basis:
  n00:                                8       8  Maximal number of shells
  nbx, 2*n00+1:                      17      17  Maximal number of K-blocks
  ntx, (n00+1)*(n00+2)*(n00+3)/6    165     165  Max.num. p/n levels
  nzx, n00:                           8       8  Maximal nz-quantum number
  nrx, n00/2  :                       4       4  Maximal nr-quantum number
  nlx, n00:                           8       8  Maximal ml-quantum number
  ndx, (n00+2)*(n00+2)/4:            25      25  Maximal dim. of one k-block

  Actual basis used
  Number of blocks: nb .......:   17
  Number of levels: nt .......:  165
  Maximal 2*omega : nom ......:   17
  Maximal nz:       nzm ......:    8
  Maximal nr:       nrm ......:    4
  Maximal ml:       nlm ......:    8
  Maximal N=nz+2*nr+nl .......:    8
  2 x biggest block dim. .....:   50
  Non-zero elements of h .....:     1333
  Number of Broyden elements .:     5332

  ---------------------------------------
            Integration Meshes           
  ---------------------------------------
  Number of Gauss-Hermite mesh points ngh ....:  40
  Number of Gauss-Laguerre mesh points ngl ...:  40
  Number of Gauss-Legendre mesh points nleg ..:  80
  Integration boundaries
    Hermite  - from xh(1)  =  0.12379686 to xh(ngh)   = 11.88786356
    Laguerre - From xl(1)  =  0.03570039 to xl(ngl)   =142.28004447
    Legendre - From xleg(1)=  0.00978669 to xleg(nleg)=  0.99988775
  Max.dev.in:     Orthogonality            Normalization
  Hermite     1.5150139407621233E-015   1.0658141036401503E-014
  Laguerre    3.9269815531613043E-015   7.9936057773011271E-015

  Calculating the finite range matrix elements
  Matrix elements wall clock time         0.0560

  Scratch initialization for the nucleus: Cr  26  24


  Initial potentials of Saxon-Woods shape 
  v0ws   =  -71.28000000
  kappa  =    0.46160000
  vs0    =   11.11750000   11.11750000
  r0     =    1.23340000    1.23340000
  a      =    0.61500000    0.61500000
  r0-so  =    1.14430000    1.14430000
  a-so   =    0.64760000    0.64760000
  b2_ws  =    0.00000000
  b3_ws  =    0.00000000
  b4_ws  =    0.00000000

  ### REGULAR STAGE (reflection symmetry imposed)
  |HFB+HO> iterations(b0=  1.762, Nsh=  8, inin=  1, N= 26, Z= 24)...
  ----------------------------------------------------------------------------------------------------------------------------------
  i          si     mix   beta      Etot       A       rn      rp         En      Dn      Ep      Dp        Ln      Lp     time  time(Gog.)
  ----------------------------------------------------------------------------------------------------------------------------------
   0L  60.09601793 0.30  0.000     0.000000    0.0   0.000   0.000 |   -2.000   1.000  -2.000   1.000 |   -7.000  -7.000   0.000   0.000
   1B  34.98024093 0.20  0.000  3292.716564   50.0   3.259   3.197 |    0.000   0.000   0.000   0.000 |  -17.818 -21.005   0.092   0.013
   2B   9.27747319 0.22 -0.000  -828.979685   50.0   3.536   3.492 |   -1.722   0.797  -5.630   2.172 |  -12.274 -13.788   0.089   0.013
   3B   2.73670169 0.24 -0.000  -505.006319   50.0   3.520   3.485 |   -5.784   2.251  -9.369   3.085 |  -12.258 -14.645   0.089   0.014
   4B   0.41064788 0.27 -0.000  -545.034656   50.0   3.521   3.485 |   -7.542   2.819 -11.037   3.538 |  -12.357 -14.852   0.088   0.014
   5B   0.21125160 0.29 -0.000  -541.584521   50.0   3.521   3.484 |   -8.531   3.060 -11.980   3.738 |  -12.325 -14.889   0.095   0.015
   6B   0.11563466 0.32 -0.000  -541.555245   50.0   3.520   3.483 |   -9.425   3.240 -12.800   3.887 |  -12.256 -14.889   0.088   0.013
   7B   0.03692200 0.35 -0.000  -541.630797   50.0   3.520   3.482 |  -10.242   3.420 -13.517   4.034 |  -12.195 -14.874   0.090   0.014
   8B   0.00905946 0.39 -0.000  -542.564506   50.0   3.520   3.482 |  -10.710   3.551 -13.900   4.137 |  -12.177 -14.869   0.089   0.013
   9B   0.00278990 0.43 -0.000  -542.883882   50.0   3.520   3.482 |  -10.838   3.591 -13.986   4.165 |  -12.177 -14.869   0.087   0.013
  10B   0.00062576 0.47 -0.000  -542.805374   50.0   3.520   3.482 |  -10.864   3.596 -13.991   4.166 |  -12.176 -14.870   0.088   0.013
  11B   0.00024867 0.52 -0.000  -542.744417   50.0   3.520   3.482 |  -10.875   3.600 -13.992   4.166 |  -12.176 -14.870   0.088   0.013
  12B   0.00013894 0.57 -0.000  -542.726844   50.0   3.520   3.482 |  -10.876   3.600 -13.990   4.166 |  -12.176 -14.870   0.087   0.013
  13B   0.00003237 0.63 -0.000  -542.725636   50.0   3.520   3.482 |  -10.876   3.600 -13.990   4.166 |  -12.176 -14.870   0.087   0.014
  14B   0.00000754 0.69 -0.000  -542.724340   50.0   3.520   3.482 |  -10.877   3.600 -13.989   4.166 |  -12.176 -14.870   0.086   0.013
  15B   0.00000408 0.76 -0.000  -542.724808   50.0   3.520   3.482 |  -10.877   3.600 -13.989   4.166 |  -12.176 -14.870   0.087   0.013
  16B   0.00000082 0.84 -0.000  -542.724942   50.0   3.520   3.482 |  -10.877   3.600 -13.989   4.166 |  -12.176 -14.870   0.088   0.013
  17B   0.00000010 0.90 -0.000  -542.724906   50.0   3.520   3.482 |  -10.877   3.600 -13.989   4.166 |  -12.176 -14.870   0.087   0.014
  18B   0.00000003 0.90 -0.000  -542.724907   50.0   3.520   3.482 |  -10.877   3.600 -13.989   4.166 |  -12.176 -14.870   0.087   0.013
  19B   0.00000001 0.90 -0.000  -542.724908   50.0   3.520   3.482 |  -10.877   3.600 -13.989   4.166 |  -12.176 -14.870   0.086   0.013
  20B   0.00000000 0.90 -0.000  -542.724908   50.0   3.520   3.482 |  -10.877   3.600 -13.989   4.166 |  -12.176 -14.870   0.089   0.013
  21B   0.00000001 0.20 -0.000  -542.724908   50.0   3.520   3.482 |  -10.877   3.600 -13.989   4.166 |  -12.176 -14.870   0.109   0.013
  22B   0.00000000 0.22 -0.000  -542.724908   50.0   3.520   3.482 |  -10.877   3.600 -13.989   4.166 |  -12.176 -14.870   0.094   0.013
  23B   0.00000001 0.20 -0.000  -542.724908   50.0   3.520   3.482 |  -10.877   3.600 -13.989   4.166 |  -12.176 -14.870   0.117   0.014
  24B   0.00000000 0.22 -0.000  -542.724908   50.0   3.520   3.482 |  -10.877   3.600 -13.989   4.166 |  -12.176 -14.870   0.094   0.013
  25B   0.00000000 0.24 -0.000  -542.724908   50.0   3.520   3.482 |  -10.877   3.600 -13.989   4.166 |  -12.176 -14.870   0.094   0.013
  26B   0.00000000 0.20 -0.000  -542.724908   50.0   3.520   3.482 |  -10.877   3.600 -13.989   4.166 |  -12.176 -14.870   0.088   0.013
  27B   0.00000000 0.22 -0.000  -542.724908   50.0   3.520   3.482 |  -10.877   3.600 -13.989   4.166 |  -12.176 -14.870   0.094   0.013
  28B   0.00000000 0.20 -0.000  -542.724908   50.0   3.520   3.482 |  -10.877   3.600 -13.989   4.166 |  -12.176 -14.870   0.093   0.013
  29B   0.00000000 0.22 -0.000  -542.724908   50.0   3.520   3.482 |  -10.877   3.600 -13.989   4.166 |  -12.176 -14.870   0.118   0.013
  30B   0.00000000 0.24 -0.000  -542.724908   50.0   3.520   3.482 |  -10.877   3.600 -13.989   4.166 |  -12.176 -14.870   0.111   0.013
  31B   0.00000003 0.20 -0.000  -542.724908   50.0   3.520   3.482 |  -10.877   3.600 -13.989   4.166 |  -12.176 -14.870   0.114   0.013
  32B   0.00000003 0.20 -0.000  -542.724908   50.0   3.520   3.482 |  -10.877   3.600 -13.989   4.166 |  -12.176 -14.870   0.092   0.013
  33B   0.00000003 0.22 -0.000  -542.724908   50.0   3.520   3.482 |  -10.877   3.600 -13.989   4.166 |  -12.176 -14.870   0.091   0.013
  34B   0.00000003 0.20 -0.000  -542.724908   50.0   3.520   3.482 |  -10.877   3.600 -13.989   4.166 |  -12.176 -14.870   0.090   0.013
  35B   0.00000003 0.22 -0.000  -542.724908   50.0   3.520   3.482 |  -10.877   3.600 -13.989   4.166 |  -12.176 -14.870   0.090   0.013
  36B   0.00000002 0.24 -0.000  -542.724908   50.0   3.520   3.482 |  -10.877   3.600 -13.989   4.166 |  -12.176 -14.870   0.088   0.013
  37B   0.00000002 0.27 -0.000  -542.724908   50.0   3.520   3.482 |  -10.877   3.600 -13.989   4.166 |  -12.176 -14.870   0.094   0.013
  38B   0.00000001 0.29 -0.000  -542.724909   50.0   3.520   3.482 |  -10.877   3.600 -13.989   4.166 |  -12.176 -14.870   0.088   0.014
  39B   0.00000001 0.32 -0.000  -542.724908   50.0   3.520   3.482 |  -10.877   3.600 -13.989   4.166 |  -12.176 -14.870   0.089   0.013
  40B   0.00000000 0.35 -0.000  -542.724908   50.0   3.520   3.482 |  -10.877   3.600 -13.989   4.166 |  -12.176 -14.870   0.106   0.013
  41B   0.00000001 0.20 -0.000  -542.724908   50.0   3.520   3.482 |  -10.877   3.600 -13.989   4.166 |  -12.176 -14.870   0.117   0.014
  42B   0.00000001 0.20 -0.000  -542.724908   50.0   3.520   3.482 |  -10.877   3.600 -13.989   4.166 |  -12.176 -14.870   0.102   0.014
  43B   0.00000001 0.20 -0.000  -542.724908   50.0   3.520   3.482 |  -10.877   3.600 -13.989   4.166 |  -12.176 -14.870   0.097   0.013
  44B   0.00000002 0.20 -0.000  -542.724908   50.0   3.520   3.482 |  -10.877   3.600 -13.989   4.166 |  -12.176 -14.870   0.093   0.014
  45B   0.00000001 0.22 -0.000  -542.724908   50.0   3.520   3.482 |  -10.877   3.600 -13.989   4.166 |  -12.176 -14.870   0.087   0.014
  46B   0.00000001 0.24 -0.000  -542.724908   50.0   3.520   3.482 |  -10.877   3.600 -13.989   4.166 |  -12.176 -14.870   0.098   0.013
  47B   0.00000000 0.27 -0.000  -542.724908   50.0   3.520   3.482 |  -10.877   3.600 -13.989   4.166 |  -12.176 -14.870   0.092   0.014
  48B   0.00000001 0.20 -0.000  -542.724908   50.0   3.520   3.482 |  -10.877   3.600 -13.989   4.166 |  -12.176 -14.870   0.108   0.014
  49B   0.00000001 0.20 -0.000  -542.724908   50.0   3.520   3.482 |  -10.877   3.600 -13.989   4.166 |  -12.176 -14.870   0.107   0.014
  50B   0.00000001 0.22 -0.000  -542.724908   50.0   3.520   3.482 |  -10.877   3.600 -13.989   4.166 |  -12.176 -14.870   0.105   0.013
  51B   0.00000000 0.24 -0.000  -542.724908   50.0   3.520   3.482 |  -10.877   3.600 -13.989   4.166 |  -12.176 -14.870   0.087   0.013
  51N   0.00000000 0.24 -0.000  -542.724908   50.0   3.520   3.482 |  -10.877   3.600 -13.989   4.166 |  -12.176 -14.870   0.122   0.014
  ----------------------------------------------------------------------------------------------------------------------------------
  *   iteration converged   after  51 steps   si=     0.0000000003 ho=  0 tho=  0
  ----------------------------------------------------------------------------------------------------------------------------------
  Total CPU time=   0.082 minutes

  NB! From expect (UNPROJECTED RESULTS)

  pairing: CpV0,CpV1,...           0.000000       0.000000       0.000000       0.000000
  forces:   D1S                           


                             neutrons         protons         total
  Requested part.numbs.      26.000000      24.000000      50.000000
  UnPj(av) part.numbs .      26.000000      24.000000      50.000000
  b0, bz, bp ..........       1.762234       1.762234       1.762234

  lambda (ala) ........     -12.175927     -14.869942
  Lambda (alast) ......     -12.175927     -14.869942
  delta(n,p), pwi .....       1.800054       2.082898      60.000000
  pairing energy ......     -12.433015

  rms-radius ..........       3.519819       3.482276       3.501849
  charge-radius, r0 ...                      3.578054       4.420838
  deformation beta2....      -0.000000      -0.000000      -0.000000
  dipole moment[fm] ...       0.000000       0.000000       0.000000
  quadrupole moment[b]       -0.000000      -0.000000      -0.000000
  octupole moment .....       0.000000       0.000000       0.000000
  hexadecapole moment .      -0.000000      -0.000000      -0.000000
  q5 ..................       0.000000       0.000000       0.000000
  q6 ..................      -0.000000      -0.000000      -0.000000
  q7 ..................       0.000000       0.000000       0.000000
  q8 ..................       0.000000       0.000000       0.000000

  <Jx^2> from rho .....       6.968840       9.067034      16.035874
  <Jx^2> from kappa ...      -6.968840      -9.067034     -16.035874
  <J^2> = 2*<Jx^2> ....       0.000000       0.000000       0.000000

  kinetic energy ......     481.323414     429.640259     910.963672
  volume energy .......                                  1535.471665
        rho_tau .......                                     0.000000
        rho_rho .......                                  1535.471665
  surface energy ......                                     0.000000
   rho_DELTA_rho ......                                     0.000000
   (NABLA_rho)^2 ......                                     0.000000
  spin-orbit energy ...                                   -46.141584
        rho_NABLA_J ...                                   -46.141584
        NABLA_rho_J ...                                     0.000000
 finite range direct...                                 -2787.080053
 finite range exchange.                                  -143.505594
 finite range total....                                 -2930.585647
 finite range pairing..                                   -12.433015
  coulomb energy ......                                     0.000000
          direct ......                                     0.000000
          exchange ....                                     0.000000
          pairing .....                                     0.000000
  tensor energy .......                                     0.000000
  direct Hartree E  ...                                     0.000000
  Extra E .............                                     0.000000
  External field E ....                                     0.000000
  Entropy .............       0.000000       0.000000       0.000000

  tEnergy: ehfb (qp)...                                  -542.724908

  Calculated but not added corrections
  ====================================
  cmc-diagonal part ...       9.822927       8.768169      18.591095
  cmc-hfb .............       0.000000       0.000000       0.000000
  cranking rot corr ...       0.000000       0.000000       0.000000

  SQUJ ................       0.000000       0.000000       0.000000
  CRAN x 4 ............       0.000000       0.000000       0.000000
  Rigit Body ..........       0.000000       0.000000       0.000000


   Blocking candidates are:
   neutron eqpmin=   1.8385814608404316       pwiblo=   1.0000000000000000     
    num=   1 block=   2 state=   1    26 Eqp=   1.83858146  (1-2N)E=  -0.89721681  overl=   0.49799322  1-[ 3, 1, 0]
    num=   2 block=   4 state=   1    66 Eqp=   1.83858146  (1-2N)E=  -0.89721681  overl=   0.64290649  3-[ 3, 2, 1]
    num=   3 block=   6 state=   1    98 Eqp=   1.83858146  (1-2N)E=  -0.89721682  overl=   0.78739642  5-[ 3, 1, 2]
    num=   4 block=   8 state=   1   122 Eqp=   1.83858146  (1-2N)E=  -0.89721682  overl=   0.85048534  7-[ 3, 0, 3]

   Blocking candidates are:
   proton  eqpmin=   1.8306795082441707       pwiblo=   1.0000000000000000     
    num=   1 block=   2 state=   1    26 Eqp=   1.83067951  (1-2N)E=  -0.00938579  overl=   0.40970714  1-[ 3, 1, 0]
    num=   2 block=   4 state=   1    66 Eqp=   1.83067951  (1-2N)E=  -0.00938579  overl=   0.52892964  3-[ 3, 2, 1]
    num=   3 block=   6 state=   1    98 Eqp=   1.83067951  (1-2N)E=  -0.00938579  overl=   0.64780386  5-[ 3, 1, 2]
    num=   4 block=   8 state=   1   122 Eqp=   1.83067951  (1-2N)E=  -0.00938579  overl=   0.69970814  7-[ 3, 0, 3]



 HFBTHO_SOLVER ended without errors

