Distributed parallelism with MPI     : 1 tasks/HFBTHO
Multi-threading framework with OpenMP: 4 threads/task

  ==========================================
           FORTRAN 95 CODE (KIND= 8) 
 git: parent: 3cae9cc3ec7a0c93cd724b300dc0d972f613f33e
  ==========================================
       AXIALLY DEFORMED CONFIGURATIONAL     
     HARTREE-FOCK-BOGOLIUBOV CALCULATIONS   
                     WITH                   
      SKYRME+DELTA PAIRING OR GOGNY EDFs    
                  USING THE                 
             HARMONIC-OSCILLATOR            
                    AND/OR                  
        TRANSFORMED HARMONIC-OSCILLATOR     
                    BASIS                   
                     ---                    
                v1.66  (2005)               
    Stoitsov, Dobaczewski, Nazarewicz, Ring 
                v2.00d (2012)               
        Stoitsov, Schunck, Kortelainen      
                v3.00  (2016)               
            Schunck, Navarro Perez          
  ==========================================
    Nucleus: Pb (A= 208, N=126, Z= 82)
       Reflection Symmetry Imposed       
            (10/12/2021,  9:52)                               
  ==========================================


  ---------------------------------------
           UNEDF Module Version: 17
         M.Kortelainen & M.Stoitsov 
  ---------------------------------------

  D1S functional
  ----------------------------------------
  Crho(0)=    0.00000000000000000    ; Crho(1)=   -0.00000000000000000    
  CDrho(0)=   521.474999999999909    ; CDrho(1)=  -521.474999999999909    
  Ctau(0)=    0.00000000000000000    ; Ctau(1)=    0.00000000000000000    
  CrDr(0)=    0.00000000000000000    ; CrDr(1)=    0.00000000000000000    
  CrdJ(0)=   -97.5000000000000000    ; CrdJ(1)=   -32.5000000000000000    
  CJ(0)=     -0.00000000000000000    ; CJ(1)=     -0.00000000000000000    
  CpV0(0)=   -0.00000000000000000    ; CpV0(1)=   -0.00000000000000000    
  CpV1(0)=   0.500000000000000000    ; CpV1(1)=   0.500000000000000000    
  sigma=     0.333333333333333315    ; hbzero=     20.7366762293157905    
  functional has DME couplings: F
  use 3-Nucleon DME couplings: F

  Finite-range potential
  ----------------------------------------
  mu=      0.699999999999999956      1.199999999999999956
  W=  -1720.299999999999954525    103.640000000000000568
  B=   1300.000000000000000000   -163.479999999999989768
  H=  -1813.529999999999972715    162.810000000000002274
  M=   1397.599999999999909051   -223.930000000000006821
  e^2 chrg=   1.43997840859651349    ; CExPar=     1.00000000000000000    
  c.m. correction: T, chr. density in direct Coul: F
  use tensor terms: F

  Nuclear matter properties
  ----------------------------------------
  E_NM=      -16.0074988556065847    ; K_NM=        202.840551721048712    
  P_NM=     -0.177635683940025046E-14; RHO_NM=     0.163262821017343407    
  ASS_NM=     31.1251088547752488    ; LASS_NM=     22.4414136723446234    
  SMASS_NM=   1.38541191875797787    ; VMASS_NM=    1.78603107194230937    

  Associated (t,x)-coupling constants
  ----------------------------------------
  t3=       8343.59999999999854    ; x3=        1.00000000000000000    
  b4=       65.0000000000000000    ; b4p=       65.0000000000000000    
  te=       0.00000000000000000    ; to=        0.00000000000000000    
  sigma=   0.333333333333333315    ; hbzero=    20.7366762293157905    

  ---------------------------------------
        Characteristics of the run       
  ---------------------------------------
  Output file ................:    57
  Nucleus ....................:   Pb 208
  Number of HO shells ........:    12
  HO length b0 (fm) ..........:     2.50000000000000
  Basis deformation ..........:  beta0=   0.000 q=   1.000
  HO: b0,1/b0,bp,bz,q ........:   0.25000000E+01  0.40000000E+00  0.25000000E+01  0.25000000E+01  0.10000000E+01
  h**2/(2m_n), cmc, e**2 .....:   0.20736676E+02  0.20636981E+02  0.14399784E+01
  h**2/(2m_p), cmc, e**2 .....:   0.20736676E+02  0.20636981E+02  0.14399784E+01
  hom=f*41.0_pr*A^{-1/3}, f...:   0.66355870E+01  0.95892197E+00
  THO basis is ...............:  OFF
  Maximal number of iterations:    50
  Initial mixing parameter ...:  0.300
  Initial wave functions from :  tape
  Energy functional ..........:    D1S                           
    with a finite-range central force
    direct and exchange Coulomb by sum of  9 Gaussians
  Pairing cutoff energy ......:  6000.00 MeV
  Lipkin-Nogami procedure is .:  OFF
  PAV procedure is ...........:  OFF
  Constraint calculation is ..:  OFF
  Temperature T ..............:   0.00 MeV
  Pairing regularization is ..:  OFF
  Collective inertia is ......:  OFF
  Fission fragments are ......:  OFF
  Restart indicator ..........:  -1
  Broyden mixing (#iterations):   7

  ---------------------------------------
        Harmonic Oscillator Basis        
  ---------------------------------------
  NUV, NQP:                       13447     455
  Comparison with bookkeeping spherical basis:
  n00:                               12      12  Maximal number of shells
  nbx, 2*n00+1:                      25      25  Maximal number of K-blocks
  ntx, (n00+1)*(n00+2)*(n00+3)/6    455     455  Max.num. p/n levels
  nzx, n00:                          12      12  Maximal nz-quantum number
  nrx, n00/2  :                       6       6  Maximal nr-quantum number
  nlx, n00:                          12      12  Maximal ml-quantum number
  ndx, (n00+2)*(n00+2)/4:            49      49  Maximal dim. of one k-block

  Actual basis used
  Number of blocks: nb .......:   25
  Number of levels: nt .......:  455
  Maximal 2*omega : nom ......:   25
  Maximal nz:       nzm ......:   12
  Maximal nr:       nrm ......:    6
  Maximal ml:       nlm ......:   12
  Maximal N=nz+2*nr+nl .......:   12
  2 x biggest block dim. .....:   98
  Non-zero elements of h .....:     6951
  Number of Broyden elements .:    27804

  ---------------------------------------
            Integration Meshes           
  ---------------------------------------
  Number of Gauss-Hermite mesh points ngh ....:  40
  Number of Gauss-Laguerre mesh points ngl ...:  40
  Number of Gauss-Legendre mesh points nleg ..:  80
  Integration boundaries
    Hermite  - from xh(1)  =  0.12379686 to xh(ngh)   = 11.88786356
    Laguerre - From xl(1)  =  0.03570039 to xl(ngl)   =142.28004447
    Legendre - From xleg(1)=  0.00978669 to xleg(nleg)=  0.99988775
  Max.dev.in:     Orthogonality            Normalization
  Hermite     5.0671528845784617E-015   1.0658141036401503E-014
  Laguerre    5.7957256598811613E-015   8.2156503822261584E-015

  Calculating the finite range matrix elements
  Matrix elements wall clock time         3.8850

  Scratch initialization for the nucleus: Pb 126  82


  Initial potentials of Saxon-Woods shape 
  v0ws   =  -71.28000000
  kappa  =    0.46160000
  vs0    =   11.11750000   11.11750000
  r0     =    1.23340000    1.23340000
  a      =    0.61500000    0.61500000
  r0-so  =    1.14430000    1.14430000
  a-so   =    0.64760000    0.64760000
  b2_ws  =    0.00000000
  b3_ws  =    0.00000000
  b4_ws  =    0.00000000

  ### REGULAR STAGE (reflection symmetry imposed)
  |HFB+HO> iterations(b0=  2.500, Nsh= 12, inin=  1, N=126, Z= 82)...
  ----------------------------------------------------------------------------------------------------------------------------------
  i          si     mix   beta      Etot       A       rn      rp         En      Dn      Ep      Dp        Ln      Lp     time  time(Gog.)
  ----------------------------------------------------------------------------------------------------------------------------------
   0L  72.83764055 0.30  0.000     0.000000    0.0   0.000   0.000 |   -2.000   1.000  -2.000   1.000 |   -7.000  -7.000   0.000   0.000
   1B  36.14034303 0.20  0.000 12914.935821  208.0   5.327   5.014 |    0.000   0.000   0.000   0.000 |  -12.712 -27.326   0.954   0.309
   2B  11.28605066 0.22  0.000 -2279.989042  208.0   5.414   5.350 |   -7.328   1.271  -4.955   1.434 |   -8.843 -13.791   0.944   0.311
   3B   1.51476789 0.24  0.000 -1806.523093  208.0   5.521   5.341 |   -3.714   1.037  -2.792   1.144 |   -5.375  -6.364   0.946   0.316
   4B   0.55597654 0.27  0.000 -1716.967255  208.0   5.525   5.387 |   -2.457   0.861  -1.893   0.932 |   -5.317  -6.248   0.921   0.311
   5B   0.31297932 0.29  0.000 -1722.642638  208.0   5.551   5.410 |   -1.637   0.754  -1.283   0.809 |   -5.376  -6.415   0.933   0.312
   6B   0.10294737 0.32  0.000 -1704.162780  208.0   5.569   5.429 |   -0.916   0.594  -0.729   0.636 |   -5.485  -6.610   0.951   0.312
   7B   0.05494215 0.35  0.000 -1672.982627  208.0   5.577   5.437 |   -0.463   0.430  -0.377   0.462 |   -5.592  -6.692   0.981   0.312
   8B   0.03445739 0.39  0.000 -1654.163203  208.0   5.579   5.439 |   -0.221   0.303  -0.187   0.329 |   -5.615  -6.713   0.933   0.316
   9B   0.01456665 0.43  0.000 -1648.058748  208.0   5.579   5.438 |   -0.071   0.205  -0.065   0.228 |   -5.635  -6.731   0.935   0.314
  10B   0.00834354 0.47  0.000 -1647.130920  208.0   5.578   5.438 |   -0.005   0.097  -0.008   0.114 |   -5.712  -6.771   0.930   0.316
  11B   0.00272575 0.52  0.000 -1648.650346  208.0   5.578   5.438 |   -0.000   0.015  -0.001   0.026 |   -6.178  -6.785   0.929   0.317
  12B   0.00056856 0.57  0.000 -1648.691208  208.0   5.578   5.438 |    0.000   0.001  -0.000   0.009 |   -7.976  -6.765   0.919   0.312
  13B   0.00042382 0.63  0.000 -1648.692030  208.0   5.578   5.438 |   -0.000  -0.002  -0.000   0.004 |   -7.977  -6.744   0.918   0.310
  14B   0.00030639 0.69  0.000 -1648.698188  208.0   5.578   5.438 |   -0.000  -0.002  -0.000   0.003 |   -7.977  -9.632   0.918   0.311
  15B   0.00023181 0.76  0.000 -1648.709033  208.0   5.578   5.438 |   -0.000  -0.001  -0.000   0.002 |   -7.977  -9.632   0.917   0.309
  16B   0.00008762 0.84  0.000 -1648.703478  208.0   5.578   5.438 |   -0.000  -0.001  -0.000   0.001 |   -7.977  -9.632   0.922   0.315
  17B   0.00003548 0.90  0.000 -1648.698363  208.0   5.578   5.438 |   -0.000  -0.000   0.000   0.000 |   -7.977  -9.632   0.936   0.318
  18B   0.00000663 0.90  0.000 -1648.698279  208.0   5.578   5.438 |   -0.000  -0.000  -0.000  -0.000 |   -7.977  -9.632   0.927   0.315
  19B   0.00000415 0.90  0.000 -1648.700197  208.0   5.578   5.438 |   -0.000  -0.000  -0.000  -0.000 |   -7.977  -9.632   0.936   0.317
  20B   0.00000154 0.90  0.000 -1648.700573  208.0   5.578   5.438 |   -0.000  -0.000  -0.000  -0.000 |   -7.977  -9.632   0.914   0.295
  21B   0.00000073 0.90  0.000 -1648.700577  208.0   5.578   5.438 |   -0.000  -0.000  -0.000  -0.000 |   -7.977  -9.632   0.905   0.294
  22B   0.00000025 0.90  0.000 -1648.700631  208.0   5.578   5.438 |    0.000  -0.000  -0.000  -0.000 |   -7.977  -9.632   0.931   0.316
  23B   0.00000002 0.90  0.000 -1648.700656  208.0   5.578   5.438 |   -0.000   0.000  -0.000  -0.000 |   -7.977  -9.632   0.934   0.314
  24B   0.00000002 0.90  0.000 -1648.700669  208.0   5.578   5.438 |   -0.000   0.000  -0.000  -0.000 |   -7.977  -9.632   0.933   0.317
  25B   0.00000001 0.90  0.000 -1648.700669  208.0   5.578   5.438 |   -0.000   0.000  -0.000  -0.000 |   -7.977  -9.632   0.934   0.318
  26B   0.00000001 0.90  0.000 -1648.700669  208.0   5.578   5.438 |   -0.000   0.000  -0.000  -0.000 |   -7.977  -9.632   0.932   0.315
  27B   0.00000000 0.90  0.000 -1648.700670  208.0   5.578   5.438 |   -0.000   0.000  -0.000  -0.000 |   -7.977  -9.632   0.934   0.316
  28B   0.00000000 0.90  0.000 -1648.700670  208.0   5.578   5.438 |   -0.000   0.000  -0.000  -0.000 |   -7.977  -9.632   0.937   0.318
  29B   0.00000000 0.90  0.000 -1648.700670  208.0   5.578   5.438 |   -0.000   0.000  -0.000  -0.000 |   -7.977  -9.632   0.935   0.316
  30B   0.00000000 0.90  0.000 -1648.700670  208.0   5.578   5.438 |   -0.000   0.000   0.000  -0.000 |   -7.977  -9.632   0.918   0.309
  31B   0.00000000 0.90  0.000 -1648.700670  208.0   5.578   5.438 |   -0.000   0.000  -0.000   0.000 |   -7.977  -9.632   0.917   0.309
  32B   0.00000000 0.90  0.000 -1648.700670  208.0   5.578   5.438 |   -0.000   0.000  -0.000   0.000 |   -7.977  -9.632   0.922   0.315
  33B   0.00000000 0.90  0.000 -1648.700670  208.0   5.578   5.438 |   -0.000   0.000  -0.000   0.000 |   -7.977  -9.632   0.935   0.317
  34B   0.00000000 0.90  0.000 -1648.700670  208.0   5.578   5.438 |   -0.000   0.000  -0.000   0.000 |   -7.977  -9.632   0.932   0.314
  35B   0.00000000 0.90  0.000 -1648.700670  208.0   5.578   5.438 |    0.000   0.000  -0.000   0.000 |   -7.977  -9.632   0.937   0.318
  36B   0.00000000 0.90  0.000 -1648.700670  208.0   5.578   5.438 |   -0.000  -0.000  -0.000   0.000 |   -7.977  -9.632   0.929   0.317
  37B   0.00000000 0.90  0.000 -1648.700670  208.0   5.578   5.438 |   -0.000  -0.000  -0.000   0.000 |   -7.977  -9.632   1.011   0.315
  37N   0.00000000 0.90  0.000 -1648.700670  208.0   5.578   5.438 |   -0.000  -0.000  -0.000   0.000 |   -7.977  -9.632   0.956   0.314
  ----------------------------------------------------------------------------------------------------------------------------------
  *   iteration converged   after  37 steps   si=     0.0000000000 ho=  0 tho=  0
  ----------------------------------------------------------------------------------------------------------------------------------
  Total CPU time=   0.592 minutes

  NB! From expect (UNPROJECTED RESULTS)

  pairing: CpV0,CpV1,...          -0.000000      -0.000000       0.500000       0.500000
  forces:   D1S                           


                             neutrons         protons         total
  Requested part.numbs.     126.000000      82.000000     208.000000
  UnPj(av) part.numbs .     126.000000      82.000000     208.000000
  b0, bz, bp ..........       2.500000       2.500000       2.500000

  lambda (ala) ........      -5.606139      -6.713157
  Lambda (alast) ......      -7.976558      -9.632205
  delta(n,p), pwi .....      -0.000000       0.000000    6000.000000
  pairing energy ......      -0.000000

  rms-radius ..........       5.578081       5.437922       5.523250
  charge-radius, r0 ...                      5.494961       5.681605
  deformation beta2....       0.000000       0.000000       0.000000
  dipole moment[fm] ...       0.000000       0.000000       0.000000
  quadrupole moment[b]        0.000000       0.000000       0.000000
  octupole moment .....       0.000000       0.000000       0.000000
  hexadecapole moment .       0.000000       0.000000       0.000000
  q5 ..................       0.000000       0.000000       0.000000
  q6 ..................       0.000000       0.000000       0.000000
  q7 ..................       0.000000       0.000000       0.000000
  q8 ..................      -0.000000       0.000000      -0.000000

  <Jx^2> from rho .....       0.000000       0.000000       0.000000
  <Jx^2> from kappa ...      -0.000000      -0.000000      -0.000000
  <J^2> = 2*<Jx^2> ....       0.000000       0.000000       0.000000

  kinetic energy ......    2562.742208    1344.691149    3907.433357
  volume energy .......                                  6498.751343
        rho_tau .......                                     0.000000
        rho_rho .......                                  6498.751343
  surface energy ......                                     0.000000
   rho_DELTA_rho ......                                     0.000000
   (NABLA_rho)^2 ......                                     0.000000
  spin-orbit energy ...                                  -102.318790
        rho_NABLA_J ...                                  -102.318790
        NABLA_rho_J ...                                     0.000000
 finite range direct...                                -12134.705664
 finite range exchange.                                  -616.686728
 finite range total....                                -12751.392391
 finite range pairing..                                    -0.000000
  coulomb energy ......                                   798.825811
          direct ......                                   831.056212
          exchange ....                                   -32.230401
          pairing .....                                     0.000000
  tensor energy .......                                     0.000000
  direct Hartree E  ...                                     0.000000
  Extra E .............                                     0.000000
  External field E ....                                     0.000000
  Entropy .............       0.000000       0.000000       0.000000

  tEnergy: ehfb (qp)...                                 -1648.700670

  Calculated but not added corrections
  ====================================
  cmc-diagonal part ...      12.380397       6.496093      18.876490
  cmc-hfb .............       0.000000       0.000000       0.000000
  cranking rot corr ...       0.000000       0.000000       0.000000

  SQUJ ................       0.000000       0.000000       0.000000
  CRAN x 4 ............       0.000000       0.000000       0.000000
  Rigit Body ..........       0.000000       0.000000       0.000000


   Blocking candidates are:
   neutron eqpmin=   2.3704185956959645       pwiblo=   1.0000000000000000     
    num=   1 block=   2 state=   1    50 Eqp=   2.37041860  (1-2N)E=  -2.37041860  overl=   0.66733417  1-[ 5, 0, 1]
    num=   2 block=   1 state=   1     1 Eqp=   2.47266000  (1-2N)E=   2.47266000  overl=   0.47079157  1+[ 6, 5, 1]
    num=   3 block=   5 state=   1   170 Eqp=   2.47266015  (1-2N)E=   2.47266015  overl=   0.59083882  5+[ 6, 4, 2]
    num=   4 block=   9 state=   1   291 Eqp=   2.47266016  (1-2N)E=   2.47266016  overl=   0.93419825  9+[ 6, 0, 4]
    num=   5 block=   3 state=   1    92 Eqp=   2.47266044  (1-2N)E=   2.47266044  overl=   0.57659963  3+[ 6, 5, 1]
    num=   6 block=   7 state=   1   236 Eqp=   2.47266047  (1-2N)E=   2.47266047  overl=   0.78778514  7+[ 6, 1, 3]

   Blocking candidates are:
   proton  eqpmin=   2.9190478174254739       pwiblo=   1.0000000000000000     
    num=   1 block=   1 state=   1     1 Eqp=   2.91904782  (1-2N)E=  -2.91904782  overl=   0.70816383  1+[ 4, 0, 0]
    num=   2 block=   8 state=   1   266 Eqp=   3.05659053  (1-2N)E=   3.05659053  overl=   0.89429950  7-[ 5, 1, 4]
    num=   3 block=   4 state=   1   134 Eqp=   3.05659054  (1-2N)E=   3.05659054  overl=   0.64396925  3-[ 5, 3, 2]
    num=   4 block=   2 state=   1    50 Eqp=   3.05659061  (1-2N)E=   3.05659061  overl=   0.55197363  1-[ 5, 2, 1]
    num=   5 block=   6 state=   1   206 Eqp=   3.05659065  (1-2N)E=   3.05659065  overl=   0.79493293  5-[ 5, 2, 3]
    num=   6 block=  10 state=   1   316 Eqp=   3.05659082  (1-2N)E=   3.05659082  overl=   0.94267446  9-[ 5, 0, 5]
    num=   7 block=  12 state=   1   356 Eqp=   3.60375888  (1-2N)E=  -3.60375888  overl=   0.98848331 11-[ 5, 0, 5]
    num=   8 block=   8 state=   2   267 Eqp=   3.60375901  (1-2N)E=  -3.60375901  overl=   0.84298140  7-[ 5, 2, 3]
    num=   9 block=   2 state=   2    51 Eqp=   3.60375908  (1-2N)E=  -3.60375908  overl=   0.58171243  1-[ 5, 3, 0]
    num=  10 block=   4 state=   2   135 Eqp=   3.60375909  (1-2N)E=  -3.60375909  overl=   0.59607785  3-[ 5, 2, 1]
    num=  11 block=   6 state=   2   207 Eqp=   3.60375911  (1-2N)E=  -3.60375911  overl=   0.68829144  5-[ 5, 3, 2]
    num=  12 block=  10 state=   2   317 Eqp=   3.60375912  (1-2N)E=  -3.60375912  overl=   0.94248186  9-[ 5, 1, 4]
    num=  13 block=   3 state=   1    92 Eqp=   3.89913732  (1-2N)E=  -3.89913732  overl=   0.81514833  3+[ 4, 0, 2]
    num=  14 block=   1 state=   2     2 Eqp=   3.89913757  (1-2N)E=  -3.89913757  overl=   0.57639688  1+[ 4, 1, 1]



 HFBTHO_SOLVER ended without errors

