Distributed parallelism with MPI     : 1 tasks/HFBTHO
Multi-threading framework with OpenMP: 4 threads/task

  ==========================================
           FORTRAN 95 CODE (KIND= 8) 
 git: parent: 3cae9cc3ec7a0c93cd724b300dc0d972f613f33e
  ==========================================
       AXIALLY DEFORMED CONFIGURATIONAL     
     HARTREE-FOCK-BOGOLIUBOV CALCULATIONS   
                     WITH                   
      SKYRME+DELTA PAIRING OR GOGNY EDFs    
                  USING THE                 
             HARMONIC-OSCILLATOR            
                    AND/OR                  
        TRANSFORMED HARMONIC-OSCILLATOR     
                    BASIS                   
                     ---                    
                v1.66  (2005)               
    Stoitsov, Dobaczewski, Nazarewicz, Ring 
                v2.00d (2012)               
        Stoitsov, Schunck, Kortelainen      
                v3.00  (2016)               
            Schunck, Navarro Perez          
  ==========================================
    Nucleus: Sn (A= 120, N= 70, Z= 50)
       Reflection Symmetry Imposed       
            (10/12/2021, 11: 0)                               
  ==========================================


  ---------------------------------------
           UNEDF Module Version: 17
         M.Kortelainen & M.Stoitsov 
  ---------------------------------------

  SLY4 functional
  ----------------------------------------
  Crho(0)=   -933.342374999999947    ; Crho(1)=    830.052485500000103    
  CDrho(0)=   861.062500000000000    ; CDrho(1)=  -1064.27324999999996    
  Ctau(0)=    57.1286874999999981    ; Ctau(1)=    24.6567364999999974    
  CrDr(0)=   -76.9962031249999939    ; CrDr(1)=    15.6571351249999999    
  CrdJ(0)=   -92.2500000000000000    ; CrdJ(1)=   -30.7500000000000000    
  CJ(0)=      17.2096115000000012    ; CJ(1)=      64.5758124999999978    
  CpV0(0)=   -370.199999999999989    ; CpV0(1)=   -370.199999999999989    
  CpV1(0)=   0.500000000000000000    ; CpV1(1)=   0.500000000000000000    
  sigma=     0.166666666666666657    ; hbzero=     20.7355300000000007    
  functional has DME couplings: F
  use 3-Nucleon DME couplings: F
  e^2 chrg=   1.43997840859651349    ; CExPar=     1.00000000000000000    
  c.m. correction: T, chr. density in direct Coul: F
  use tensor terms: F

  Coupling constants in natural units
  ----------------------------------------
  Crho_nu(0)=   -1.05105544200051493    ; Crho_nu(1)=   0.934738639752458078    
  CDrho_nu(0)=  0.931965346118903359    ; CDrho_nu(1)=  -1.15190916780296471    
  Ctau_nu(0)=   0.809805640428791551    ; Ctau_nu(1)=   0.349512043179120102    
  CrDr_nu(0)=   -1.09142993320520354    ; CrDr_nu(1)=   0.221941670499269772    
  CrdJ_nu(0)=   -1.30765423815409765    ; CrdJ_nu(1)=  -0.435884746051365901    
  CJ_nu(0)=     0.243948199620168005    ; CJ_nu(1)=     0.915369483987743648    
  CpV0_nu(0)=  -0.416889594912682071    ; CpV0_nu(1)=  -0.416889594912682071    
  CpV1_nu(0)=   0.443851127103029534E-03; CpV1_nu(1)=   0.443851127103029534E-03
  fpi_nu=        93.0000000000000000    ; Lambda_nu=     700.000000000000000    

  Nuclear matter properties
  ----------------------------------------
  E_NM=      -15.9721491414446017    ; K_NM=        229.900964482603513    
  P_NM=      0.964542432981854036E-15; RHO_NM=     0.159538756711733343    
  ASS_NM=     32.0043028150520144    ; LASS_NM=     45.9617514804616079    
  SMASS_NM=   1.43954698897607836    ; VMASS_NM=    1.24983854719625342    

  Associated (t,x)-coupling constants
  ----------------------------------------
  t0=      -2488.91299999999956    ; x0=       0.834000000000000075    
  t1=       486.817999999999984    ; x1=      -0.343999999999999917    
  t2=      -546.394999999999982    ; x2=       -1.00000000000000000    
  t3=       13777.0000000000000    ; x3=        1.35399999999999987    
  b4=       61.5000000000000000    ; b4p=       61.5000000000000000    
  te=      0.151582450295488038E-13; to=       0.113686837721616036E-13
  sigma=   0.166666666666666657    ; hbzero=    20.7355300000000007    

  ---------------------------------------
        Characteristics of the run       
  ---------------------------------------
  Output file ................:    57
  Nucleus ....................:   Sn 120
  Number of HO shells ........:    20
  HO length b0 (fm) ..........:     2.03901407814296
  Basis deformation ..........:  beta0=   0.000 q=   1.000
  HO: b0,1/b0,bp,bz,q ........:   0.20390141E+01  0.49043310E+00  0.20390141E+01  0.20390141E+01  0.10000000E+01
  h**2/(2m_n), cmc, e**2 .....:   0.20735530E+02  0.20562734E+02  0.14399784E+01
  h**2/(2m_p), cmc, e**2 .....:   0.20735530E+02  0.20562734E+02  0.14399784E+01
  hom=f*41.0_pr*A^{-1/3}, f...:   0.99748113E+01  0.12000000E+01
  THO basis is ...............:  OFF
  Maximal number of iterations:   100
  Initial mixing parameter ...:  0.300
  Initial wave functions from :  tape
  Energy functional ..........:    SLY4                          
    direct Coulomb by substitution method, exchange Coulomb with Slater approximation
  Pairing cutoff energy ......:    80.00 MeV
  Lipkin-Nogami procedure is .:  OFF
  PAV procedure is ...........:  OFF
  Constraint calculation is ..:  OFF
  Temperature T ..............:   0.00 MeV
  Pairing regularization is ..:   ON
  Collective inertia is ......:  OFF
  Fission fragments are ......:  OFF
  Restart indicator ..........:  -1
  Broyden mixing (#iterations):   7

  ---------------------------------------
        Harmonic Oscillator Basis        
  ---------------------------------------
  NUV, NQP:                      128843    1771
  Comparison with bookkeeping spherical basis:
  n00:                               20      20  Maximal number of shells
  nbx, 2*n00+1:                      41      41  Maximal number of K-blocks
  ntx, (n00+1)*(n00+2)*(n00+3)/6   1771    1771  Max.num. p/n levels
  nzx, n00:                          20      20  Maximal nz-quantum number
  nrx, n00/2  :                      10      10  Maximal nr-quantum number
  nlx, n00:                          20      20  Maximal ml-quantum number
  ndx, (n00+2)*(n00+2)/4:           121     121  Maximal dim. of one k-block

  Actual basis used
  Number of blocks: nb .......:   41
  Number of levels: nt .......: 1771
  Maximal 2*omega : nom ......:   41
  Maximal nz:       nzm ......:   20
  Maximal nr:       nrm ......:   10
  Maximal ml:       nlm ......:   20
  Maximal N=nz+2*nr+nl .......:   20
  2 x biggest block dim. .....:  242
  Non-zero elements of h .....:    65307
  Number of Broyden elements .:   261228

  ---------------------------------------
            Integration Meshes           
  ---------------------------------------
  Number of Gauss-Hermite mesh points ngh ....:  40
  Number of Gauss-Laguerre mesh points ngl ...:  40
  Number of Gauss-Legendre mesh points nleg ..:  80
  Integration boundaries
    Hermite  - from xh(1)  =  0.12379686 to xh(ngh)   = 11.88786356
    Laguerre - From xl(1)  =  0.03570039 to xl(ngl)   =142.28004447
    Legendre - From xleg(1)=  0.00978669 to xleg(nleg)=  0.99988775
  Max.dev.in:     Orthogonality            Normalization
  Hermite     8.1293541708538476E-015   1.0658141036401503E-014
  Laguerre    1.0729051022809037E-014   1.2878587085651816E-014

  Scratch initialization for the nucleus: Sn  70  50


  Initial potentials of Saxon-Woods shape 
  v0ws   =  -71.28000000
  kappa  =    0.46160000
  vs0    =   11.11750000   11.11750000
  r0     =    1.23340000    1.23340000
  a      =    0.61500000    0.61500000
  r0-so  =    1.14430000    1.14430000
  a-so   =    0.64760000    0.64760000
  b2_ws  =    0.00000000
  b3_ws  =    0.00000000
  b4_ws  =    0.00000000

  ### REGULAR STAGE (reflection symmetry imposed)
  |HFB+HO> iterations(b0=  2.039, Nsh= 20, inin=  1, N= 70, Z= 50)...
  ----------------------------------------------------------------------------------------------------------------------------------
  i          si     mix   beta      Etot       A       rn      rp         En      Dn      Ep      Dp        Ln      Lp     time  time(Gog.)
  ----------------------------------------------------------------------------------------------------------------------------------
   0L 105.91456086 0.30  0.000     0.000000    0.0   0.000   0.000 |   -2.000   1.000  -2.000   1.000 |   -7.000  -7.000   0.000   0.000
   1B  62.19778902 0.20  0.000  -608.742750  120.0   4.909   4.629 |  -54.278   1.162 -31.535   0.473 |  -15.842 -25.887  41.936   0.000
   2B  17.76642749 0.22  0.000  -935.181976  120.0   4.682   4.603 |   -9.056   0.724  -3.245   0.333 |   -8.269 -12.388  35.545   0.000
   3B   8.03019627 0.24  0.000  -958.545054  120.0   4.709   4.470 |   -7.848   0.980  -0.592   0.259 |   -7.002  -7.943  35.625   0.000
   4B   0.96487041 0.27  0.000 -1016.240747  120.0   4.696   4.552 |   -7.698   0.990  -0.417   0.227 |   -7.342  -7.739  35.583   0.000
   5B   0.49757908 0.29  0.000 -1017.711921  120.0   4.707   4.570 |   -8.463   1.053  -0.255   0.187 |   -7.683  -7.844  35.415   0.000
   6B   0.25106863 0.32  0.000 -1018.216509  120.0   4.719   4.584 |   -9.364   1.113  -0.134   0.139 |   -7.918  -7.998  35.359   0.000
   7B   0.11288911 0.35  0.000 -1018.346179  120.0   4.725   4.590 |  -10.061   1.156  -0.074   0.104 |   -7.997  -8.004  35.441   0.000
   8B   0.05530981 0.39  0.000 -1018.384522  120.0   4.727   4.592 |  -10.405   1.176  -0.050   0.085 |   -8.017  -8.045  36.638   0.000
   9B   0.02265015 0.43  0.000 -1018.416514  120.0   4.729   4.593 |  -10.987   1.210  -0.020   0.054 |   -8.033  -8.047  33.986   0.000
  10B   0.01311543 0.47  0.000 -1018.429752  120.0   4.729   4.593 |  -11.325   1.229  -0.008   0.035 |   -8.030  -8.052  33.910   0.000
  11B   0.00559814 0.52  0.000 -1018.434911  120.0   4.728   4.593 |  -11.679   1.249  -0.001   0.015 |   -8.027  -8.066  34.465   0.000
  12B   0.00198488 0.57  0.000 -1018.434352  120.0   4.728   4.593 |  -11.868   1.259  -0.000   0.004 |   -8.026  -8.132  35.547   0.000
  13B   0.00052340 0.63  0.000 -1018.433616  120.0   4.728   4.593 |  -11.912   1.261  -0.000   0.001 |   -8.025  -8.240  35.749   0.000
  14B   0.00018869 0.69  0.000 -1018.433359  120.0   4.728   4.593 |  -11.921   1.262  -0.000   0.000 |   -8.025 -11.140  35.526   0.000
  15B   0.00011143 0.76  0.000 -1018.433343  120.0   4.728   4.593 |  -11.923   1.262  -0.000   0.000 |   -8.025 -11.140  35.666   0.000
  16B   0.00006212 0.84  0.000 -1018.433346  120.0   4.728   4.593 |  -11.922   1.262  -0.000   0.000 |   -8.025 -11.140  35.720   0.000
  17B   0.00003518 0.90  0.000 -1018.433348  120.0   4.728   4.593 |  -11.922   1.262  -0.000   0.000 |   -8.025 -11.140  36.042   0.000
  18B   0.00002173 0.90  0.000 -1018.433353  120.0   4.728   4.593 |  -11.921   1.262  -0.000   0.000 |   -8.025 -11.140  35.912   0.000
  19B   0.00000663 0.90  0.000 -1018.433359  120.0   4.728   4.593 |  -11.921   1.262  -0.000   0.000 |   -8.025 -11.140  35.807   0.000
  20B   0.00000292 0.90  0.000 -1018.433361  120.0   4.728   4.593 |  -11.920   1.262  -0.000  -0.000 |   -8.025 -11.140  35.715   0.000
  21B   0.00000135 0.90  0.000 -1018.433362  120.0   4.728   4.593 |  -11.920   1.262  -0.000  -0.000 |   -8.025 -11.140  36.151   0.000
  22B   0.00000068 0.90  0.000 -1018.433362  120.0   4.728   4.593 |  -11.920   1.262  -0.000  -0.000 |   -8.025 -11.140  36.145   0.000
  23B   0.00000016 0.90  0.000 -1018.433362  120.0   4.728   4.593 |  -11.920   1.262  -0.000  -0.000 |   -8.025 -11.140  36.062   0.000
  24B   0.00000009 0.90  0.000 -1018.433362  120.0   4.728   4.593 |  -11.920   1.262  -0.000  -0.000 |   -8.025 -11.140  36.085   0.000
  25B   0.00000007 0.90  0.000 -1018.433362  120.0   4.728   4.593 |  -11.920   1.262  -0.000  -0.000 |   -8.025 -11.140  36.113   0.000
  26B   0.00000004 0.90  0.000 -1018.433362  120.0   4.728   4.593 |  -11.920   1.262  -0.000  -0.000 |   -8.025 -11.140  36.115   0.000
  27B   0.00000001 0.90  0.000 -1018.433362  120.0   4.728   4.593 |  -11.920   1.262  -0.000  -0.000 |   -8.025 -11.140  36.085   0.000
  28B   0.00000001 0.90  0.000 -1018.433362  120.0   4.728   4.593 |  -11.920   1.262  -0.000  -0.000 |   -8.025 -11.140  36.101   0.000
  28N   0.00000001 0.90  0.000 -1018.433362  120.0   4.728   4.593 |  -11.920   1.262  -0.000  -0.000 |   -8.025 -11.140  36.648   0.000
  ----------------------------------------------------------------------------------------------------------------------------------
  *   iteration converged   after  28 steps   si=     0.0000000068 ho=  0 tho=  0
  ----------------------------------------------------------------------------------------------------------------------------------
  Total CPU time=  17.352 minutes

  NB! From expect (UNPROJECTED RESULTS)

  pairing: CpV0,CpV1,...        -370.200000    -370.200000       0.500000       0.500000
  forces:   SLY4                          


                             neutrons         protons         total
  Requested part.numbs.      70.000000      50.000000     120.000000
  UnPj(av) part.numbs .      70.000000      50.000000     120.000000
  b0, bz, bp ..........       2.039014       2.039014       2.039014

  lambda (ala) ........      -8.024667      -8.240325
  Lambda (alast) ......      -8.024667     -11.139747
  delta(n,p), pwi .....       1.261683      -0.000000      80.000000
  pairing energy ......     -11.920339      -0.000000     -11.920339

  rms-radius ..........       4.727943       4.592537       4.672001
  charge-radius, r0 ...                      4.661636       5.918909
  deformation beta2....       0.000000       0.000000       0.000000
  dipole moment[fm] ...       0.000000       0.000000       0.000000
  quadrupole moment[b]        0.000000       0.000000       0.000000
  octupole moment .....       0.000000       0.000000       0.000000
  hexadecapole moment .      -0.000000      -0.000000      -0.000000
  q5 ..................       0.000000       0.000000       0.000000
  q6 ..................       0.000000       0.000000       0.000000
  q7 ..................       0.000000       0.000000       0.000000
  q8 ..................      -0.000000      -0.000000      -0.000000

  <Jx^2> from rho .....      24.859713      -0.000000      24.859713
  <Jx^2> from kappa ...     -24.791204      -0.000000     -24.791204
  <J^2> = 2*<Jx^2> ....       0.137018      -0.000000       0.137018

  kinetic energy ......    1340.946409     831.179076    2172.125484
  volume energy .......                                 -3702.311088
        rho_tau .......                                   715.633193
        rho_rho .......                                 -4417.944281
  surface energy ......                                   224.971673
   rho_DELTA_rho ......                                   224.971673
   (NABLA_rho)^2 ......                                     0.000000
  spin-orbit energy ...                                   -48.774165
        rho_NABLA_J ...                                   -48.774165
        NABLA_rho_J ...                                     0.000000
  coulomb energy ......                                   347.475073
          direct ......                                   366.582795
          exchange ....                                   -19.107722
          pairing .....                                     0.000000
  tensor energy .......                                     0.000000
  direct Hartree E  ...                                     0.000000
  Extra E .............                                     0.000000
  External field E ....                                     0.000000
  Entropy .............       0.000000       0.000000       0.000000

  tEnergy: ehfb (qp)...                                 -1018.433362

  Calculated but not added corrections
  ====================================
  cmc-diagonal part ...      11.268457       6.984698      18.253155
  cmc-hfb .............       0.000000       0.000000       0.000000
  cranking rot corr ...       0.000000       0.000000       0.000000

  SQUJ ................       0.000000       0.000000       0.000000
  CRAN x 4 ............       0.000000       0.000000       0.000000
  Rigit Body ..........       0.000000       0.000000       0.000000


   Blocking candidates are:
   neutron eqpmin=   1.1731542224026064       pwiblo=   1.0000000000000000     
    num=   1 block=   3 state=   1   149 Eqp=   1.17315422  (1-2N)E=  -0.45461445  overl=   0.64859844  3+[ 4, 0, 2]
    num=   2 block=   1 state=   1     1 Eqp=   1.17315423  (1-2N)E=  -0.45461447  overl=   0.45862836  1+[ 4, 1, 1]
    num=   3 block=   1 state=   2     2 Eqp=   1.40265215  (1-2N)E=  -0.94709115  overl=   0.60683938  1+[ 4, 0, 0]
    num=   4 block=   2 state=   1    75 Eqp=   1.65107429  (1-2N)E=   1.04255259  overl=   0.52250130  1-[ 5, 3, 0]
    num=   5 block=   4 state=   1   215 Eqp=   1.65107429  (1-2N)E=   1.04255259  overl=   0.53540451  3-[ 5, 2, 1]
    num=   6 block=   6 state=   1   340 Eqp=   1.65107429  (1-2N)E=   1.04255259  overl=   0.61823188  5-[ 5, 3, 2]
    num=   7 block=   8 state=   1   450 Eqp=   1.65107429  (1-2N)E=   1.04255260  overl=   0.75717632  7-[ 5, 2, 3]
    num=   8 block=  10 state=   1   547 Eqp=   1.65107430  (1-2N)E=   1.04255260  overl=   0.84654886  9-[ 5, 1, 4]
    num=   9 block=  12 state=   1   631 Eqp=   1.65107432  (1-2N)E=   1.04255263  overl=   0.88786793 11-[ 5, 0, 5]

   Blocking candidates are:
   proton  eqpmin=   2.8994216716226209       pwiblo=   1.0000000000000000     
    num=   1 block=   9 state=   1   455 Eqp=   2.89942167  (1-2N)E=  -2.89942167  overl=   0.97363666  9+[ 4, 0, 4]
    num=   2 block=   7 state=   1   362 Eqp=   2.89942169  (1-2N)E=  -2.89942169  overl=   0.91795345  7+[ 4, 1, 3]
    num=   3 block=   5 state=   1   256 Eqp=   2.89942170  (1-2N)E=  -2.89942170  overl=   0.79497101  5+[ 4, 2, 2]
    num=   4 block=   3 state=   1   136 Eqp=   2.89942171  (1-2N)E=  -2.89942171  overl=   0.60094160  3+[ 4, 3, 1]
    num=   5 block=   1 state=   1     1 Eqp=   2.89942171  (1-2N)E=  -2.89942171  overl=   0.60094160  1+[ 4, 2, 0]
    num=   6 block=   1 state=   2     2 Eqp=   3.07778456  (1-2N)E=   3.07778456  overl=   0.53153777  1+[ 4, 4, 0]
    num=   7 block=   3 state=   2   137 Eqp=   3.07778456  (1-2N)E=   3.07778456  overl=   0.61376695  3+[ 4, 1, 1]
    num=   8 block=   5 state=   2   257 Eqp=   3.07778459  (1-2N)E=   3.07778459  overl=   0.84043500  5+[ 4, 0, 2]
    num=   9 block=   1 state=   3     3 Eqp=   3.81648812  (1-2N)E=   3.81648812  overl=   0.55220534  1+[ 4, 3, 1]
    num=  10 block=   3 state=   3   138 Eqp=   3.81648812  (1-2N)E=   3.81648812  overl=   0.74086120  3+[ 4, 2, 2]
    num=  11 block=   5 state=   3   258 Eqp=   3.81648813  (1-2N)E=   3.81648813  overl=   0.86433807  5+[ 4, 1, 3]
    num=  12 block=   7 state=   2   363 Eqp=   3.81648816  (1-2N)E=   3.81648816  overl=   0.92401626  7+[ 4, 0, 4]



 HFBTHO_SOLVER ended without errors

