Distributed parallelism with MPI     : 1 tasks/HFBTHO
Multi-threading framework with OpenMP: 4 threads/task

  ==========================================
           FORTRAN 95 CODE (KIND= 8) 
 git: parent: 3cae9cc3ec7a0c93cd724b300dc0d972f613f33e
  ==========================================
       AXIALLY DEFORMED CONFIGURATIONAL     
     HARTREE-FOCK-BOGOLIUBOV CALCULATIONS   
                     WITH                   
      SKYRME+DELTA PAIRING OR GOGNY EDFs    
                  USING THE                 
             HARMONIC-OSCILLATOR            
                    AND/OR                  
        TRANSFORMED HARMONIC-OSCILLATOR     
                    BASIS                   
                     ---                    
                v1.66  (2005)               
    Stoitsov, Dobaczewski, Nazarewicz, Ring 
                v2.00d (2012)               
        Stoitsov, Schunck, Kortelainen      
                v3.00  (2016)               
            Schunck, Navarro Perez          
  ==========================================
    Nucleus: Ca (A=  49, N= 29, Z= 20)
       Reflection Symmetry Imposed       
            (10/12/2021,  8: 1)                               
  ==========================================


  ---------------------------------------
           UNEDF Module Version: 17
         M.Kortelainen & M.Stoitsov 
  ---------------------------------------

  SKM* functional
  ----------------------------------------
  Crho(0)=   -991.875000000000000    ; Crho(1)=    390.137499999999989    
  CDrho(0)=   974.687500000000000    ; CDrho(1)=  -324.895833333333314    
  Ctau(0)=    34.6875000000000000    ; Ctau(1)=   -34.0625000000000000    
  CrDr(0)=   -68.2031250000000000    ; CrDr(1)=    17.1093750000000000    
  CrdJ(0)=   -97.5000000000000000    ; CrdJ(1)=   -32.5000000000000000    
  CJ(0)=      34.0625000000000000    ; CJ(1)=      34.0625000000000000    
  CpV0(0)=   -280.000000000000000    ; CpV0(1)=   -280.000000000000000    
  CpV1(0)=   0.500000000000000000    ; CpV1(1)=   0.500000000000000000    
  sigma=     0.166666666666666657    ; hbzero=     20.7300000000000004    
  functional has DME couplings: F
  use 3-Nucleon DME couplings: F
  e^2 chrg=   1.43997840859651349    ; CExPar=     1.00000000000000000    
  c.m. correction: T, chr. density in direct Coul: F
  use tensor terms: F

  Coupling constants in natural units
  ----------------------------------------
  Crho_nu(0)=   -1.11697019706649536    ; Crho_nu(1)=   0.439341610846154806    
  CDrho_nu(0)=   1.05494661920042820    ; CDrho_nu(1)= -0.351648873066809420    
  Ctau_nu(0)=   0.491699256216479808    ; Ctau_nu(1)=  -0.482839810158525229    
  CrDr_nu(0)=  -0.966787051074294745    ; CrDr_nu(1)=   0.242527335836506930    
  CrdJ_nu(0)=   -1.38207358504091626    ; CrdJ_nu(1)=  -0.460691195013638755    
  CJ_nu(0)=     0.482839810158525229    ; CJ_nu(1)=     0.482839810158525229    
  CpV0_nu(0)=  -0.315313577999867589    ; CpV0_nu(1)=  -0.315313577999867589    
  CpV1_nu(0)=   0.443851127103029534E-03; CpV1_nu(1)=   0.443851127103029534E-03
  fpi_nu=        93.0000000000000000    ; Lambda_nu=     700.000000000000000    

  Nuclear matter properties
  ----------------------------------------
  E_NM=      -15.7762359616147627    ; K_NM=        216.657542303868979    
  P_NM=     -0.730495530692525363E-15; RHO_NM=     0.160318515964671449    
  ASS_NM=     30.0323865018228560    ; LASS_NM=     45.7703887670942962    
  SMASS_NM=   1.26826090316085582    ; VMASS_NM=    1.53168827653502970    

  Associated (t,x)-coupling constants
  ----------------------------------------
  t0=      -2645.00000000000000    ; x0=       0.899999999999999689E-01
  t1=       410.000000000000000    ; x1=        0.00000000000000000    
  t2=      -135.000000000000000    ; x2=        0.00000000000000000    
  t3=       15595.0000000000000    ; x3=       -0.00000000000000000    
  b4=       65.0000000000000000    ; b4p=       65.0000000000000000    
  te=       0.00000000000000000    ; to=        0.00000000000000000    
  sigma=   0.166666666666666657    ; hbzero=    20.7300000000000004    

  ---------------------------------------
        Characteristics of the run       
  ---------------------------------------
  Output file ................:    57
  Nucleus ....................:   Ca  49
  Number of HO shells ........:    10
  HO length b0 (fm) ..........:     1.75000371403579
  Basis deformation ..........:  beta0=   0.000 q=   1.000
  HO: b0,1/b0,bp,bz,q ........:   0.17500037E+01  0.57142736E+00  0.17500037E+01  0.17500037E+01  0.10000000E+01
  h**2/(2m_n), cmc, e**2 .....:   0.20730000E+02  0.20306939E+02  0.14399784E+01
  h**2/(2m_p), cmc, e**2 .....:   0.20730000E+02  0.20306939E+02  0.14399784E+01
  hom=f*41.0_pr*A^{-1/3}, f...:   0.13537902E+02  0.12000000E+01
  THO basis is ...............:  OFF
  Maximal number of iterations:    50
  Initial mixing parameter ...:  0.300
  Initial wave functions from :  tape
  Energy functional ..........:    SKM*                          
    direct Coulomb by substitution method, exchange Coulomb with Slater approximation
  Pairing cutoff energy ......:    60.00 MeV
  Lipkin-Nogami procedure is .:  OFF
  PAV procedure is ...........:  OFF
  Constraint calculation is ..:  OFF
  Neutron blocking is ........:   ON
  Temperature T ..............:   0.00 MeV
  Pairing regularization is ..:  OFF
  Collective inertia is ......:  OFF
  Fission fragments are ......:  OFF
  Restart indicator ..........:  -1
  Broyden mixing (#iterations):   7

  ---------------------------------------
        Harmonic Oscillator Basis        
  ---------------------------------------
  NUV, NQP:                        6222     286
  Comparison with bookkeeping spherical basis:
  n00:                               10      10  Maximal number of shells
  nbx, 2*n00+1:                      21      21  Maximal number of K-blocks
  ntx, (n00+1)*(n00+2)*(n00+3)/6    286     286  Max.num. p/n levels
  nzx, n00:                          10      10  Maximal nz-quantum number
  nrx, n00/2  :                       5       5  Maximal nr-quantum number
  nlx, n00:                          10      10  Maximal ml-quantum number
  ndx, (n00+2)*(n00+2)/4:            36      36  Maximal dim. of one k-block

  Actual basis used
  Number of blocks: nb .......:   21
  Number of levels: nt .......:  286
  Maximal 2*omega : nom ......:   21
  Maximal nz:       nzm ......:   10
  Maximal nr:       nrm ......:    5
  Maximal ml:       nlm ......:   10
  Maximal N=nz+2*nr+nl .......:   10
  2 x biggest block dim. .....:   72
  Non-zero elements of h .....:     3254
  Number of Broyden elements .:    13016

  ---------------------------------------
            Integration Meshes           
  ---------------------------------------
  Number of Gauss-Hermite mesh points ngh ....:  40
  Number of Gauss-Laguerre mesh points ngl ...:  40
  Number of Gauss-Legendre mesh points nleg ..:  80
  Integration boundaries
    Hermite  - from xh(1)  =  0.12379686 to xh(ngh)   = 11.88786356
    Laguerre - From xl(1)  =  0.03570039 to xl(ngl)   =142.28004447
    Legendre - From xleg(1)=  0.00978669 to xleg(nleg)=  0.99988775
  Max.dev.in:     Orthogonality            Normalization
  Hermite     1.5150139407621233E-015   1.0658141036401503E-014
  Laguerre    4.3068680416470186E-015   8.2156503822261584E-015

  Initialization for the even-even core (N,Z)=:   28  20

  Initial potentials of Saxon-Woods shape 
  v0ws   =  -71.28000000
  kappa  =    0.46160000
  vs0    =   11.11750000   11.11750000
  r0     =    1.23340000    1.23340000
  a      =    0.61500000    0.61500000
  r0-so  =    1.14430000    1.14430000
  a-so   =    0.64760000    0.64760000
  b2_ws  =    0.00000000
  b3_ws  =    0.00000000
  b4_ws  =    0.00000000

  ### REGULAR STAGE (reflection symmetry imposed)
  |HFB+HO> iterations(b0=  1.750, Nsh= 10, inin=  1, N= 28, Z= 20)...
  ----------------------------------------------------------------------------------------------------------------------------------
  i          si     mix   beta      Etot       A       rn      rp         En      Dn      Ep      Dp        Ln      Lp     time  time(Gog.)
  ----------------------------------------------------------------------------------------------------------------------------------
   0L  70.22287334 0.30  0.000     0.000000    0.0   0.000   0.000 |   -2.000   1.000  -2.000   1.000 |   -7.000  -7.000   0.000   0.000
   1B  46.56990917 0.20 -0.000  -245.615288   48.0   3.317   3.042 |   -1.885   0.552  -0.783   0.356 |  -12.112 -25.752   5.962   0.000
   2B  11.88606876 0.22 -0.000  -404.078490   48.0   3.621   3.462 |   -1.345   0.587  -0.512   0.374 |   -7.095 -13.448   0.207   0.000
   3B   3.49412916 0.24 -0.000  -415.510396   48.0   3.573   3.425 |   -1.445   0.624  -0.340   0.318 |   -7.836 -12.882   0.201   0.000
   4B   1.15570632 0.27 -0.000  -418.837426   48.0   3.592   3.442 |   -1.271   0.602  -0.303   0.307 |   -7.906 -12.584   0.199   0.000
   5B   0.33942965 0.29 -0.000  -419.188605   48.0   3.594   3.445 |   -1.255   0.602  -0.269   0.292 |   -8.026 -12.566   0.205   0.000
   6B   0.04665142 0.32 -0.000  -419.234145   48.0   3.595   3.446 |   -1.196   0.591  -0.233   0.274 |   -8.031 -12.569   0.200   0.000
   7B   0.03104495 0.35 -0.000  -419.241922   48.0   3.596   3.446 |   -1.152   0.582  -0.200   0.254 |   -8.045 -12.571   0.200   0.000
   8B   0.02835542 0.39 -0.000  -419.249724   48.0   3.596   3.447 |   -1.085   0.566  -0.157   0.226 |   -8.048 -12.572   0.200   0.000
   9B   0.02215740 0.43 -0.000  -419.261735   48.0   3.596   3.447 |   -0.962   0.534  -0.091   0.172 |   -8.050 -12.571   0.202   0.000
  10B   0.01353651 0.47  0.000  -419.278202   48.0   3.596   3.447 |   -0.720   0.462  -0.012   0.064 |   -8.056 -12.568   0.200   0.000
  11B   0.00991622 0.52 -0.000  -419.283496   48.0   3.595   3.447 |   -0.569   0.411  -0.000  -0.005 |   -8.061 -12.667   0.201   0.000
  12B   0.00824378 0.57  0.000  -419.284200   48.0   3.595   3.446 |   -0.536   0.398  -0.001  -0.014 |   -8.061 -14.632   0.198   0.000
  13B   0.00726449 0.63 -0.000  -419.284821   48.0   3.595   3.446 |   -0.506   0.387  -0.001  -0.019 |   -8.062 -12.586   0.199   0.000
  14B   0.00664995 0.69  0.000  -419.285750   48.0   3.595   3.446 |   -0.465   0.371  -0.001  -0.017 |   -8.062 -12.587   0.200   0.000
  15B   0.00510504 0.76 -0.000  -419.288383   48.0   3.595   3.446 |   -0.339   0.317  -0.000  -0.009 |   -8.064 -12.612   0.200   0.000
  16B   0.00436689 0.84  0.000  -419.291750   48.0   3.595   3.446 |   -0.147   0.209  -0.000  -0.002 |   -8.069 -12.649   0.201   0.000
  17B   0.00355218 0.90  0.000  -419.291788   48.0   3.595   3.446 |   -0.145   0.208  -0.000  -0.002 |   -8.069 -14.642   0.197   0.000
  18B   0.00435305 0.20  0.000  -419.293027   48.0   3.595   3.446 |   -0.061   0.135  -0.000  -0.002 |   -8.071 -14.645   0.201   0.000
  19B   0.00371106 0.22  0.000  -419.293123   48.0   3.595   3.446 |   -0.055   0.128  -0.000  -0.001 |   -8.071 -14.645   0.197   0.000
  20B   0.00237332 0.24 -0.000  -419.293677   48.0   3.595   3.446 |   -0.014   0.065  -0.000   0.004 |   -8.072 -14.646   0.198   0.000
  21B   0.00112747 0.27  0.000  -419.293775   48.0   3.595   3.446 |   -0.006   0.044  -0.000   0.005 |   -8.072 -14.646   0.198   0.000
  22B   0.00061431 0.29 -0.000  -419.293818   48.0   3.595   3.446 |   -0.003   0.031  -0.000   0.005 |   -8.072 -14.646   0.197   0.000
  23B   0.00051184 0.32  0.000  -419.293858   48.0   3.595   3.446 |   -0.001   0.016  -0.000   0.001 |   -8.074 -14.647   0.198   0.000
  24B   0.00037608 0.35 -0.000  -419.293869   48.0   3.595   3.446 |   -0.000   0.004  -0.000   0.000 |   -8.075 -14.646   0.198   0.000
  25B   0.00021263 0.39  0.000  -419.293869   48.0   3.595   3.446 |   -0.000   0.003  -0.000   0.000 |  -10.337 -14.646   0.198   0.000
  26B   0.00001858 0.43  0.000  -419.293870   48.0   3.595   3.446 |   -0.000   0.000  -0.000  -0.000 |  -10.337 -14.646   0.196   0.000
  27B   0.00001483 0.47 -0.000  -419.293870   48.0   3.595   3.446 |   -0.000   0.001  -0.000  -0.000 |  -10.337 -14.646   0.197   0.000
  28B   0.00000479 0.52  0.000  -419.293870   48.0   3.595   3.446 |   -0.000   0.000  -0.000  -0.000 |  -10.337 -14.646   0.196   0.000
  28N   0.00000479 0.52  0.000  -419.293870   48.0   3.595   3.446 |   -0.000   0.000  -0.000  -0.000 |  -10.337 -14.646   0.198   0.000
  ----------------------------------------------------------------------------------------------------------------------------------
  *   iteration converged   after  28 steps   si=     0.0000047915 ho=  0 tho=  0
  ----------------------------------------------------------------------------------------------------------------------------------
  Total CPU time=   0.192 minutes

  NB! From expect (UNPROJECTED RESULTS)

  pairing: CpV0,CpV1,...        -280.000000    -280.000000       0.500000       0.500000
  forces:   SKM*                          


                             neutrons         protons         total
  Requested part.numbs.      28.000000      20.000000      48.000000
  UnPj(av) part.numbs .      28.000000      20.000000      48.000000
  b0, bz, bp ..........       1.750004       1.750004       1.750004

  lambda (ala) ........      -8.073946     -12.583445
  Lambda (alast) ......     -10.337324     -14.646289
  delta(n,p), pwi .....       0.000413      -0.000014      60.000000
  pairing energy ......      -0.000001      -0.000000      -0.000001

  rms-radius ..........       3.594563       3.445930       3.533392
  charge-radius, r0 ...                      3.537498       4.361089
  deformation beta2....      -0.000000       0.000000      -0.000000
  dipole moment[fm] ...       0.000000       0.000000       0.000000
  quadrupole moment[b]       -0.000000       0.000000      -0.000000
  octupole moment .....       0.000000       0.000000       0.000000
  hexadecapole moment .      -0.000000       0.000000      -0.000000
  q5 ..................       0.000000       0.000000       0.000000
  q6 ..................       0.000000       0.000000       0.000000
  q7 ..................       0.000000       0.000000       0.000000
  q8 ..................      -0.000000      -0.000000      -0.000000

  <Jx^2> from rho .....       0.000000       0.000000       0.000000
  <Jx^2> from kappa ...      -0.000000      -0.000000      -0.000000
  <J^2> = 2*<Jx^2> ....       0.000000       0.000000       0.000000

  kinetic energy ......     519.088164     310.254419     829.342584
  volume energy .......                                 -1405.188778
        rho_tau .......                                   144.426961
        rho_rho .......                                 -1549.615738
  surface energy ......                                   120.588062
   rho_DELTA_rho ......                                   120.588062
   (NABLA_rho)^2 ......                                     0.000000
  spin-orbit energy ...                                   -35.365530
        rho_NABLA_J ...                                   -35.365530
        NABLA_rho_J ...                                     0.000000
  coulomb energy ......                                    71.329792
          direct ......                                    78.762766
          exchange ....                                    -7.432974
          pairing .....                                     0.000000
  tensor energy .......                                     0.000000
  direct Hartree E  ...                                     0.000000
  Extra E .............                                     0.000000
  External field E ....                                     0.000000
  Entropy .............       0.000000       0.000000       0.000000

  tEnergy: ehfb (qp)...                                  -419.293870

  Calculated but not added corrections
  ====================================
  cmc-diagonal part ...      11.044429       6.601158      17.645587
  cmc-hfb .............       0.000000       0.000000       0.000000
  cranking rot corr ...       0.000000       0.000000       0.000000

  SQUJ ................       0.000000       0.000000       0.000000
  CRAN x 4 ............       0.000000       0.000000       0.000000
  Rigit Body ..........       0.000000       0.000000       0.000000


   Blocking candidates are:
   neutron eqpmin=   2.2633783799453280       pwiblo=   1.0000000000000000     
    num=   1 block=   2 state=   2    27 Eqp=   2.26337838  (1-2N)E=  -2.26337834  overl=   0.57205858  1-[ 3, 1, 0]
    num=   2 block=   4 state=   2    69 Eqp=   2.26337839  (1-2N)E=  -2.26337835  overl=   0.73852444  3-[ 3, 2, 1]
    num=   3 block=   6 state=   1   102 Eqp=   2.26337840  (1-2N)E=  -2.26337836  overl=   0.90450403  5-[ 3, 1, 2]
    num=   4 block=   8 state=   1   128 Eqp=   2.26337843  (1-2N)E=  -2.26337839  overl=   0.97697601  7-[ 3, 0, 3]
    num=   5 block=   4 state=   1    68 Eqp=   1.53964908  (1-2N)E=   1.53964903  overl=   0.83112495  3-[ 3, 0, 1]
    num=   6 block=   2 state=   1    26 Eqp=   1.53964889  (1-2N)E=   1.53964885  overl=   0.58769411  1-[ 3, 3, 0]

   Blocking candidates are:
   proton  eqpmin=   2.0628440702214004       pwiblo=   1.0000000000000000     
    num=   1 block=   3 state=   1    47 Eqp=   2.06284407  (1-2N)E=  -2.06284407  overl=   0.87121866  3+[ 2, 0, 2]
    num=   2 block=   1 state=   1     1 Eqp=   2.06284414  (1-2N)E=  -2.06284414  overl=   0.75449750  1+[ 2, 1, 1]
    num=   3 block=   8 state=   1   125 Eqp=   2.72899722  (1-2N)E=   2.72899722  overl=   0.97699175  7-[ 3, 0, 3]
    num=   4 block=   2 state=   1    26 Eqp=   2.72899723  (1-2N)E=   2.72899723  overl=   0.57206779  1-[ 3, 1, 0]
    num=   5 block=   4 state=   1    67 Eqp=   2.72899723  (1-2N)E=   2.72899723  overl=   0.73853634  3-[ 3, 2, 1]
    num=   6 block=   6 state=   1   100 Eqp=   2.72899723  (1-2N)E=   2.72899723  overl=   0.90451860  5-[ 3, 1, 2]
    num=   7 block=   1 state=   2     2 Eqp=   2.96554981  (1-2N)E=  -2.96554981  overl=   0.74743767  1+[ 2, 0, 0]


Distributed parallelism with MPI     : 1 tasks/HFBTHO
Multi-threading framework with OpenMP: 4 threads/task

  ==========================================
           FORTRAN 95 CODE (KIND= 8) 
 git: parent: 3cae9cc3ec7a0c93cd724b300dc0d972f613f33e
  ==========================================
       AXIALLY DEFORMED CONFIGURATIONAL     
     HARTREE-FOCK-BOGOLIUBOV CALCULATIONS   
                     WITH                   
      SKYRME+DELTA PAIRING OR GOGNY EDFs    
                  USING THE                 
             HARMONIC-OSCILLATOR            
                    AND/OR                  
        TRANSFORMED HARMONIC-OSCILLATOR     
                    BASIS                   
                     ---                    
                v1.66  (2005)               
    Stoitsov, Dobaczewski, Nazarewicz, Ring 
                v2.00d (2012)               
        Stoitsov, Schunck, Kortelainen      
                v3.00  (2016)               
            Schunck, Navarro Perez          
  ==========================================
    Nucleus: Ca (A=  49, N= 29, Z= 20)
       Reflection Symmetry Imposed       
            (10/12/2021,  8: 1)                               
  ==========================================


  ---------------------------------------
           UNEDF Module Version: 17
         M.Kortelainen & M.Stoitsov 
  ---------------------------------------

  SKM* functional
  ----------------------------------------
  Crho(0)=   -991.875000000000000    ; Crho(1)=    390.137499999999989    
  CDrho(0)=   974.687500000000000    ; CDrho(1)=  -324.895833333333314    
  Ctau(0)=    34.6875000000000000    ; Ctau(1)=   -34.0625000000000000    
  CrDr(0)=   -68.2031250000000000    ; CrDr(1)=    17.1093750000000000    
  CrdJ(0)=   -97.5000000000000000    ; CrdJ(1)=   -32.5000000000000000    
  CJ(0)=      34.0625000000000000    ; CJ(1)=      34.0625000000000000    
  CpV0(0)=   -280.000000000000000    ; CpV0(1)=   -280.000000000000000    
  CpV1(0)=   0.500000000000000000    ; CpV1(1)=   0.500000000000000000    
  sigma=     0.166666666666666657    ; hbzero=     20.7300000000000004    
  functional has DME couplings: F
  use 3-Nucleon DME couplings: F
  e^2 chrg=   1.43997840859651349    ; CExPar=     1.00000000000000000    
  c.m. correction: T, chr. density in direct Coul: F
  use tensor terms: F

  Coupling constants in natural units
  ----------------------------------------
  Crho_nu(0)=   -1.11697019706649536    ; Crho_nu(1)=   0.439341610846154806    
  CDrho_nu(0)=   1.05494661920042820    ; CDrho_nu(1)= -0.351648873066809420    
  Ctau_nu(0)=   0.491699256216479808    ; Ctau_nu(1)=  -0.482839810158525229    
  CrDr_nu(0)=  -0.966787051074294745    ; CrDr_nu(1)=   0.242527335836506930    
  CrdJ_nu(0)=   -1.38207358504091626    ; CrdJ_nu(1)=  -0.460691195013638755    
  CJ_nu(0)=     0.482839810158525229    ; CJ_nu(1)=     0.482839810158525229    
  CpV0_nu(0)=  -0.315313577999867589    ; CpV0_nu(1)=  -0.315313577999867589    
  CpV1_nu(0)=   0.443851127103029534E-03; CpV1_nu(1)=   0.443851127103029534E-03
  fpi_nu=        93.0000000000000000    ; Lambda_nu=     700.000000000000000    

  Nuclear matter properties
  ----------------------------------------
  E_NM=      -15.7762359616147627    ; K_NM=        216.657542303868979    
  P_NM=     -0.730495530692525363E-15; RHO_NM=     0.160318515964671449    
  ASS_NM=     30.0323865018228560    ; LASS_NM=     45.7703887670942962    
  SMASS_NM=   1.26826090316085582    ; VMASS_NM=    1.53168827653502970    

  Associated (t,x)-coupling constants
  ----------------------------------------
  t0=      -2645.00000000000000    ; x0=       0.899999999999999689E-01
  t1=       410.000000000000000    ; x1=        0.00000000000000000    
  t2=      -135.000000000000000    ; x2=        0.00000000000000000    
  t3=       15595.0000000000000    ; x3=       -0.00000000000000000    
  b4=       65.0000000000000000    ; b4p=       65.0000000000000000    
  te=       0.00000000000000000    ; to=        0.00000000000000000    
  sigma=   0.166666666666666657    ; hbzero=    20.7300000000000004    

  ---------------------------------------
        Characteristics of the run       
  ---------------------------------------
  Output file ................:    57
  Nucleus ....................:   Ca  49
  Number of HO shells ........:    10
  HO length b0 (fm) ..........:     1.75000371403579
  Basis deformation ..........:  beta0=   0.000 q=   1.000
  HO: b0,1/b0,bp,bz,q ........:   0.17500037E+01  0.57142736E+00  0.17500037E+01  0.17500037E+01  0.10000000E+01
  h**2/(2m_n), cmc, e**2 .....:   0.20730000E+02  0.20306939E+02  0.14399784E+01
  h**2/(2m_p), cmc, e**2 .....:   0.20730000E+02  0.20306939E+02  0.14399784E+01
  hom=f*41.0_pr*A^{-1/3}, f...:   0.13537902E+02  0.12000000E+01
  THO basis is ...............:  OFF
  Maximal number of iterations:    50
  Initial mixing parameter ...:  0.519
  Initial wave functions from :  tape
  Energy functional ..........:    SKM*                          
    direct Coulomb by substitution method, exchange Coulomb with Slater approximation
  Pairing cutoff energy ......:    60.00 MeV
  Lipkin-Nogami procedure is .:  OFF
  PAV procedure is ...........:  OFF
  Constraint calculation is ..:  OFF
  Neutron blocking is ........:   ON
  Temperature T ..............:   0.00 MeV
  Pairing regularization is ..:  OFF
  Collective inertia is ......:  OFF
  Fission fragments are ......:  OFF
  Restart indicator ..........:  -1
  Broyden mixing (#iterations):   7

  ---------------------------------------
        Harmonic Oscillator Basis        
  ---------------------------------------
  NUV, NQP:                        6222     286
  Comparison with bookkeeping spherical basis:
  n00:                               10      10  Maximal number of shells
  nbx, 2*n00+1:                      21      21  Maximal number of K-blocks
  ntx, (n00+1)*(n00+2)*(n00+3)/6    286     286  Max.num. p/n levels
  nzx, n00:                          10      10  Maximal nz-quantum number
  nrx, n00/2  :                       5       5  Maximal nr-quantum number
  nlx, n00:                          10      10  Maximal ml-quantum number
  ndx, (n00+2)*(n00+2)/4:            36      36  Maximal dim. of one k-block

  Actual basis used
  Number of blocks: nb .......:   21
  Number of levels: nt .......:  286
  Maximal 2*omega : nom ......:   21
  Maximal nz:       nzm ......:   10
  Maximal nr:       nrm ......:    5
  Maximal ml:       nlm ......:   10
  Maximal N=nz+2*nr+nl .......:   10
  2 x biggest block dim. .....:   72
  Non-zero elements of h .....:     3254
  Number of Broyden elements .:    13016

  ---------------------------------------
            Integration Meshes           
  ---------------------------------------
  Number of Gauss-Hermite mesh points ngh ....:  40
  Number of Gauss-Laguerre mesh points ngl ...:  40
  Number of Gauss-Legendre mesh points nleg ..:  80
  Integration boundaries
    Hermite  - from xh(1)  =  0.12379686 to xh(ngh)   = 11.88786356
    Laguerre - From xl(1)  =  0.03570039 to xl(ngl)   =142.28004447
    Legendre - From xleg(1)=  0.00978669 to xleg(nleg)=  0.99988775
  Max.dev.in:     Orthogonality            Normalization
  Hermite     1.5150139407621233E-015   1.0658141036401503E-014
  Laguerre    4.3068680416470186E-015   8.2156503822261584E-015

  Reading from wel_file: hfbtho_output.hel


  ### REGULAR STAGE (reflection symmetry imposed)
  |HFB+HO> iterations(b0=  1.750, Nsh= 10, inin= -1, N= 29, Z= 20)...
  ----------------------------------------------------------------------------------------------------------------------------------
  i          si     mix   beta      Etot       A       rn      rp         En      Dn      Ep      Dp        Ln      Lp     time  time(Gog.)
  ----------------------------------------------------------------------------------------------------------------------------------
   0N   0.00000479 0.52  0.000  -419.293870   48.0   3.595   3.446 |   -0.000   0.000  -0.000  -0.000 |  -10.337 -14.646   0.000   0.000
    neutron Blocking: block=  4 state=  1   Eqp=   1.41474650  Dqpe=  -0.12490258  Ovlp=   1.00000000   1/  6  3-[ 3, 0, 1]
   1B   1.07989259 0.20 -0.009  -425.207289   49.0   3.621   3.446 |   -0.000   0.000  -0.000  -0.000 |  -10.337 -14.646   5.932   0.000
    neutron Blocking: block=  4 state=  1   Eqp=   1.68778598  Dqpe=  -0.04641042  Ovlp=   0.99959525   1/  6  3-[ 3, 0, 1]
   2B   0.70042147 0.22 -0.013  -425.345612   49.0   3.628   3.450 |   -0.000   0.000  -0.000  -0.000 |  -10.439 -14.944   0.196   0.000
    neutron Blocking: block=  4 state=  1   Eqp=   1.44656519  Dqpe=  -0.00000000  Ovlp=   0.99995537   1/  6  3-[ 3, 0, 1]
   3B   0.27188529 0.24 -0.014  -425.437508   49.0   3.629   3.452 |   -0.000   0.000  -0.000  -0.000 |  -10.411 -15.022   0.198   0.000
    neutron Blocking: block=  4 state=  1   Eqp=   1.38827188  Dqpe=   0.00000000  Ovlp=   0.99996132   1/  6  3-[ 3, 0, 1]
   4B   0.08056765 0.27 -0.017  -425.454495   49.0   3.631   3.454 |   -0.000   0.000  -0.000  -0.000 |  -10.389 -15.112   0.197   0.000
    neutron Blocking: block=  4 state=  1   Eqp=   1.35797093  Dqpe=   0.00000000  Ovlp=   0.99998695   1/  6  3-[ 3, 0, 1]
   5B   0.06769344 0.29 -0.019  -425.458987   49.0   3.632   3.455 |   -0.000   0.000  -0.000  -0.000 |  -10.382 -15.107   0.196   0.000
    neutron Blocking: block=  4 state=  1   Eqp=   1.33890745  Dqpe=   0.00000000  Ovlp=   0.99999240   1/  6  3-[ 3, 0, 1]
   6B   0.04341844 0.32 -0.020  -425.461188   49.0   3.632   3.455 |   -0.000   0.000  -0.000  -0.000 |  -10.371 -15.078   0.195   0.000
    neutron Blocking: block=  4 state=  1   Eqp=   1.32574238  Dqpe=   0.00000000  Ovlp=   0.99999174   1/  6  3-[ 3, 0, 1]
   7B   0.02656195 0.35 -0.021  -425.462493   49.0   3.633   3.455 |   -0.000   0.000  -0.000  -0.000 |  -10.357 -15.056   0.197   0.000
    neutron Blocking: block=  4 state=  1   Eqp=   1.31840804  Dqpe=   0.00000000  Ovlp=   0.99999464   1/  6  3-[ 3, 0, 1]
   8B   0.00637499 0.39 -0.023  -425.463019   49.0   3.633   3.455 |   -0.000   0.000  -0.000  -0.000 |  -10.347 -15.036   0.196   0.000
    neutron Blocking: block=  4 state=  1   Eqp=   1.31817730  Dqpe=   0.00000000  Ovlp=   0.99999952   1/  6  3-[ 3, 0, 1]
   9B   0.00114130 0.43 -0.023  -425.463057   49.0   3.633   3.455 |   -0.000   0.000  -0.000  -0.000 |  -10.344 -15.029   0.195   0.000
    neutron Blocking: block=  4 state=  1   Eqp=   1.31793772  Dqpe=   0.00000000  Ovlp=   0.99999999   1/  6  3-[ 3, 0, 1]
  10B   0.00020137 0.47 -0.023  -425.463058   49.0   3.633   3.455 |   -0.000   0.000  -0.000  -0.000 |  -10.344 -15.028   0.194   0.000
    neutron Blocking: block=  4 state=  1   Eqp=   1.31800228  Dqpe=   0.00000000  Ovlp=   1.00000000   1/  6  3-[ 3, 0, 1]
  11B   0.00018740 0.52 -0.023  -425.463058   49.0   3.633   3.455 |   -0.000   0.000  -0.000  -0.000 |  -10.344 -15.029   0.196   0.000
    neutron Blocking: block=  4 state=  1   Eqp=   1.31797987  Dqpe=   0.00000000  Ovlp=   1.00000000   1/  6  3-[ 3, 0, 1]
  12B   0.00007091 0.57 -0.023  -425.463058   49.0   3.633   3.455 |   -0.000   0.000  -0.000  -0.000 |  -10.344 -15.028   0.198   0.000
    neutron Blocking: block=  4 state=  1   Eqp=   1.31798808  Dqpe=   0.00000000  Ovlp=   1.00000000   1/  6  3-[ 3, 0, 1]
  13B   0.00002402 0.63 -0.023  -425.463058   49.0   3.633   3.455 |   -0.000   0.000  -0.000  -0.000 |  -10.344 -15.028   0.196   0.000
    neutron Blocking: block=  4 state=  1   Eqp=   1.31798407  Dqpe=  -0.00000000  Ovlp=   1.00000000   1/  6  3-[ 3, 0, 1]
  14B   0.00001268 0.69 -0.023  -425.463058   49.0   3.633   3.455 |   -0.000   0.000  -0.000  -0.000 |  -10.344 -15.028   0.198   0.000
    neutron Blocking: block=  4 state=  1   Eqp=   1.31798143  Dqpe=  -0.00000000  Ovlp=   1.00000000   1/  6  3-[ 3, 0, 1]
  15B   0.00001136 0.76 -0.023  -425.463058   49.0   3.633   3.455 |   -0.000   0.000  -0.000  -0.000 |  -10.344 -15.028   0.197   0.000
    neutron Blocking: block=  4 state=  1   Eqp=   1.31798162  Dqpe=  -0.00000000  Ovlp=   1.00000000   1/  6  3-[ 3, 0, 1]
  16B   0.00001022 0.84 -0.023  -425.463058   49.0   3.633   3.455 |   -0.000   0.000  -0.000  -0.000 |  -10.344 -15.028   0.196   0.000
    neutron Blocking: block=  4 state=  1   Eqp=   1.31798194  Dqpe=  -0.00000000  Ovlp=   1.00000000   1/  6  3-[ 3, 0, 1]
  17B   0.00000859 0.90 -0.023  -425.463058   49.0   3.633   3.455 |   -0.000   0.000  -0.000  -0.000 |  -10.344 -15.028   0.198   0.000
    neutron Blocking: block=  4 state=  1   Eqp=   1.31798348  Dqpe=  -0.00000000  Ovlp=   1.00000000   1/  6  3-[ 3, 0, 1]
  17N   0.00000859 0.90 -0.023  -425.463058   49.0   3.633   3.455 |   -0.000   0.000  -0.000  -0.000 |  -10.344 -15.028   0.198   0.000
  ----------------------------------------------------------------------------------------------------------------------------------
  *   iteration converged   after  17 steps   si=     0.0000085878 ho=  0 tho=  0
  ----------------------------------------------------------------------------------------------------------------------------------
  Total CPU time=   0.155 minutes
    neutron Blocking: block=  4 state=  1   Eqp=   1.31798279  Dqpe=  -0.00000000  Ovlp=   1.00000000   1/  6  3-[ 3, 0, 1]

  NB! From expect (UNPROJECTED RESULTS)

  pairing: CpV0,CpV1,...        -280.000000    -280.000000       0.500000       0.500000
  forces:   SKM*                          
  Blocked neutron block       4


                             neutrons         protons         total
  Requested part.numbs.      29.000000      20.000000      49.000000
  UnPj(av) part.numbs .      29.000000      20.000000      49.000000
  b0, bz, bp ..........       1.750004       1.750004       1.750004

  lambda (ala) ........      -7.844935     -12.583445
  Lambda (alast) ......     -10.343656     -15.028470
  delta(n,p), pwi .....       0.000047      -0.000003      60.000000
  pairing energy ......      -0.000000      -0.000000      -0.000000

  rms-radius ..........       3.632518       3.455211       3.561214
  charge-radius, r0 ...                      3.545721       4.361089
  deformation beta2....      -0.028380      -0.014121      -0.022901
  dipole moment[fm] ...       0.000000       0.000000       0.000000
  quadrupole moment[b]       -0.137006      -0.042535      -0.179541
  octupole moment .....       0.000000       0.000000       0.000000
  hexadecapole moment .      -0.000260      -0.000080      -0.000339
  q5 ..................       0.000000       0.000000       0.000000
  q6 ..................       0.000003       0.000001       0.000004
  q7 ..................       0.000000       0.000000       0.000000
  q8 ..................      -0.000000       0.000000      -0.000000

  <Jx^2> from rho .....       0.022217       0.005854       0.028071
  <Jx^2> from kappa ...      -0.000000      -0.000000      -0.000000
  <J^2> = 2*<Jx^2> ....       0.044434       0.011709       0.056142

  kinetic energy ......     537.952528     308.583016     846.535544
  volume energy .......                                 -1426.803773
        rho_tau .......                                   148.018885
        rho_rho .......                                 -1574.822657
  surface energy ......                                   119.046427
   rho_DELTA_rho ......                                   119.046427
   (NABLA_rho)^2 ......                                     0.000000
  spin-orbit energy ...                                   -35.381141
        rho_NABLA_J ...                                   -35.381141
        NABLA_rho_J ...                                     0.000000
  coulomb energy ......                                    71.139886
          direct ......                                    78.552092
          exchange ....                                    -7.412207
          pairing .....                                     0.000000
  tensor energy .......                                     0.000000
  direct Hartree E  ...                                     0.000000
  Extra E .............                                     0.000000
  External field E ....                                     0.000000
  Entropy .............       0.000000       0.000000       0.000000

  tEnergy: ehfb (qp)...                                  -425.463058

  Calculated but not added corrections
  ====================================
  cmc-diagonal part ...      11.207344       6.428813      17.636157
  cmc-hfb .............       0.000000       0.000000       0.000000
  cranking rot corr ...       0.000000       0.000000       0.000000

  SQUJ ................       0.000000       0.000000       0.000000
  CRAN x 4 ............       0.000000       0.000000       0.000000
  Rigit Body ..........       0.000000       0.000000       0.000000


   Blocking candidates are:
   neutron eqpmin=   1.3179827936108863       pwiblo=   1.0000000000000000     
    num=   1 block=   4 state=   1    68 Eqp=   1.31798279  (1-2N)E=  -0.00000000  overl=   0.81305316  3-[ 3, 0, 1]

   Blocking candidates are:
   proton  eqpmin=   2.4450247781606138       pwiblo=   1.0000000000000000     



 HFBTHO_SOLVER ended without errors

