Distributed parallelism with MPI     : 1 tasks/HFBTHO
Multi-threading framework with OpenMP: 4 threads/task

  ==========================================
           FORTRAN 95 CODE (KIND= 8) 
 git: parent: 3cae9cc3ec7a0c93cd724b300dc0d972f613f33e
  ==========================================
       AXIALLY DEFORMED CONFIGURATIONAL     
     HARTREE-FOCK-BOGOLIUBOV CALCULATIONS   
                     WITH                   
      SKYRME+DELTA PAIRING OR GOGNY EDFs    
                  USING THE                 
             HARMONIC-OSCILLATOR            
                    AND/OR                  
        TRANSFORMED HARMONIC-OSCILLATOR     
                    BASIS                   
                     ---                    
                v1.66  (2005)               
    Stoitsov, Dobaczewski, Nazarewicz, Ring 
                v2.00d (2012)               
        Stoitsov, Schunck, Kortelainen      
                v3.00  (2016)               
            Schunck, Navarro Perez          
  ==========================================
    Nucleus: Cr (A=  50, N= 26, Z= 24)
       Reflection Symmetry Imposed       
            (10/12/2021,  9:51)                               
  ==========================================


  ---------------------------------------
           UNEDF Module Version: 17
         M.Kortelainen & M.Stoitsov 
  ---------------------------------------

  SLY4 functional
  ----------------------------------------
  Crho(0)=   -933.342374999999947    ; Crho(1)=    830.052485500000103    
  CDrho(0)=   861.062500000000000    ; CDrho(1)=  -1064.27324999999996    
  Ctau(0)=    57.1286874999999981    ; Ctau(1)=    24.6567364999999974    
  CrDr(0)=   -76.9962031249999939    ; CrDr(1)=    15.6571351249999999    
  CrdJ(0)=   -92.2500000000000000    ; CrdJ(1)=   -30.7500000000000000    
  CJ(0)=      17.2096115000000012    ; CJ(1)=      64.5758124999999978    
  CpV0(0)=   -300.000000000000000    ; CpV0(1)=   -300.000000000000000    
  CpV1(0)=   0.500000000000000000    ; CpV1(1)=   0.500000000000000000    
  sigma=     0.166666666666666657    ; hbzero=     20.7355300000000007    
  functional has DME couplings: F
  use 3-Nucleon DME couplings: F
  e^2 chrg=   1.43997840859651349    ; CExPar=     1.00000000000000000    
  c.m. correction: T, chr. density in direct Coul: F
  use tensor terms: F

  Coupling constants in natural units
  ----------------------------------------
  Crho_nu(0)=   -1.05105544200051493    ; Crho_nu(1)=   0.934738639752458078    
  CDrho_nu(0)=  0.931965346118903359    ; CDrho_nu(1)=  -1.15190916780296471    
  Ctau_nu(0)=   0.809805640428791551    ; Ctau_nu(1)=   0.349512043179120102    
  CrDr_nu(0)=   -1.09142993320520354    ; CrDr_nu(1)=   0.221941670499269772    
  CrdJ_nu(0)=   -1.30765423815409765    ; CrdJ_nu(1)=  -0.435884746051365901    
  CJ_nu(0)=     0.243948199620168005    ; CJ_nu(1)=     0.915369483987743648    
  CpV0_nu(0)=  -0.337835976428429607    ; CpV0_nu(1)=  -0.337835976428429607    
  CpV1_nu(0)=   0.443851127103029534E-03; CpV1_nu(1)=   0.443851127103029534E-03
  fpi_nu=        93.0000000000000000    ; Lambda_nu=     700.000000000000000    

  Nuclear matter properties
  ----------------------------------------
  E_NM=      -15.9721491414446017    ; K_NM=        229.900964482603513    
  P_NM=      0.964542432981854036E-15; RHO_NM=     0.159538756711733343    
  ASS_NM=     32.0043028150520144    ; LASS_NM=     45.9617514804616079    
  SMASS_NM=   1.43954698897607836    ; VMASS_NM=    1.24983854719625342    

  Associated (t,x)-coupling constants
  ----------------------------------------
  t0=      -2488.91299999999956    ; x0=       0.834000000000000075    
  t1=       486.817999999999984    ; x1=      -0.343999999999999917    
  t2=      -546.394999999999982    ; x2=       -1.00000000000000000    
  t3=       13777.0000000000000    ; x3=        1.35399999999999987    
  b4=       61.5000000000000000    ; b4p=       61.5000000000000000    
  te=      0.151582450295488038E-13; to=       0.113686837721616036E-13
  sigma=   0.166666666666666657    ; hbzero=    20.7355300000000007    

  ---------------------------------------
        Characteristics of the run       
  ---------------------------------------
  Output file ................:    57
  Nucleus ....................:   Cr  50
  Number of HO shells ........:    12
  HO length b0 (fm) ..........:     1.76221461551038
  Basis deformation ..........:  beta0=   0.000 q=   1.000
  HO: b0,1/b0,bp,bz,q ........:   0.17622146E+01  0.56746777E+00  0.17622146E+01  0.17622146E+01  0.10000000E+01
  h**2/(2m_n), cmc, e**2 .....:   0.20735530E+02  0.20320819E+02  0.14399784E+01
  h**2/(2m_p), cmc, e**2 .....:   0.20735530E+02  0.20320819E+02  0.14399784E+01
  hom=f*41.0_pr*A^{-1/3}, f...:   0.13354935E+02  0.12000000E+01
  THO basis is ...............:  OFF
  Maximal number of iterations:   100
  Initial mixing parameter ...:  0.300
  Initial wave functions from :  tape
  Energy functional ..........:    SLY4                          
    direct Coulomb by substitution method, exchange Coulomb with Slater approximation
  Pairing cutoff energy ......:    60.00 MeV
  Lipkin-Nogami procedure is .:  OFF
  PAV procedure is ...........:  OFF
  Constraint calculation is ..:  OFF
  Temperature T ..............:   1.50 MeV
  Pairing regularization is ..:  OFF
  Collective inertia is ......:  OFF
  Fission fragments are ......:  OFF
  Restart indicator ..........:  -1
  Broyden mixing (#iterations):   7

  ---------------------------------------
        Harmonic Oscillator Basis        
  ---------------------------------------
  NUV, NQP:                       13447     455
  Comparison with bookkeeping spherical basis:
  n00:                               12      12  Maximal number of shells
  nbx, 2*n00+1:                      25      25  Maximal number of K-blocks
  ntx, (n00+1)*(n00+2)*(n00+3)/6    455     455  Max.num. p/n levels
  nzx, n00:                          12      12  Maximal nz-quantum number
  nrx, n00/2  :                       6       6  Maximal nr-quantum number
  nlx, n00:                          12      12  Maximal ml-quantum number
  ndx, (n00+2)*(n00+2)/4:            49      49  Maximal dim. of one k-block

  Actual basis used
  Number of blocks: nb .......:   25
  Number of levels: nt .......:  455
  Maximal 2*omega : nom ......:   25
  Maximal nz:       nzm ......:   12
  Maximal nr:       nrm ......:    6
  Maximal ml:       nlm ......:   12
  Maximal N=nz+2*nr+nl .......:   12
  2 x biggest block dim. .....:   98
  Non-zero elements of h .....:     6951
  Number of Broyden elements .:    27804

  ---------------------------------------
            Integration Meshes           
  ---------------------------------------
  Number of Gauss-Hermite mesh points ngh ....:  40
  Number of Gauss-Laguerre mesh points ngl ...:  40
  Number of Gauss-Legendre mesh points nleg ..:  80
  Integration boundaries
    Hermite  - from xh(1)  =  0.12379686 to xh(ngh)   = 11.88786356
    Laguerre - From xl(1)  =  0.03570039 to xl(ngl)   =142.28004447
    Legendre - From xleg(1)=  0.00978669 to xleg(nleg)=  0.99988775
  Max.dev.in:     Orthogonality            Normalization
  Hermite     5.0671528845784617E-015   1.0658141036401503E-014
  Laguerre    5.7957256598811613E-015   8.2156503822261584E-015

  Scratch initialization for the nucleus: Cr  26  24


  Initial potentials of Saxon-Woods shape 
  v0ws   =  -71.28000000
  kappa  =    0.46160000
  vs0    =   11.11750000   11.11750000
  r0     =    1.23340000    1.23340000
  a      =    0.61500000    0.61500000
  r0-so  =    1.14430000    1.14430000
  a-so   =    0.64760000    0.64760000
  b2_ws  =    0.00000000
  b3_ws  =    0.00000000
  b4_ws  =    0.00000000

  ### REGULAR STAGE (reflection symmetry imposed)
  |HFB+HO> iterations(b0=  1.762, Nsh= 12, inin=  1, N= 26, Z= 24)...
  ----------------------------------------------------------------------------------------------------------------------------------
  i          si     mix   beta      Etot       A       rn      rp         En      Dn      Ep      Dp        Ln      Lp     time  time(Gog.)
  ----------------------------------------------------------------------------------------------------------------------------------
   0L  85.24350509 0.30  0.000     0.000000    0.0   0.000   0.000 |   -2.000   1.000  -2.000   1.000 |   -7.000  -7.000   0.000   0.000
   1B  55.86651858 0.20 -0.000  -211.282466   50.0   3.285   3.225 |   -1.963   0.345  -1.716   0.323 |  -17.557 -20.399   6.522   0.000
   2B  14.03337502 0.22  0.000  -397.049719   50.0   3.586   3.602 |   -0.809   0.356  -0.726   0.336 |  -10.824  -7.954   0.632   0.000
   3B   4.62983351 0.24 -0.000  -413.226778   50.0   3.573   3.561 |   -0.404   0.301  -0.311   0.269 |  -11.361  -6.679   0.620   0.000
   4B   0.60692896 0.27  0.000  -423.385509   50.0   3.587   3.589 |   -0.290   0.272  -0.218   0.240 |  -11.603  -6.756   0.620   0.000
   5B   0.30188990 0.29  0.000  -423.399841   50.0   3.590   3.593 |   -0.204   0.237  -0.146   0.203 |  -11.743  -6.831   0.616   0.000
   6B   0.06977372 0.32  0.000  -423.501405   50.0   3.591   3.594 |   -0.161   0.213  -0.110   0.179 |  -11.775  -6.859   0.617   0.000
   7B   0.04770731 0.35  0.000  -423.472452   50.0   3.592   3.595 |   -0.103   0.173  -0.065   0.140 |  -11.803  -6.882   0.626   0.000
   8B   0.03669509 0.39  0.000  -423.467259   50.0   3.592   3.595 |   -0.057   0.130  -0.032   0.099 |  -11.809  -6.889   0.619   0.000
   9B   0.01953606 0.43  0.000  -423.455887   50.0   3.592   3.595 |   -0.013   0.063  -0.005   0.039 |  -11.808  -6.889   0.611   0.000
  10B   0.00515647 0.47  0.000  -423.458829   50.0   3.592   3.595 |   -0.001   0.015  -0.000  -0.001 |  -11.806  -6.886   0.614   0.000
  11B   0.00262006 0.52  0.000  -423.459127   50.0   3.592   3.595 |   -0.000   0.008  -0.000  -0.004 |  -11.806  -6.887   0.616   0.000
  12B   0.00144345 0.57  0.000  -423.459425   50.0   3.592   3.595 |   -0.000   0.004  -0.000  -0.004 |  -11.807  -6.887   0.613   0.000
  13B   0.00077427 0.63  0.000  -423.459533   50.0   3.592   3.595 |   -0.000   0.002  -0.000  -0.002 |  -11.806  -6.886   0.612   0.000
  14B   0.00025365 0.69 -0.000  -423.459460   50.0   3.592   3.595 |   -0.000   0.001  -0.000  -0.001 |  -11.806  -6.886   0.619   0.000
  15B   0.00011251 0.76  0.000  -423.459498   50.0   3.592   3.595 |   -0.000   0.000  -0.000   0.000 |  -11.806  -6.886   0.615   0.000
  16B   0.00001520 0.84 -0.000  -423.459465   50.0   3.592   3.595 |   -0.000  -0.000  -0.000   0.000 |  -11.806  -6.886   0.619   0.000
  17B   0.00000632 0.90  0.000  -423.459459   50.0   3.592   3.595 |   -0.000   0.000  -0.000   0.000 |  -11.806  -6.886   0.626   0.000
  18B   0.00000217 0.90 -0.000  -423.459453   50.0   3.592   3.595 |   -0.000   0.000  -0.000   0.000 |  -11.806  -6.886   0.627   0.000
  19B   0.00000092 0.90  0.000  -423.459452   50.0   3.592   3.595 |   -0.000   0.000  -0.000   0.000 |  -11.806  -6.886   0.621   0.000
  20B   0.00000035 0.90  0.000  -423.459452   50.0   3.592   3.595 |   -0.000   0.000  -0.000   0.000 |  -11.806  -6.886   0.614   0.000
  21B   0.00000015 0.90  0.000  -423.459451   50.0   3.592   3.595 |   -0.000   0.000  -0.000   0.000 |  -11.806  -6.886   0.613   0.000
  22B   0.00000003 0.90  0.000  -423.459451   50.0   3.592   3.595 |   -0.000   0.000  -0.000   0.000 |  -11.806  -6.886   0.627   0.000
  23B   0.00000001 0.90  0.000  -423.459451   50.0   3.592   3.595 |   -0.000   0.000  -0.000   0.000 |  -11.806  -6.886   0.618   0.000
  24B   0.00000000 0.90  0.000  -423.459451   50.0   3.592   3.595 |   -0.000   0.000  -0.000   0.000 |  -11.806  -6.886   0.618   0.000
  25B   0.00000000 0.90  0.000  -423.459451   50.0   3.592   3.595 |   -0.000   0.000  -0.000   0.000 |  -11.806  -6.886   0.666   0.000
  26B   0.00000000 0.90  0.000  -423.459451   50.0   3.592   3.595 |   -0.000   0.000  -0.000  -0.000 |  -11.806  -6.886   0.659   0.000
  26N   0.00000000 0.90  0.000  -423.459451   50.0   3.592   3.595 |   -0.000   0.000  -0.000  -0.000 |  -11.806  -6.886   0.683   0.000
  ----------------------------------------------------------------------------------------------------------------------------------
  *   iteration converged   after  26 steps   si=     0.0000000005 ho=  0 tho=  0
  ----------------------------------------------------------------------------------------------------------------------------------
  Total CPU time=   0.379 minutes

  NB! From expect (UNPROJECTED RESULTS)

  pairing: CpV0,CpV1,...        -300.000000    -300.000000       0.500000       0.500000
  forces:   SLY4                          


                             neutrons         protons         total
  Requested part.numbs.      26.000000      24.000000      50.000000
  UnPj(av) part.numbs .      26.000000      24.000000      50.000000
  b0, bz, bp ..........       1.762215       1.762215       1.762215

  lambda (ala) ........     -11.806442      -6.886468
  Lambda (alast) ......     -11.806442      -6.886468
  delta(n,p), pwi .....       0.000000      -0.000000      60.000000
  pairing energy ......      -0.000000      -0.000000      -0.000000

  rms-radius ..........       3.591964       3.594830       3.593340
  charge-radius, r0 ...                      3.687686       4.420838
  deformation beta2....       0.000000       0.000000       0.000000
  dipole moment[fm] ...       0.000000       0.000000       0.000000
  quadrupole moment[b]        0.000000       0.000000       0.000000
  octupole moment .....       0.000000       0.000000       0.000000
  hexadecapole moment .      -0.000000      -0.000000      -0.000000
  q5 ..................       0.000000       0.000000       0.000000
  q6 ..................       0.000000       0.000000       0.000000
  q7 ..................       0.000000       0.000000       0.000000
  q8 ..................       0.000000      -0.000000      -0.000000

  <Jx^2> from rho .....       0.000000      -0.000000       0.000000
  <Jx^2> from kappa ...      -0.000000      -0.000000      -0.000000
  <J^2> = 2*<Jx^2> ....       0.000000      -0.000000       0.000000

  kinetic energy ......     461.530478     402.309730     863.840208
  volume energy .......                                 -1486.322864
        rho_tau .......                                   253.889616
        rho_rho .......                                 -1740.212480
  surface energy ......                                   135.993192
   rho_DELTA_rho ......                                   135.993192
   (NABLA_rho)^2 ......                                     0.000000
  spin-orbit energy ...                                   -36.600077
        rho_NABLA_J ...                                   -36.600077
        NABLA_rho_J ...                                     0.000000
  coulomb energy ......                                    99.630089
          direct ......                                   108.728724
          exchange ....                                    -9.098635
          pairing .....                                     0.000000
  tensor energy .......                                     0.000000
  direct Hartree E  ...                                     0.000000
  Extra E .............                                     0.000000
  External field E ....                                     0.000000
  Entropy .............       6.915625       6.995155      13.910780

  tEnergy: ehfb (qp)...                                  -423.459451

  Calculated but not added corrections
  ====================================
  cmc-diagonal part ...       9.418989       8.210403      17.629392
  cmc-hfb .............       0.000000       0.000000       0.000000
  cranking rot corr ...       0.000000       0.000000       0.000000

  SQUJ ................       0.000000       0.000000       0.000000
  CRAN x 4 ............       0.000000       0.000000       0.000000
  Rigit Body ..........       0.000000       0.000000       0.000000


   Blocking candidates are:
   neutron eqpmin=   1.2335921746206249       pwiblo=   1.0000000000000000     
    num=   1 block=   8 state=   1   154 Eqp=   1.23359217  (1-2N)E=  -1.23359217  overl=   0.97474717  7-[ 3, 0, 3]
    num=   2 block=   6 state=   1   121 Eqp=   1.23359217  (1-2N)E=  -1.23359217  overl=   0.90244052  5-[ 3, 1, 2]
    num=   3 block=   4 state=   1    79 Eqp=   1.23359218  (1-2N)E=  -1.23359218  overl=   0.73683960  3-[ 3, 2, 1]
    num=   4 block=   2 state=   1    29 Eqp=   1.23359218  (1-2N)E=  -1.23359218  overl=   0.57075350  1-[ 3, 2, 1]

   Blocking candidates are:
   proton  eqpmin=   6.0694639640826491       pwiblo=   1.0000000000000000     
    num=   1 block=   3 state=   1    50 Eqp=   6.06946396  (1-2N)E=  -6.06946396  overl=   0.87242244  3+[ 2, 0, 2]
    num=   2 block=   1 state=   1     1 Eqp=   6.06946396  (1-2N)E=  -6.06946396  overl=   0.75553999  1+[ 2, 1, 1]
    num=   3 block=   2 state=   3    28 Eqp=   6.82393291  (1-2N)E=   6.82393291  overl=   0.64879536  1-[ 3, 0, 1]
    num=   4 block=   1 state=   2     2 Eqp=   6.87067648  (1-2N)E=  -6.87067648  overl=   0.75620718  1+[ 2, 0, 0]



 HFBTHO_SOLVER ended without errors

