Distributed parallelism with MPI     : 1 tasks/HFBTHO
Multi-threading framework with OpenMP: 4 threads/task

  ==========================================
           FORTRAN 95 CODE (KIND= 8) 
 git: parent: 3cae9cc3ec7a0c93cd724b300dc0d972f613f33e
  ==========================================
       AXIALLY DEFORMED CONFIGURATIONAL     
     HARTREE-FOCK-BOGOLIUBOV CALCULATIONS   
                     WITH                   
      SKYRME+DELTA PAIRING OR GOGNY EDFs    
                  USING THE                 
             HARMONIC-OSCILLATOR            
                    AND/OR                  
        TRANSFORMED HARMONIC-OSCILLATOR     
                    BASIS                   
                     ---                    
                v1.66  (2005)               
    Stoitsov, Dobaczewski, Nazarewicz, Ring 
                v2.00d (2012)               
        Stoitsov, Schunck, Kortelainen      
                v3.00  (2016)               
            Schunck, Navarro Perez          
  ==========================================
    Nucleus: Sn (A= 132, N= 82, Z= 50)
       Reflection Symmetry Imposed       
            (10/12/2021, 11:11)                               
  ==========================================


  ---------------------------------------
           UNEDF Module Version: 17
         M.Kortelainen & M.Stoitsov 
  ---------------------------------------

  UNE1 functional
  ----------------------------------------
  Crho(0)=   -779.373008720865300    ; Crho(1)=    287.722131583286796    
  CDrho(0)=   891.477890442349690    ; CDrho(1)=  -200.587774317884879    
  Ctau(0)=  -0.989915057807676746    ; Ctau(1)=   -33.6320970701835549    
  CrDr(0)=   -45.1351310222373030    ; CrDr(1)=   -145.382167908056999    
  CrdJ(0)=   -74.0263331764599002    ; CrdJ(1)=   -35.6582611147916992    
  CJ(0)=      0.00000000000000000    ; CJ(1)=      0.00000000000000000    
  CpV0(0)=   -186.065399575123990    ; CpV0(1)=   -206.579593890105997    
  CpV1(0)=   0.500000000000000000    ; CpV1(1)=   0.500000000000000000    
  sigma=     0.270018011502707600    ; hbzero=     20.7355300000000007    
  functional has DME couplings: F
  use 3-Nucleon DME couplings: F
  e^2 chrg=   1.43997840859651305    ; CExPar=     1.00000000000000000    
  c.m. correction: F, chr. density in direct Coul: F
  use tensor terms: F

  Coupling constants in natural units
  ----------------------------------------
  Crho_nu(0)=  -0.877667471343921757    ; Crho_nu(1)=   0.324009624211695935    
  CDrho_nu(0)=  0.941450913381434273    ; CDrho_nu(1)= -0.211831998717341041    
  Ctau_nu(0)=  -0.140321584905665799E-01; Ctau_nu(1)=  -0.476738799694694126    
  CrDr_nu(0)=  -0.639795613776358740    ; CrDr_nu(1)=   -2.06080875899188509    
  CrdJ_nu(0)=   -1.04933168903203322    ; CrdJ_nu(1)=  -0.505459905387130815    
  CJ_nu(0)=      0.00000000000000000    ; CJ_nu(1)=      0.00000000000000000    
  CpV0_nu(0)=  -0.209531953150026401    ; CpV0_nu(1)=  -0.232633396040174689    
  CpV1_nu(0)=   0.443851127103029534E-03; CpV1_nu(1)=   0.443851127103029534E-03
  fpi_nu=        93.0000000000000000    ; Lambda_nu=     700.000000000000000    

  Nuclear matter properties
  ----------------------------------------
  E_NM=      -15.8000000000000149    ; K_NM=        220.000000000000028    
  P_NM=     -0.317672384907843511E-14; RHO_NM=     0.158706769332587039    
  ASS_NM=     28.9867890577721070    ; LASS_NM=     40.0047904804136323    
  SMASS_NM=  0.992423332283363990    ; VMASS_NM=    1.24983857423226996    

  Associated (t,x)-coupling constants
  ----------------------------------------
  t0=      -2078.32802325564080    ; x0=       0.537569206858470316E-01
  t1=       239.400812041522045    ; x1=       -5.07723238187693671    
  t2=       1575.11954189757989    ; x2=       -1.36650561394298609    
  t3=       14263.6462470775950    ; x3=      -0.162491168089956339    
  b4=       38.3680720616682009    ; b4p=       71.3165222295833985    
  te=      -470.362198163525477    ; to=       -203.218452192313947    
  sigma=   0.270018011502707600    ; hbzero=    20.7355300000000007    

  ---------------------------------------
        Characteristics of the run       
  ---------------------------------------
  Output file ................:    57
  Nucleus ....................:   Sn 132
  Number of HO shells ........:    20
  HO length b0 (fm) ..........:     2.07166250195026
  Basis deformation ..........:  beta0=   0.000 q=   1.000
  HO: b0,1/b0,bp,bz,q ........:   0.20716625E+01  0.48270411E+00  0.20716625E+01  0.20716625E+01  0.10000000E+01
  h**2/(2m_n), cmc, e**2 .....:   0.20735530E+02  0.20735530E+02  0.14399784E+01
  h**2/(2m_p), cmc, e**2 .....:   0.20735530E+02  0.20735530E+02  0.14399784E+01
  hom=f*41.0_pr*A^{-1/3}, f...:   0.96628920E+01  0.12000000E+01
  THO basis is ...............:  OFF
  Maximal number of iterations:   200
  Initial mixing parameter ...:  0.300
  Initial wave functions from :  tape
  Energy functional ..........:    UNE1                          
    direct Coulomb by substitution method, exchange Coulomb with Slater approximation
  Pairing cutoff energy ......:    60.00 MeV
  Lipkin-Nogami procedure is .:   ON
  PAV procedure is ...........:  OFF
  Constraint calculation is ..:  OFF
  Temperature T ..............:   0.00 MeV
  Pairing regularization is ..:  OFF
  Collective inertia is ......:  OFF
  Fission fragments are ......:  OFF
  Restart indicator ..........:  -1
  Broyden mixing (#iterations):   7

  ---------------------------------------
        Harmonic Oscillator Basis        
  ---------------------------------------
  NUV, NQP:                      128843    1771
  Comparison with bookkeeping spherical basis:
  n00:                               20      20  Maximal number of shells
  nbx, 2*n00+1:                      41      41  Maximal number of K-blocks
  ntx, (n00+1)*(n00+2)*(n00+3)/6   1771    1771  Max.num. p/n levels
  nzx, n00:                          20      20  Maximal nz-quantum number
  nrx, n00/2  :                      10      10  Maximal nr-quantum number
  nlx, n00:                          20      20  Maximal ml-quantum number
  ndx, (n00+2)*(n00+2)/4:           121     121  Maximal dim. of one k-block

  Actual basis used
  Number of blocks: nb .......:   41
  Number of levels: nt .......: 1771
  Maximal 2*omega : nom ......:   41
  Maximal nz:       nzm ......:   20
  Maximal nr:       nrm ......:   10
  Maximal ml:       nlm ......:   20
  Maximal N=nz+2*nr+nl .......:   20
  2 x biggest block dim. .....:  242
  Non-zero elements of h .....:    65307
  Number of Broyden elements .:   261228

  ---------------------------------------
            Integration Meshes           
  ---------------------------------------
  Number of Gauss-Hermite mesh points ngh ....:  40
  Number of Gauss-Laguerre mesh points ngl ...:  40
  Number of Gauss-Legendre mesh points nleg ..:  80
  Integration boundaries
    Hermite  - from xh(1)  =  0.12379686 to xh(ngh)   = 11.88786356
    Laguerre - From xl(1)  =  0.03570039 to xl(ngl)   =142.28004447
    Legendre - From xleg(1)=  0.00978669 to xleg(nleg)=  0.99988775
  Max.dev.in:     Orthogonality            Normalization
  Hermite     8.1293541708538476E-015   1.0658141036401503E-014
  Laguerre    1.0729051022809037E-014   1.2878587085651816E-014

  Scratch initialization for the nucleus: Sn  82  50


  Initial potentials of Saxon-Woods shape 
  v0ws   =  -71.28000000
  kappa  =    0.46160000
  vs0    =   11.11750000   11.11750000
  r0     =    1.23340000    1.23340000
  a      =    0.61500000    0.61500000
  r0-so  =    1.14430000    1.14430000
  a-so   =    0.64760000    0.64760000
  b2_ws  =    0.00000000
  b3_ws  =    0.00000000
  b4_ws  =    0.00000000

  ### INITIAL STAGE(constrained calculations, reflection symmetry used)
  |HFB+HO> iterations(b0=  2.072, Nsh= 20, inin=  1, N= 82, Z= 50)...
  ----------------------------------------------------------------------------------------------------------------------------------
  i          si     mix   beta      Etot       A       rn      rp         En      Dn      Ep      Dp        Ln      Lp     time  time(Gog.)
  ----------------------------------------------------------------------------------------------------------------------------------
   0L 103.40404570 0.30  0.000     0.000000    0.0   0.000   0.000 |   -2.000   1.000  -2.000   1.000 |   -7.000  -7.000   0.000   0.000
                            f: ala2(n,p)=   0.022   0.009 #eln(n,p,t)=    -0.197    -0.035    -0.232 #del+ala2=   0.388   0.272
   1B  45.97510163 0.20  0.000  -654.086824  132.0   5.040   4.688 |  -22.110   0.388 -13.533   0.272 |  -15.061 -27.567  42.676   0.000
                            f: ala2(n,p)=   0.060   0.971 #eln(n,p,t)=    -0.673    -1.147    -1.820 #del+ala2=   0.616   1.243
   2B  25.68696804 0.22  0.000  -362.723274  132.0   4.938   4.816 |   -9.972   0.616  -2.264   1.243 |   -4.000 -18.625  36.380   0.000
                            f: ala2(n,p)=   3.329   0.122 #eln(n,p,t)=    -2.873    -1.092    -3.964 #del+ala2=   3.663   1.039
   3B 121.04170062 0.20 -0.000  6494.874623  132.0   4.772   3.740 |   -1.985   3.663  -5.332   1.039 |  -12.300 -19.112  36.429   0.000
                            f: ala2(n,p)=   0.279   0.414 #eln(n,p,t)=    -1.135    -1.109    -2.244 #del+ala2=   0.835   0.827
   4B  29.43406478 0.22  0.000  -709.142588  132.0   4.957   4.393 |   -4.358   0.835  -1.738   0.827 |   -3.213 -11.110  36.519   0.000
                            f: ala2(n,p)=   0.957   2.555 #eln(n,p,t)=    -2.119    -1.840    -3.959 #del+ala2=   1.411   2.855
   5B  11.72343230 0.24  0.000 -1072.501086  132.0   4.921   4.621 |   -2.927   1.411  -0.915   2.855 |   -4.015 -11.679  36.383   0.000
                            f: ala2(n,p)=   1.053   0.294 #eln(n,p,t)=    -2.194    -1.013    -3.207 #del+ala2=   1.508   0.803
   6B   6.25109265 0.27 -0.000 -1082.511367  132.0   4.921   4.626 |   -2.876   1.508  -2.531   0.803 |   -3.970 -11.843  36.238   0.000
                            f: ala2(n,p)=   0.516   0.403 #eln(n,p,t)=    -1.700    -1.099    -2.799 #del+ala2=   1.030   0.890
   7B   3.52079394 0.29 -0.000 -1093.971520  132.0   4.928   4.638 |   -3.488   1.030  -2.298   0.890 |   -4.123 -11.961  36.274   0.000
                            f: ala2(n,p)=   0.787   0.677 #eln(n,p,t)=    -1.859    -1.235    -3.094 #del+ala2=   1.265   1.117
   8B   3.76914103 0.20  0.000 -1095.290159  132.0   4.918   4.657 |   -2.947   1.265  -1.884   1.117 |   -4.098 -11.989  36.324   0.000
                            f: ala2(n,p)=   0.634   0.748 #eln(n,p,t)=    -1.571    -1.218    -2.789 #del+ala2=   1.117   1.184
   9B   1.12972234 0.22 -0.000 -1100.324671  132.0   4.930   4.656 |   -2.930   1.117  -1.821   1.184 |   -4.321 -12.361  36.234   0.000
                            f: ala2(n,p)=   0.505   0.641 #eln(n,p,t)=    -1.419    -1.155    -2.573 #del+ala2=   0.997   1.088
  10B   1.43990472 0.20  0.000 -1100.618917  132.0   4.921   4.671 |   -3.031   0.997  -1.934   1.088 |   -4.402 -12.473  36.295   0.000
  ----------------------------------------------------------------------------------------------------------------------------------
  *   iterations limit interrupt after  10 steps   si=     1.4399047235 ho= -1 tho=  0
  ----------------------------------------------------------------------------------------------------------------------------------
  Total CPU time=   6.163 minutes

  ### REGULAR STAGE (reflection symmetry imposed)
  |HFB+HO> iterations(b0=  2.072, Nsh= 20, inin=  1, N= 82, Z= 50)...
  ----------------------------------------------------------------------------------------------------------------------------------
  i          si     mix   beta      Etot       A       rn      rp         En      Dn      Ep      Dp        Ln      Lp     time  time(Gog.)
  ----------------------------------------------------------------------------------------------------------------------------------
  10B   1.43990472 0.20  0.000 -1100.618917  132.0   4.921   4.671 |   -3.031   0.997  -1.934   1.088 |   -4.402 -12.473   0.000   0.000
                            f: ala2(n,p)=   0.594   0.687 #eln(n,p,t)=    -1.424    -1.160    -2.584 #del+ala2=   1.064   1.128
  10L   1.18543744 0.22 -0.000 -1101.028341  132.0   4.923   4.671 |   -2.756   1.064  -1.880   1.128 |   -4.438 -12.571  35.819   0.000
                            f: ala2(n,p)=   0.550   0.728 #eln(n,p,t)=    -1.369    -1.180    -2.549 #del+ala2=   1.021   1.164
  11L   1.66122596 0.20  0.000 -1100.181644  132.0   4.924   4.671 |   -2.764   1.021  -1.838   1.164 |   -4.471 -12.613  36.101   0.000
                            f: ala2(n,p)=   0.629   0.688 #eln(n,p,t)=    -1.413    -1.158    -2.571 #del+ala2=   1.087   1.129
  12B   2.58241761 0.20 -0.000 -1096.083340  132.0   4.924   4.673 |   -2.603   1.087  -1.878   1.129 |   -4.461 -12.609  35.909   0.000
                            f: ala2(n,p)=   0.759   0.837 #eln(n,p,t)=    -1.722    -1.407    -3.129 #del+ala2=   1.285   1.338
  13B  89.81605155 0.20 -0.000 -1102.843980  132.0   4.926   4.671 |   -3.498   1.285  -2.447   1.338 |   -0.797  -2.246  36.621   0.000
                            f: ala2(n,p)=   0.752   0.842 #eln(n,p,t)=    -1.708    -1.405    -3.113 #del+ala2=   1.278   1.343
  14B  89.10774025 0.22 -0.000 -1102.828059  132.0   4.926   4.671 |   -3.492   1.278  -2.438   1.343 |   -0.828  -2.327  35.753   0.000
                            f: ala2(n,p)=   0.809   0.754 #eln(n,p,t)=    -1.744    -1.341    -3.086 #del+ala2=   1.330   1.255
  15L  57.64405588 0.24  0.000 -1100.735914  132.0   4.926   4.667 |   -3.414   1.330  -2.437   1.255 |   -2.113  -5.995  34.874   0.000
                            f: ala2(n,p)=   0.244   0.645 #eln(n,p,t)=    -1.159    -1.257    -2.415 #del+ala2=   0.846   1.146
  16B  37.64645912 0.27 -0.000 -1076.565297  132.0   4.925   4.690 |   -4.587   0.846  -2.443   1.146 |   -3.034  -8.333  34.679   0.000
                            f: ala2(n,p)=   0.626   0.735 #eln(n,p,t)=    -1.612    -1.305    -2.917 #del+ala2=   1.166   1.223
  17B  36.60506228 0.29  0.000 -1096.712138  132.0   4.920   4.682 |   -3.651   1.166  -2.331   1.223 |   -2.977  -8.357  34.716   0.000
                            f: ala2(n,p)=   0.518   0.689 #eln(n,p,t)=    -1.375    -1.202    -2.577 #del+ala2=   1.013   1.147
  18B   0.41909435 0.32  0.000 -1101.170490  132.0   4.925   4.674 |   -3.051   1.013  -2.031   1.147 |   -4.495 -12.657  34.715   0.000
                            f: ala2(n,p)=   0.581   0.678 #eln(n,p,t)=    -1.396    -1.189    -2.586 #del+ala2=   1.057   1.134
  19B   0.56777790 0.20 -0.000 -1101.242034  132.0   4.927   4.674 |   -2.813   1.057  -2.014   1.134 |   -4.505 -12.682  34.839   0.000
                            f: ala2(n,p)=   0.629   0.675 #eln(n,p,t)=    -1.419    -1.182    -2.602 #del+ala2=   1.094   1.130
  20B   0.30735397 0.22  0.000 -1101.442789  132.0   4.925   4.674 |   -2.687   1.094  -2.002   1.130 |   -4.491 -12.658  34.429   0.000
                            f: ala2(n,p)=   0.597   0.686 #eln(n,p,t)=    -1.386    -1.185    -2.570 #del+ala2=   1.062   1.138
  21B   0.17764009 0.24 -0.000 -1101.419487  132.0   4.925   4.674 |   -2.685   1.062  -1.979   1.138 |   -4.498 -12.667  34.175   0.000
                            f: ala2(n,p)=   0.613   0.694 #eln(n,p,t)=    -1.391    -1.186    -2.577 #del+ala2=   1.074   1.144
  22B   0.17079077 0.27  0.000 -1101.478530  132.0   4.926   4.672 |   -2.635   1.074  -1.959   1.144 |   -4.500 -12.656  34.075   0.000
                            f: ala2(n,p)=   0.602   0.695 #eln(n,p,t)=    -1.379    -1.185    -2.564 #del+ala2=   1.063   1.144
  23B   0.13989452 0.29  0.000 -1101.471910  132.0   4.926   4.673 |   -2.630   1.063  -1.953   1.144 |   -4.498 -12.663  34.166   0.000
                            f: ala2(n,p)=   0.599   0.695 #eln(n,p,t)=    -1.372    -1.183    -2.556 #del+ala2=   1.058   1.143
  24B   0.14222973 0.20 -0.000 -1101.458397  132.0   4.925   4.674 |   -2.618   1.058  -1.950   1.143 |   -4.500 -12.659  34.290   0.000
                            f: ala2(n,p)=   0.585   0.694 #eln(n,p,t)=    -1.351    -1.180    -2.530 #del+ala2=   1.042   1.142
  25B   0.28730978 0.20  0.000 -1101.408841  132.0   4.926   4.674 |   -2.590   1.042  -1.937   1.142 |   -4.506 -12.666  34.223   0.000
                            f: ala2(n,p)=   0.604   0.692 #eln(n,p,t)=    -1.366    -1.179    -2.545 #del+ala2=   1.059   1.140
  26B   0.07331031 0.22  0.000 -1101.478669  132.0   4.925   4.673 |   -2.569   1.059  -1.940   1.140 |   -4.501 -12.662  34.304   0.000
                            f: ala2(n,p)=   0.610   0.699 #eln(n,p,t)=    -1.340    -1.174    -2.514 #del+ala2=   1.053   1.143
  27B   0.12666787 0.20 -0.000 -1101.496607  132.0   4.925   4.673 |   -2.440   1.053  -1.902   1.143 |   -4.501 -12.665  34.288   0.000
                            f: ala2(n,p)=   0.613   0.699 #eln(n,p,t)=    -1.340    -1.173    -2.513 #del+ala2=   1.055   1.143
  28B   0.06927178 0.22  0.000 -1101.512145  132.0   4.925   4.673 |   -2.428   1.055  -1.901   1.143 |   -4.502 -12.661  34.091   0.000
                            f: ala2(n,p)=   0.605   0.702 #eln(n,p,t)=    -1.332    -1.174    -2.506 #del+ala2=   1.047   1.145
  29B   0.10496810 0.20  0.000 -1101.495116  132.0   4.925   4.673 |   -2.428   1.047  -1.896   1.145 |   -4.505 -12.663  34.165   0.000
                            f: ala2(n,p)=   0.612   0.701 #eln(n,p,t)=    -1.326    -1.170    -2.496 #del+ala2=   1.050   1.142
  30B   0.05609422 0.22  0.000 -1101.514436  132.0   4.925   4.673 |   -2.376   1.050  -1.887   1.142 |   -4.505 -12.663  34.104   0.000
                            f: ala2(n,p)=   0.607   0.699 #eln(n,p,t)=    -1.312    -1.167    -2.479 #del+ala2=   1.041   1.140
  31B   0.07341737 0.20  0.000 -1101.500300  132.0   4.925   4.674 |   -2.346   1.041  -1.881   1.140 |   -4.506 -12.667  34.258   0.000
                            f: ala2(n,p)=   0.611   0.700 #eln(n,p,t)=    -1.314    -1.167    -2.481 #del+ala2=   1.044   1.140
  32B   0.06166255 0.22  0.000 -1101.511710  132.0   4.925   4.673 |   -2.337   1.044  -1.879   1.140 |   -4.507 -12.664  34.236   0.000
                            f: ala2(n,p)=   0.614   0.700 #eln(n,p,t)=    -1.313    -1.167    -2.479 #del+ala2=   1.046   1.141
  33B   0.01626538 0.24  0.000 -1101.520479  132.0   4.925   4.673 |   -2.322   1.046  -1.876   1.141 |   -4.507 -12.664  33.919   0.000
                            f: ala2(n,p)=   0.613   0.702 #eln(n,p,t)=    -1.302    -1.165    -2.468 #del+ala2=   1.042   1.142
  34B   0.01464243 0.27  0.000 -1101.523711  132.0   4.925   4.673 |   -2.284   1.042  -1.866   1.142 |   -4.508 -12.665  34.116   0.000
                            f: ala2(n,p)=   0.614   0.702 #eln(n,p,t)=    -1.307    -1.166    -2.473 #del+ala2=   1.044   1.142
  35B   0.01733287 0.20  0.000 -1101.524457  132.0   4.925   4.673 |   -2.297   1.044  -1.870   1.142 |   -4.507 -12.664  34.185   0.000
                            f: ala2(n,p)=   0.615   0.701 #eln(n,p,t)=    -1.304    -1.166    -2.470 #del+ala2=   1.043   1.141
  36B   0.00524927 0.22  0.000 -1101.524575  132.0   4.925   4.673 |   -2.287   1.043  -1.869   1.141 |   -4.508 -12.664  34.135   0.000
                            f: ala2(n,p)=   0.614   0.702 #eln(n,p,t)=    -1.302    -1.165    -2.467 #del+ala2=   1.042   1.141
  37B   0.00772560 0.20  0.000 -1101.523513  132.0   4.925   4.673 |   -2.281   1.042  -1.868   1.141 |   -4.508 -12.665  34.627   0.000
                            f: ala2(n,p)=   0.615   0.702 #eln(n,p,t)=    -1.301    -1.165    -2.467 #del+ala2=   1.043   1.141
  38B   0.00188841 0.22  0.000 -1101.525709  132.0   4.925   4.673 |   -2.276   1.043  -1.867   1.141 |   -4.508 -12.665  34.190   0.000
                            f: ala2(n,p)=   0.614   0.702 #eln(n,p,t)=    -1.301    -1.165    -2.466 #del+ala2=   1.042   1.141
  39B   0.00394551 0.20 -0.000 -1101.525286  132.0   4.925   4.673 |   -2.275   1.042  -1.867   1.141 |   -4.508 -12.665  34.384   0.000
                            f: ala2(n,p)=   0.615   0.702 #eln(n,p,t)=    -1.301    -1.165    -2.466 #del+ala2=   1.042   1.141
  40B   0.00061581 0.22  0.000 -1101.525700  132.0   4.925   4.673 |   -2.274   1.042  -1.867   1.141 |   -4.508 -12.665  34.675   0.000
                            f: ala2(n,p)=   0.615   0.702 #eln(n,p,t)=    -1.301    -1.165    -2.466 #del+ala2=   1.042   1.141
  41B   0.00220331 0.20  0.000 -1101.525828  132.0   4.925   4.673 |   -2.274   1.042  -1.867   1.141 |   -4.508 -12.665  34.734   0.000
                            f: ala2(n,p)=   0.615   0.702 #eln(n,p,t)=    -1.300    -1.165    -2.466 #del+ala2=   1.042   1.141
  42B   0.00264034 0.20  0.000 -1101.526056  132.0   4.925   4.673 |   -2.271   1.042  -1.867   1.141 |   -4.508 -12.665  34.548   0.000
                            f: ala2(n,p)=   0.615   0.702 #eln(n,p,t)=    -1.300    -1.165    -2.466 #del+ala2=   1.042   1.141
  43B   0.00071045 0.22  0.000 -1101.526026  132.0   4.925   4.673 |   -2.271   1.042  -1.867   1.141 |   -4.508 -12.665  34.127   0.000
                            f: ala2(n,p)=   0.615   0.702 #eln(n,p,t)=    -1.300    -1.165    -2.466 #del+ala2=   1.042   1.141
  44B   0.00113730 0.20  0.000 -1101.526143  132.0   4.925   4.673 |   -2.271   1.042  -1.868   1.141 |   -4.508 -12.665  33.931   0.000
                            f: ala2(n,p)=   0.615   0.702 #eln(n,p,t)=    -1.300    -1.166    -2.465 #del+ala2=   1.042   1.141
  45B   0.00131643 0.20  0.000 -1101.525859  132.0   4.925   4.673 |   -2.271   1.042  -1.868   1.141 |   -4.508 -12.665  34.874   0.000
                            f: ala2(n,p)=   0.615   0.702 #eln(n,p,t)=    -1.300    -1.166    -2.466 #del+ala2=   1.042   1.141
  46B   0.00042335 0.22  0.000 -1101.526009  132.0   4.925   4.673 |   -2.271   1.042  -1.868   1.141 |   -4.508 -12.665  34.284   0.000
                            f: ala2(n,p)=   0.615   0.702 #eln(n,p,t)=    -1.300    -1.166    -2.466 #del+ala2=   1.042   1.141
  47B   0.00069884 0.20  0.000 -1101.526020  132.0   4.925   4.673 |   -2.271   1.042  -1.868   1.141 |   -4.508 -12.665  33.971   0.000
                            f: ala2(n,p)=   0.615   0.702 #eln(n,p,t)=    -1.300    -1.166    -2.466 #del+ala2=   1.042   1.141
  48B   0.00036184 0.22  0.000 -1101.526009  132.0   4.925   4.673 |   -2.271   1.042  -1.868   1.141 |   -4.508 -12.665  33.351   0.000
                            f: ala2(n,p)=   0.615   0.702 #eln(n,p,t)=    -1.300    -1.166    -2.466 #del+ala2=   1.042   1.141
  49B   0.00045315 0.20  0.000 -1101.525918  132.0   4.925   4.673 |   -2.271   1.042  -1.868   1.141 |   -4.508 -12.665  33.364   0.000
                            f: ala2(n,p)=   0.615   0.702 #eln(n,p,t)=    -1.300    -1.166    -2.466 #del+ala2=   1.042   1.141
  50B   0.00025211 0.22  0.000 -1101.525960  132.0   4.925   4.673 |   -2.271   1.042  -1.868   1.141 |   -4.508 -12.665  33.537   0.000
                            f: ala2(n,p)=   0.615   0.702 #eln(n,p,t)=    -1.300    -1.166    -2.466 #del+ala2=   1.042   1.141
  51B   0.00023614 0.24  0.000 -1101.525866  132.0   4.925   4.673 |   -2.271   1.042  -1.868   1.141 |   -4.508 -12.665  33.512   0.000
                            f: ala2(n,p)=   0.615   0.702 #eln(n,p,t)=    -1.300    -1.166    -2.466 #del+ala2=   1.042   1.141
  52B   0.00047366 0.20  0.000 -1101.525878  132.0   4.925   4.673 |   -2.271   1.042  -1.868   1.141 |   -4.508 -12.665  33.558   0.000
                            f: ala2(n,p)=   0.615   0.702 #eln(n,p,t)=    -1.300    -1.166    -2.466 #del+ala2=   1.042   1.141
  53B   0.00022634 0.22  0.000 -1101.525846  132.0   4.925   4.673 |   -2.271   1.042  -1.869   1.141 |   -4.508 -12.665  33.323   0.000
                            f: ala2(n,p)=   0.615   0.702 #eln(n,p,t)=    -1.300    -1.166    -2.466 #del+ala2=   1.042   1.141
  54B   0.00031223 0.20  0.000 -1101.525889  132.0   4.925   4.673 |   -2.271   1.042  -1.869   1.141 |   -4.508 -12.665  33.475   0.000
                            f: ala2(n,p)=   0.615   0.702 #eln(n,p,t)=    -1.300    -1.166    -2.466 #del+ala2=   1.042   1.141
  55B   0.00020448 0.22  0.000 -1101.525849  132.0   4.925   4.673 |   -2.271   1.042  -1.869   1.141 |   -4.508 -12.665  33.251   0.000
                            f: ala2(n,p)=   0.615   0.702 #eln(n,p,t)=    -1.300    -1.166    -2.466 #del+ala2=   1.042   1.141
  56B   0.00021084 0.20  0.000 -1101.525840  132.0   4.925   4.673 |   -2.271   1.042  -1.869   1.141 |   -4.508 -12.665  33.514   0.000
                            f: ala2(n,p)=   0.615   0.702 #eln(n,p,t)=    -1.300    -1.166    -2.466 #del+ala2=   1.042   1.141
  57B   0.00009717 0.22  0.000 -1101.525837  132.0   4.925   4.673 |   -2.271   1.042  -1.869   1.141 |   -4.508 -12.665  33.362   0.000
                            f: ala2(n,p)=   0.615   0.702 #eln(n,p,t)=    -1.300    -1.166    -2.466 #del+ala2=   1.042   1.141
  58B   0.00010467 0.20  0.000 -1101.525838  132.0   4.925   4.673 |   -2.271   1.042  -1.869   1.141 |   -4.508 -12.665  33.337   0.000
                            f: ala2(n,p)=   0.615   0.702 #eln(n,p,t)=    -1.300    -1.166    -2.466 #del+ala2=   1.042   1.141
  59B   0.00004563 0.22  0.000 -1101.525811  132.0   4.925   4.673 |   -2.271   1.042  -1.869   1.141 |   -4.508 -12.665  33.331   0.000
                            f: ala2(n,p)=   0.615   0.702 #eln(n,p,t)=    -1.300    -1.166    -2.466 #del+ala2=   1.042   1.141
  60B   0.00012898 0.20  0.000 -1101.525837  132.0   4.925   4.673 |   -2.271   1.042  -1.869   1.141 |   -4.508 -12.665  33.558   0.000
                            f: ala2(n,p)=   0.615   0.702 #eln(n,p,t)=    -1.300    -1.166    -2.466 #del+ala2=   1.042   1.141
  61B   0.00005901 0.22  0.000 -1101.525813  132.0   4.925   4.673 |   -2.271   1.042  -1.869   1.141 |   -4.508 -12.665  33.804   0.000
                            f: ala2(n,p)=   0.615   0.702 #eln(n,p,t)=    -1.300    -1.166    -2.466 #del+ala2=   1.042   1.141
  62B   0.00006991 0.20  0.000 -1101.525820  132.0   4.925   4.673 |   -2.271   1.042  -1.869   1.141 |   -4.508 -12.665  33.657   0.000
                            f: ala2(n,p)=   0.615   0.702 #eln(n,p,t)=    -1.300    -1.166    -2.466 #del+ala2=   1.042   1.141
  63B   0.00006013 0.22  0.000 -1101.525807  132.0   4.925   4.673 |   -2.271   1.042  -1.869   1.141 |   -4.508 -12.665  33.554   0.000
                            f: ala2(n,p)=   0.615   0.702 #eln(n,p,t)=    -1.300    -1.166    -2.466 #del+ala2=   1.042   1.141
  64B   0.00003250 0.24  0.000 -1101.525811  132.0   4.925   4.673 |   -2.271   1.042  -1.869   1.141 |   -4.508 -12.665  33.741   0.000
                            f: ala2(n,p)=   0.615   0.702 #eln(n,p,t)=    -1.300    -1.166    -2.466 #del+ala2=   1.042   1.141
  65B   0.00004663 0.20  0.000 -1101.525811  132.0   4.925   4.673 |   -2.271   1.042  -1.869   1.141 |   -4.508 -12.665  33.644   0.000
                            f: ala2(n,p)=   0.615   0.702 #eln(n,p,t)=    -1.300    -1.166    -2.466 #del+ala2=   1.042   1.141
  66B   0.00002906 0.22  0.000 -1101.525809  132.0   4.925   4.673 |   -2.271   1.042  -1.869   1.141 |   -4.508 -12.665  33.686   0.000
                            f: ala2(n,p)=   0.615   0.702 #eln(n,p,t)=    -1.300    -1.166    -2.466 #del+ala2=   1.042   1.141
  67B   0.00001345 0.24  0.000 -1101.525807  132.0   4.925   4.673 |   -2.271   1.042  -1.869   1.141 |   -4.508 -12.665  33.736   0.000
                            f: ala2(n,p)=   0.615   0.702 #eln(n,p,t)=    -1.300    -1.166    -2.466 #del+ala2=   1.042   1.141
  68B   0.00001343 0.27  0.000 -1101.525811  132.0   4.925   4.673 |   -2.271   1.042  -1.869   1.141 |   -4.508 -12.665  33.750   0.000
                            f: ala2(n,p)=   0.615   0.702 #eln(n,p,t)=    -1.300    -1.166    -2.466 #del+ala2=   1.042   1.141
  69B   0.00003669 0.20  0.000 -1101.525814  132.0   4.925   4.673 |   -2.271   1.042  -1.869   1.141 |   -4.508 -12.665  34.205   0.000
                            f: ala2(n,p)=   0.615   0.702 #eln(n,p,t)=    -1.300    -1.166    -2.466 #del+ala2=   1.042   1.141
  70B   0.00001045 0.22  0.000 -1101.525811  132.0   4.925   4.673 |   -2.271   1.042  -1.869   1.141 |   -4.508 -12.665  34.063   0.000
                            f: ala2(n,p)=   0.615   0.702 #eln(n,p,t)=    -1.300    -1.166    -2.466 #del+ala2=   1.042   1.141
  71B   0.00001658 0.20  0.000 -1101.525809  132.0   4.925   4.673 |   -2.271   1.042  -1.869   1.141 |   -4.508 -12.665  33.964   0.000
                            f: ala2(n,p)=   0.615   0.702 #eln(n,p,t)=    -1.300    -1.166    -2.466 #del+ala2=   1.042   1.141
  72B   0.00001269 0.22  0.000 -1101.525809  132.0   4.925   4.673 |   -2.271   1.042  -1.869   1.141 |   -4.508 -12.665  33.703   0.000
                            f: ala2(n,p)=   0.615   0.702 #eln(n,p,t)=    -1.300    -1.166    -2.466 #del+ala2=   1.042   1.141
  73B   0.00001172 0.24  0.000 -1101.525809  132.0   4.925   4.673 |   -2.271   1.042  -1.869   1.141 |   -4.508 -12.665  33.801   0.000
                            f: ala2(n,p)=   0.615   0.702 #eln(n,p,t)=    -1.300    -1.166    -2.466 #del+ala2=   1.042   1.141
  74B   0.00001221 0.20  0.000 -1101.525809  132.0   4.925   4.673 |   -2.271   1.042  -1.869   1.141 |   -4.508 -12.665  33.808   0.000
                            f: ala2(n,p)=   0.615   0.702 #eln(n,p,t)=    -1.300    -1.166    -2.466 #del+ala2=   1.042   1.141
  75B   0.00001445 0.20  0.000 -1101.525810  132.0   4.925   4.673 |   -2.271   1.042  -1.869   1.141 |   -4.508 -12.665  34.067   0.000
                            f: ala2(n,p)=   0.615   0.702 #eln(n,p,t)=    -1.300    -1.166    -2.466 #del+ala2=   1.042   1.141
  76B   0.00002131 0.20  0.000 -1101.525812  132.0   4.925   4.673 |   -2.271   1.042  -1.869   1.141 |   -4.508 -12.665  33.745   0.000
                            f: ala2(n,p)=   0.615   0.702 #eln(n,p,t)=    -1.300    -1.166    -2.466 #del+ala2=   1.042   1.141
  77B   0.00002182 0.20  0.000 -1101.525810  132.0   4.925   4.673 |   -2.271   1.042  -1.869   1.141 |   -4.508 -12.665  34.010   0.000
                            f: ala2(n,p)=   0.615   0.702 #eln(n,p,t)=    -1.300    -1.166    -2.466 #del+ala2=   1.042   1.141
  78B   0.00002553 0.20  0.000 -1101.525810  132.0   4.925   4.673 |   -2.271   1.042  -1.869   1.141 |   -4.508 -12.665  33.828   0.000
                            f: ala2(n,p)=   0.615   0.702 #eln(n,p,t)=    -1.300    -1.166    -2.466 #del+ala2=   1.042   1.141
  79B   0.00001853 0.22  0.000 -1101.525810  132.0   4.925   4.673 |   -2.271   1.042  -1.869   1.141 |   -4.508 -12.665  33.851   0.000
                            f: ala2(n,p)=   0.615   0.702 #eln(n,p,t)=    -1.300    -1.166    -2.466 #del+ala2=   1.042   1.141
  80B   0.00001533 0.24  0.000 -1101.525808  132.0   4.925   4.673 |   -2.271   1.042  -1.869   1.141 |   -4.508 -12.665  34.017   0.000
                            f: ala2(n,p)=   0.615   0.702 #eln(n,p,t)=    -1.300    -1.166    -2.466 #del+ala2=   1.042   1.141
  81B   0.00000791 0.27  0.000 -1101.525807  132.0   4.925   4.673 |   -2.271   1.042  -1.869   1.141 |   -4.508 -12.665  33.642   0.000
                            f: ala2(n,p)=   0.615   0.702 #eln(n,p,t)=    -1.300    -1.166    -2.466 #del+ala2=   1.042   1.141
  81N   0.00000791 0.27  0.000 -1101.525808  132.0   4.925   4.673 |   -2.271   1.042  -1.869   1.141 |   -4.508 -12.665  34.049   0.000
  ----------------------------------------------------------------------------------------------------------------------------------
  *   iteration converged   after  81 steps   si=     0.0000079065 ho=  0 tho=  0
  ----------------------------------------------------------------------------------------------------------------------------------
  Total CPU time=  41.539 minutes
                            f: ala2(n,p)=   0.615   0.702 #eln(n,p,t)=    -1.300    -1.166    -2.466 #del+ala2=   1.042   1.141

  NB! From expect (UNPROJECTED RESULTS)

  pairing: CpV0,CpV1,...        -186.065400    -206.579594       0.500000       0.500000
  forces:   UNE1                          


                             neutrons         protons         total
  Requested part.numbs.      82.000000      50.000000     132.000000
  UnPj(av) part.numbs .      82.000000      50.000000     132.000000
  b0, bz, bp ..........       2.071663       2.071663       2.071663

  lambda (ala) ........      -4.508242     -12.664924
  Lambda (alast) ......      -4.508242     -12.664924
  delta(n,p), pwi .....       0.427470       0.439464      60.000000
  pairing energy ......      -2.271273      -1.868715      -4.139988
  LN lambda_2 ... ala2        0.614733       0.701901
  LN energies .........      -1.300101      -1.165725      -2.465826
  delta(n,p)+ala2 .....       1.042203       1.141366
  Geff(n,p) ...........      -0.080453      -0.103349

  rms-radius ..........       4.925146       4.673357       4.831315
  charge-radius, r0 ...                      4.738339       6.109972
  deformation beta2....       0.000000      -0.000000       0.000000
  dipole moment[fm] ...       0.000000       0.000000       0.000000
  quadrupole moment[b]        0.000002      -0.000000       0.000002
  octupole moment .....       0.000000       0.000000       0.000000
  hexadecapole moment .       0.000001      -0.000000       0.000000
  q5 ..................       0.000000       0.000000       0.000000
  q6 ..................       0.000000       0.000000       0.000000
  q7 ..................       0.000000       0.000000       0.000000
  q8 ..................      -0.000000       0.000000       0.000000

  <Jx^2> from rho .....       7.390485       4.567098      11.957583
  <Jx^2> from kappa ...      -7.377808      -4.555849     -11.933657
  <J^2> = 2*<Jx^2> ....       0.025354       0.022499       0.047853

  kinetic energy ......    1630.484629     821.134282    2451.618911
  volume energy .......                                 -3984.644887
        rho_tau .......                                   -45.302239
        rho_rho .......                                 -3939.342648
  surface energy ......                                   163.981815
   rho_DELTA_rho ......                                   163.981815
   (NABLA_rho)^2 ......                                     0.000000
  spin-orbit energy ...                                   -66.667127
        rho_NABLA_J ...                                   -66.667127
        NABLA_rho_J ...                                     0.000000
  coulomb energy ......                                   340.791290
          direct ......                                   359.663772
          exchange ....                                   -18.872481
          pairing .....                                     0.000000
  tensor energy .......                                     0.000000
  direct Hartree E  ...                                     0.000000
  Extra E .............                                     0.000000
  External field E ....                                     0.000000
  Entropy .............       0.000000       0.000000       0.000000

  tEnergy: ehfb (qp)...                                 -1099.059986
  tEnergy: ehfb(qp)+LN                                  -1101.525812

  Calculated but not added corrections
  ====================================
  cmc-diagonal part ...       0.000000       0.000000       0.000000
  cmc-hfb .............       0.000000       0.000000       0.000000
  cranking rot corr ...       0.000000       0.000000       0.000000

  SQUJ ................       0.000000       0.000000       0.000000
  CRAN x 4 ............       0.000000       0.000000       0.000000
  Rigit Body ..........       0.000000       0.000000       0.000000


  With Lipkin-Nogami Corrections
================================
  rms-radius ..........       4.923931       4.674055       4.830802
  charge-radius, r0 ...                      4.739028       6.109972
  deformation beta ....       0.000000      -0.000000       0.000000
  quadrupole moment[b]        0.000002      -0.000000       0.000002
  hexadecapole moment .       0.000001      -0.000000       0.000000
================================


   Blocking candidates are:
   neutron eqpmin=  0.81576725665592753       pwiblo=   1.0000000000000000     
    num=   1 block=   6 state=   1   293 Eqp=   0.81576726  (1-2N)E=   0.73547924  overl=   0.67337462  5-[ 5, 1, 2]
    num=   2 block=   4 state=   1   187 Eqp=   0.81576727  (1-2N)E=   0.73547924  overl=   0.54980862  3-[ 5, 4, 1]
    num=   3 block=   2 state=   1    67 Eqp=   0.81576793  (1-2N)E=   0.73547995  overl=   0.49176554  1-[ 5, 1, 0]
    num=   4 block=   8 state=   1   385 Eqp=   0.81577007  (1-2N)E=   0.73548237  overl=   0.83984546  7-[ 5, 0, 3]
    num=   5 block=   8 state=   2   386 Eqp=   1.16746172  (1-2N)E=  -1.08344090  overl=   0.82879321  7-[ 5, 2, 3]
    num=   6 block=   2 state=   2    68 Eqp=   1.16746309  (1-2N)E=  -1.08344238  overl=   0.57192152  1-[ 5, 3, 0]
    num=   7 block=  12 state=   1   533 Eqp=   1.16746458  (1-2N)E=  -1.08344397  overl=   0.97184710 11-[ 5, 0, 5]
    num=   8 block=  10 state=   1   465 Eqp=   1.16746486  (1-2N)E=  -1.08344428  overl=   0.92661991  9-[ 5, 1, 4]
    num=   9 block=   6 state=   2   294 Eqp=   1.16746509  (1-2N)E=  -1.08344453  overl=   0.67670768  5-[ 5, 3, 2]
    num=  10 block=   4 state=   2   188 Eqp=   1.16746667  (1-2N)E=  -1.08344622  overl=   0.58604527  3-[ 5, 2, 1]
    num=  11 block=   4 state=   3   189 Eqp=   1.75356130  (1-2N)E=   1.73295825  overl=   0.68040675  3-[ 5, 0, 1]
    num=  12 block=   2 state=   3    69 Eqp=   1.75356636  (1-2N)E=   1.73296339  overl=   0.43919713  1-[ 5, 5, 0]

   Blocking candidates are:
   proton  eqpmin=   1.2060057651798941       pwiblo=   1.0000000000000000     
    num=   1 block=   3 state=   1   121 Eqp=   1.20600577  (1-2N)E=  -1.11360781  overl=   0.59149884  3+[ 4, 3, 1]
    num=   2 block=   7 state=   1   317 Eqp=   1.20600775  (1-2N)E=  -1.11360996  overl=   0.90353084  7+[ 4, 1, 3]
    num=   3 block=   9 state=   1   395 Eqp=   1.20600776  (1-2N)E=  -1.11360997  overl=   0.95833927  9+[ 4, 0, 4]
    num=   4 block=   1 state=   1     1 Eqp=   1.20601005  (1-2N)E=  -1.11361244  overl=   0.59150240  1+[ 4, 2, 0]
    num=   5 block=   5 state=   1   226 Eqp=   1.20601035  (1-2N)E=  -1.11361277  overl=   0.78248158  5+[ 4, 2, 2]
    num=   6 block=   1 state=   2     2 Eqp=   1.26005015  (1-2N)E=   1.17435617  overl=   0.54869959  1+[ 4, 3, 1]
    num=   7 block=   3 state=   2   122 Eqp=   1.26005125  (1-2N)E=   1.17435736  overl=   0.73615468  3+[ 4, 2, 2]
    num=   8 block=   7 state=   2   318 Eqp=   1.26005166  (1-2N)E=   1.17435781  overl=   0.91814604  7+[ 4, 0, 4]
    num=   9 block=   5 state=   2   227 Eqp=   1.26005197  (1-2N)E=   1.17435813  overl=   0.85884732  5+[ 4, 1, 3]
    num=  10 block=   3 state=   3   123 Eqp=   1.64346426  (1-2N)E=   1.60007475  overl=   0.61042996  3+[ 4, 1, 1]
    num=  11 block=   5 state=   3   228 Eqp=   1.64346450  (1-2N)E=   1.60007499  overl=   0.83586915  5+[ 4, 0, 2]
    num=  12 block=   1 state=   3     3 Eqp=   1.64346815  (1-2N)E=   1.60007874  overl=   0.52864898  1+[ 4, 4, 0]



 HFBTHO_SOLVER ended without errors

