Distributed parallelism with MPI     : 1 tasks/HFBTHO
Multi-threading framework with OpenMP: 4 threads/task

  ==========================================
           FORTRAN 95 CODE (KIND= 8) 
 git: parent: 3cae9cc3ec7a0c93cd724b300dc0d972f613f33e
  ==========================================
       AXIALLY DEFORMED CONFIGURATIONAL     
     HARTREE-FOCK-BOGOLIUBOV CALCULATIONS   
                     WITH                   
      SKYRME+DELTA PAIRING OR GOGNY EDFs    
                  USING THE                 
             HARMONIC-OSCILLATOR            
                    AND/OR                  
        TRANSFORMED HARMONIC-OSCILLATOR     
                    BASIS                   
                     ---                    
                v1.66  (2005)               
    Stoitsov, Dobaczewski, Nazarewicz, Ring 
                v2.00d (2012)               
        Stoitsov, Schunck, Kortelainen      
                v3.00  (2016)               
            Schunck, Navarro Perez          
  ==========================================
    Nucleus: Pu (A= 240, N=146, Z= 94)
      No Reflection Symmetry Imposed     
            (10/12/2021, 10:52)                               
  ==========================================


  ---------------------------------------
           UNEDF Module Version: 17
         M.Kortelainen & M.Stoitsov 
  ---------------------------------------

  SKM* functional
  ----------------------------------------
  Crho(0)=   -991.875000000000000    ; Crho(1)=    390.137499999999989    
  CDrho(0)=   974.687500000000000    ; CDrho(1)=  -324.895833333333314    
  Ctau(0)=    34.6875000000000000    ; Ctau(1)=   -34.0625000000000000    
  CrDr(0)=   -68.2031250000000000    ; CrDr(1)=    17.1093750000000000    
  CrdJ(0)=   -97.5000000000000000    ; CrdJ(1)=   -32.5000000000000000    
  CJ(0)=      34.0625000000000000    ; CJ(1)=      34.0625000000000000    
  CpV0(0)=   -265.250000000000000    ; CpV0(1)=   -340.062500000000000    
  CpV1(0)=   0.500000000000000000    ; CpV1(1)=   0.500000000000000000    
  sigma=     0.166666666666666657    ; hbzero=     20.7300000000000004    
  functional has DME couplings: F
  use 3-Nucleon DME couplings: F
  e^2 chrg=   1.43997840859651349    ; CExPar=     1.00000000000000000    
  c.m. correction: T, chr. density in direct Coul: F
  use tensor terms: F

  Coupling constants in natural units
  ----------------------------------------
  Crho_nu(0)=   -1.11697019706649536    ; Crho_nu(1)=   0.439341610846154806    
  CDrho_nu(0)=   1.05494661920042820    ; CDrho_nu(1)= -0.351648873066809420    
  Ctau_nu(0)=   0.491699256216479808    ; Ctau_nu(1)=  -0.482839810158525229    
  CrDr_nu(0)=  -0.966787051074294745    ; CrDr_nu(1)=   0.242527335836506930    
  CrdJ_nu(0)=   -1.38207358504091626    ; CrdJ_nu(1)=  -0.460691195013638755    
  CJ_nu(0)=     0.482839810158525229    ; CJ_nu(1)=     0.482839810158525229    
  CpV0_nu(0)=  -0.298703309158803165    ; CpV0_nu(1)=  -0.382951155780642816    
  CpV1_nu(0)=   0.443851127103029534E-03; CpV1_nu(1)=   0.443851127103029534E-03
  fpi_nu=        93.0000000000000000    ; Lambda_nu=     700.000000000000000    

  Nuclear matter properties
  ----------------------------------------
  E_NM=      -15.7762359616147627    ; K_NM=        216.657542303868979    
  P_NM=     -0.730495530692525363E-15; RHO_NM=     0.160318515964671449    
  ASS_NM=     30.0323865018228560    ; LASS_NM=     45.7703887670942962    
  SMASS_NM=   1.26826090316085582    ; VMASS_NM=    1.53168827653502970    

  Associated (t,x)-coupling constants
  ----------------------------------------
  t0=      -2645.00000000000000    ; x0=       0.899999999999999689E-01
  t1=       410.000000000000000    ; x1=        0.00000000000000000    
  t2=      -135.000000000000000    ; x2=        0.00000000000000000    
  t3=       15595.0000000000000    ; x3=       -0.00000000000000000    
  b4=       65.0000000000000000    ; b4p=       65.0000000000000000    
  te=       0.00000000000000000    ; to=        0.00000000000000000    
  sigma=   0.166666666666666657    ; hbzero=    20.7300000000000004    

  ---------------------------------------
        Characteristics of the run       
  ---------------------------------------
  Output file ................:    57
  Nucleus ....................:   Pu 240
  Number of HO shells ........:    20
  HO length b0 (fm) ..........:     2.50000000000000
  Basis deformation ..........:  beta0=   0.900 q=   2.343
  HO: b0,1/b0,bp,bz,q ........:   0.25000000E+01  0.40000000E+00  0.21692132E+01  0.33205922E+01  0.23432930E+01
  h**2/(2m_n), cmc, e**2 .....:   0.20730000E+02  0.20643625E+02  0.14399784E+01
  h**2/(2m_p), cmc, e**2 .....:   0.20730000E+02  0.20643625E+02  0.14399784E+01
  hom=f*41.0_pr*A^{-1/3}, f...:   0.66355870E+01  0.10057713E+01
  THO basis is ...............:  OFF
  Maximal number of iterations:   200
  Initial mixing parameter ...:  0.300
  Initial wave functions from :  tape
  Energy functional ..........:    SKM*                          
    without Coulomb forces
  Pairing cutoff energy ......:    60.00 MeV
  Lipkin-Nogami procedure is .:  OFF
  PAV procedure is ...........:  OFF
  Constraint calculation is ..:   ON
    Constraint 1 .............: lambda=1 Ql=   0.000
    Constraint 2 .............: lambda=2 Ql= 320.000
    Constraint 3 .............: lambda=3 Ql=  25.000
  Temperature T ..............:   0.00 MeV
  Pairing regularization is ..:  OFF
  Collective inertia is ......:   ON
  Fission fragments are ......:   ON
  Restart indicator ..........:  -1
  Broyden mixing (#iterations):   7

  ---------------------------------------
        Harmonic Oscillator Basis        
  ---------------------------------------
  NUV, NQP:                       88015     801
  Comparison with bookkeeping spherical basis:
  n00:                               20      20  Maximal number of shells
  nbx, 2*n00+1:                      12      41  Maximal number of K-blocks
  ntx, (n00+1)*(n00+2)*(n00+3)/6    801    1771  Max.num. p/n levels
  nzx, n00:                          20      20  Maximal nz-quantum number
  nrx, n00/2  :                       5      10  Maximal nr-quantum number
  nlx, n00:                          11      20  Maximal ml-quantum number
  ndx, (n00+2)*(n00+2)/4:           165     121  Maximal dim. of one k-block

  Actual basis used
  Number of blocks: nb .......:   12
  Number of levels: nt .......:  801
  Maximal 2*omega : nom ......:   23
  Maximal nz:       nzm ......:   20
  Maximal nr:       nrm ......:    5
  Maximal ml:       nlm ......:   11
  Maximal N=nz+2*nr+nl .......:   23
  2 x biggest block dim. .....:  330
  Non-zero elements of h .....:    44408
  Number of Broyden elements .:   177632

  ---------------------------------------
            Integration Meshes           
  ---------------------------------------
  Number of Gauss-Hermite mesh points ngh ....:  80
  Number of Gauss-Laguerre mesh points ngl ...:  40
  Number of Gauss-Legendre mesh points nleg ..:  80
  Integration boundaries
    Hermite  - from xh(1)  =-11.88786356 to xh(ngh)   = 11.88786356
    Laguerre - From xl(1)  =  0.03570039 to xl(ngl)   =142.28004447
    Legendre - From xleg(1)=  0.00978669 to xleg(nleg)=  0.99988775
  Max.dev.in:     Orthogonality            Normalization
  Hermite     8.9076250244225310E-015   6.3282712403633923E-015
  Laguerre    4.3068680416470186E-015   8.2156503822261584E-015

  Scratch initialization for the nucleus: Pu 146  94


  Initial potentials of Saxon-Woods shape 
  v0ws   =  -71.28000000
  kappa  =    0.46160000
  vs0    =   11.11750000   11.11750000
  r0     =    1.23340000    1.23340000
  a      =    0.61500000    0.61500000
  r0-so  =    1.14430000    1.14430000
  a-so   =    0.64760000    0.64760000
  b2_ws  =    1.36200000
  b3_ws  =    0.00000000
  b4_ws  =    0.35400000

  ### REGULAR STAGE (no reflection symmetry imposed)
  |HFB+HO> iterations(b0=  2.500, Nsh= 20, inin=  1, N=146, Z= 94)...
  ----------------------------------------------------------------------------------------------------------------------------------
  i          si     mix   beta      Etot       A       rn      rp         En      Dn      Ep      Dp        Ln      Lp     time  time(Gog.)
  ----------------------------------------------------------------------------------------------------------------------------------
   0L  70.50324186 0.30  0.000     0.000000    0.0   0.000   0.000 |   -2.000   1.000  -2.000   1.000 |   -7.000  -7.000   0.000   0.000
   1B  89.36614046 0.20  1.199 -2057.421146  240.0   8.016   7.763 |  -11.972   0.420  -7.219   0.397 |  -15.227 -30.257   5.743   0.000
   2B ************ 0.20  1.426 -1133.380854  240.0  14.600  15.697 |   -6.408   0.468  -2.421   0.258 |  -36.056 -55.564   5.820   0.000
   3B 476.18044734 0.22  1.315 -1830.388193  240.0  11.791  11.505 |  -11.982   0.590  -4.731   0.518 |  -20.632 -34.614   5.854   0.000
   4B  24.01703764 0.24  1.309 -2371.589014  240.0  10.398   8.491 |  -14.455   0.637  -6.504   0.570 |  -11.308 -26.026   5.989   0.000
   5B  46.19209103 0.20  1.344 -2419.652425  239.9  10.368  10.268 |  -10.603   0.687  -5.533   0.645 |   -9.773 -25.080   5.959   0.000
   6B  38.23240263 0.22  1.355 -2427.869940  240.0  10.450  10.254 |  -10.676   0.687  -6.076   0.683 |  -10.004 -25.741   5.846   0.000
   7B  32.47060272 0.24  1.359 -2473.062262  240.0  10.581   9.976 |  -10.200   0.715  -7.528   0.770 |   -9.262 -24.857   5.734   0.000
   8B  29.26389036 0.27  1.362 -2518.396624  240.0  10.330  10.012 |   -9.193   0.704  -8.965   0.855 |   -7.945 -24.185   5.717   0.000
   9B  26.14938096 0.29  1.359 -2558.932667  240.0  10.213   9.755 |   -9.036   0.710  -8.407   0.848 |   -7.066 -23.515   5.828   0.000
  10B  23.19930154 0.32  1.355 -2574.178466  240.0  10.084   9.716 |   -8.995   0.715  -7.927   0.831 |   -6.925 -23.438   5.493   0.000
  11B  13.24660726 0.35  1.330 -2570.056115  240.0   9.588   9.463 |  -10.317   0.767  -8.171   0.838 |   -6.375 -24.401   6.049   0.000
  12L  11.97486292 0.39  1.332 -2586.793454  240.0   9.588   9.476 |  -10.376   0.767 -10.896   0.977 |   -5.806 -23.682   5.950   0.000
  13B   6.44662877 0.43  1.304 -2613.716764  240.0   9.184   8.977 |  -10.091   0.768 -11.824   1.025 |   -4.007 -21.644   5.900   0.000
  14B   5.66377440 0.47  1.291 -2617.814336  240.0   9.064   8.857 |  -10.428   0.782 -11.235   0.996 |   -4.851 -22.658   5.956   0.000
  15B   5.04709790 0.52  1.294 -2616.398719  240.0   9.141   8.896 |  -10.361   0.779 -11.042   0.987 |   -5.908 -23.642   5.892   0.000
  16B   3.66157671 0.57  1.300 -2616.978473  240.0   9.219   8.958 |  -10.556   0.788 -12.736   1.060 |   -6.150 -23.744   5.659   0.000
  17B   1.11315946 0.63  1.292 -2625.099895  240.0   9.120   8.863 |  -10.810   0.800 -15.122   1.158 |   -6.199 -23.856   5.750   0.000
  18B   0.58545138 0.69  1.292 -2625.417104  240.0   9.129   8.861 |  -10.947   0.805 -15.909   1.189 |   -6.209 -23.870   5.611   0.000
  19B   0.42194602 0.76  1.293 -2626.332749  240.0   9.131   8.872 |  -11.311   0.817 -17.953   1.263 |   -6.136 -23.820   6.050   0.000
  20B   0.69806007 0.20  1.293 -2626.481826  240.0   9.144   8.881 |  -11.562   0.826 -19.280   1.310 |   -6.192 -23.887   5.888   0.000
  21B   0.24629313 0.22  1.293 -2627.291316  240.0   9.140   8.884 |  -11.757   0.832 -20.144   1.338 |   -6.227 -23.926   5.905   0.000
  22B   0.25479039 0.20  1.293 -2628.653980  240.0   9.140   8.890 |  -12.164   0.845 -22.273   1.407 |   -6.195 -23.941   5.906   0.000
  23B   0.18375952 0.22  1.293 -2629.777595  240.0   9.137   8.890 |  -12.377   0.851 -23.230   1.437 |   -6.169 -23.944   5.716   0.000
  24B   0.23543820 0.20  1.293 -2630.835867  240.0   9.133   8.890 |  -12.410   0.850 -23.524   1.446 |   -6.149 -23.946   5.833   0.000
  25B   0.18705733 0.22  1.293 -2631.477078  240.0   9.137   8.893 |  -12.253   0.844 -23.404   1.441 |   -6.161 -23.966   5.875   0.000
  26B   0.26893975 0.20  1.293 -2632.009300  240.0   9.132   8.882 |  -11.785   0.828 -21.713   1.388 |   -6.153 -23.944   5.818   0.000
  27B   0.09575046 0.22  1.293 -2631.954103  240.0   9.137   8.890 |  -11.709   0.825 -21.966   1.395 |   -6.184 -23.971   5.891   0.000
  28B   0.08322934 0.24  1.293 -2631.969421  240.0   9.138   8.892 |  -11.578   0.821 -21.930   1.393 |   -6.195 -23.972   5.857   0.000
  29B   0.12689895 0.20  1.293 -2632.238015  240.0   9.133   8.884 |  -11.220   0.809 -21.122   1.368 |   -6.176 -23.932   6.106   0.000
  30B   0.08272864 0.22  1.293 -2632.241376  240.0   9.135   8.887 |  -10.930   0.798 -20.815   1.357 |   -6.201 -23.933   5.726   0.000
  31B   0.06386383 0.24  1.294 -2632.245410  240.0   9.136   8.888 |  -10.685   0.790 -20.661   1.352 |   -6.219 -23.929   5.838   0.000
  32B   0.04780747 0.27  1.294 -2632.317978  240.0   9.135   8.887 |  -10.244   0.773 -20.175   1.336 |   -6.237 -23.906   5.964   0.000
  33B   0.05043945 0.20  1.294 -2632.325281  240.0   9.135   8.887 |  -10.233   0.773 -20.121   1.334 |   -6.234 -23.903   5.838   0.000
  34B   0.04559398 0.22  1.294 -2632.345743  240.0   9.134   8.886 |  -10.102   0.768 -19.916   1.327 |   -6.239 -23.894   5.863   0.000
  35B   0.04039159 0.24  1.294 -2632.375032  240.0   9.133   8.885 |   -9.997   0.764 -19.800   1.323 |   -6.243 -23.885   5.831   0.000
  36B   0.03352858 0.27  1.295 -2632.416423  240.0   9.131   8.884 |   -9.915   0.761 -19.717   1.321 |   -6.249 -23.877   5.825   0.000
  37B   0.02860522 0.29  1.295 -2632.447411  240.0   9.130   8.883 |   -9.944   0.761 -19.727   1.321 |   -6.253 -23.875   5.663   0.000
  38B   0.03473138 0.20  1.295 -2632.425785  240.0   9.131   8.884 |   -9.824   0.757 -19.546   1.315 |   -6.265 -23.869   5.860   0.000
  39B   0.01643077 0.22  1.295 -2632.428386  240.0   9.131   8.884 |   -9.832   0.757 -19.561   1.315 |   -6.264 -23.866   5.732   0.000
  40B   0.01496139 0.24  1.295 -2632.440240  240.0   9.130   8.883 |   -9.853   0.757 -19.575   1.315 |   -6.266 -23.863   5.780   0.000
  41B   0.01262147 0.27  1.295 -2632.445500  240.0   9.130   8.883 |   -9.859   0.758 -19.580   1.315 |   -6.267 -23.862   5.715   0.000
  42B   0.00917334 0.29  1.295 -2632.448714  240.0   9.130   8.883 |   -9.838   0.757 -19.540   1.314 |   -6.270 -23.861   6.046   0.000
  43B   0.00784620 0.32  1.295 -2632.446120  240.0   9.130   8.883 |   -9.807   0.755 -19.478   1.312 |   -6.274 -23.860   5.807   0.000
  44B   0.00532752 0.35  1.295 -2632.446651  240.0   9.129   8.883 |   -9.771   0.754 -19.390   1.309 |   -6.277 -23.861   5.902   0.000
  45B   0.00385982 0.39  1.295 -2632.451968  240.0   9.129   8.883 |   -9.760   0.753 -19.341   1.307 |   -6.279 -23.862   5.882   0.000
  46B   0.00239544 0.43  1.295 -2632.453971  240.0   9.129   8.883 |   -9.763   0.753 -19.330   1.307 |   -6.279 -23.863   5.776   0.000
  47B   0.00216875 0.47  1.295 -2632.453606  240.0   9.129   8.883 |   -9.768   0.753 -19.324   1.307 |   -6.279 -23.864   6.035   0.000
  48B   0.00087740 0.52  1.295 -2632.452918  240.0   9.129   8.883 |   -9.777   0.754 -19.329   1.307 |   -6.279 -23.865   5.860   0.000
  49B   0.00082678 0.57  1.295 -2632.452994  240.0   9.129   8.883 |   -9.784   0.754 -19.334   1.307 |   -6.279 -23.865   6.143   0.000
  50B   0.00062383 0.63  1.295 -2632.453338  240.0   9.129   8.883 |   -9.784   0.754 -19.334   1.307 |   -6.278 -23.865   5.475   0.000
  51B   0.00063702 0.20  1.295 -2632.453643  240.0   9.129   8.883 |   -9.787   0.754 -19.335   1.307 |   -6.278 -23.865   5.876   0.000
  52B   0.00056302 0.22  1.295 -2632.453564  240.0   9.129   8.883 |   -9.787   0.754 -19.334   1.307 |   -6.279 -23.865   5.811   0.000
  53B   0.00045399 0.24  1.295 -2632.453387  240.0   9.129   8.883 |   -9.788   0.754 -19.335   1.307 |   -6.279 -23.865   5.607   0.000
  54B   0.00034779 0.27  1.295 -2632.453311  240.0   9.129   8.883 |   -9.788   0.754 -19.333   1.307 |   -6.279 -23.865   5.948   0.000
  55B   0.00028639 0.29  1.295 -2632.453414  240.0   9.129   8.883 |   -9.787   0.754 -19.332   1.307 |   -6.279 -23.865   5.915   0.000
  56B   0.00021397 0.32  1.295 -2632.453513  240.0   9.129   8.883 |   -9.786   0.754 -19.329   1.307 |   -6.279 -23.865   6.106   0.000
  57B   0.00012353 0.35  1.295 -2632.453382  240.0   9.129   8.883 |   -9.786   0.754 -19.328   1.307 |   -6.279 -23.865   5.990   0.000
  58B   0.00006293 0.39  1.295 -2632.453406  240.0   9.129   8.883 |   -9.786   0.754 -19.325   1.307 |   -6.279 -23.865   6.047   0.000
  59B   0.00004071 0.43  1.295 -2632.453414  240.0   9.129   8.883 |   -9.785   0.754 -19.325   1.307 |   -6.279 -23.865   5.909   0.000
  60B   0.00002079 0.47  1.295 -2632.453437  240.0   9.129   8.883 |   -9.785   0.754 -19.324   1.307 |   -6.279 -23.865   5.788   0.000
  61B   0.00002440 0.20  1.295 -2632.453458  240.0   9.129   8.883 |   -9.785   0.754 -19.324   1.307 |   -6.279 -23.865   6.010   0.000
  62B   0.00002116 0.22  1.295 -2632.453452  240.0   9.129   8.883 |   -9.785   0.754 -19.324   1.307 |   -6.279 -23.865   5.960   0.000
  63B   0.00000748 0.24  1.295 -2632.453446  240.0   9.129   8.883 |   -9.785   0.754 -19.324   1.307 |   -6.279 -23.865   5.896   0.000
  64B   0.00000493 0.27  1.295 -2632.453439  240.0   9.129   8.883 |   -9.784   0.754 -19.324   1.307 |   -6.279 -23.865   6.029   0.000
  65B   0.00000928 0.20  1.295 -2632.453452  240.0   9.129   8.883 |   -9.784   0.754 -19.324   1.307 |   -6.279 -23.865   5.864   0.000
  66B   0.00000323 0.22  1.295 -2632.453444  240.0   9.129   8.883 |   -9.784   0.754 -19.324   1.307 |   -6.279 -23.865   5.851   0.000
  67B   0.00000141 0.24  1.295 -2632.453445  240.0   9.129   8.883 |   -9.784   0.754 -19.324   1.307 |   -6.279 -23.865   5.476   0.000
  68B   0.00000162 0.20  1.295 -2632.453444  240.0   9.129   8.883 |   -9.784   0.754 -19.324   1.307 |   -6.279 -23.865   6.099   0.000
  69B   0.00000059 0.22  1.295 -2632.453445  240.0   9.129   8.883 |   -9.784   0.754 -19.324   1.307 |   -6.279 -23.865   5.806   0.000
  69N   0.00000059 0.22  1.295 -2632.453444  240.0   9.129   8.883 |   -9.784   0.754 -19.324   1.307 |   -6.279 -23.865   6.855   0.000
  ----------------------------------------------------------------------------------------------------------------------------------
  *   iteration converged   after  69 steps   si=     0.0000005940 ho=  0 tho=  0
  ----------------------------------------------------------------------------------------------------------------------------------
  Total CPU time=   6.850 minutes

  NB! From expect (UNPROJECTED RESULTS)

  pairing: CpV0,CpV1,...        -265.250000    -340.062500       0.500000       0.500000
  forces:   SKM*                          


                             neutrons         protons         total
  Requested part.numbs.     146.000000      94.000000     240.000000
  UnPj(av) part.numbs .     146.000000      94.000000     240.000000
  b0, bz, bp ..........       2.500000       3.320592       2.169213

  lambda (ala) ........      -6.278923     -23.865186
  Lambda (alast) ......      -6.278923     -23.865186
  delta(n,p), pwi .....       0.754020       1.306581      60.000000
  pairing energy ......      -9.784203     -19.324374     -29.108577

  rms-radius ..........       9.128624       8.882525       9.033034
  charge-radius, r0 ...                      8.917451       6.250331
  deformation beta2....       1.284314       1.313250       1.295273
  dipole moment[fm] ...       0.659888      -0.659889      -0.000001
  quadrupole moment[b]      197.126463     122.873536     319.999999
  octupole moment .....      15.917163       9.082837      25.000000
  hexadecapole moment .      93.246971      56.494516     149.741488
  q5 ..................      46.812987      27.167528      73.980515
  q6 ..................     148.508759      87.746974     236.255733
  q7 ..................     108.600778      62.356552     170.957330
  q8 ..................     249.903374     144.406137     394.309511

  <Jx^2> from rho .....    1053.616799     673.158371    1726.775171
  <Jx^2> from kappa ...     -37.028231     -46.924759     -83.952990
  <J^2> = 2*<Jx^2> ....    2033.177137    1252.467225    3285.644361

  kinetic energy ......    2895.693491    1601.250277    4496.943768
  volume energy .......                                 -7354.027309
        rho_tau .......                                   866.152445
        rho_rho .......                                 -8220.179754
  surface energy ......                                   409.424204
   rho_DELTA_rho ......                                   409.424204
   (NABLA_rho)^2 ......                                     0.000000
  spin-orbit energy ...                                  -155.685531
        rho_NABLA_J ...                                  -155.685531
        NABLA_rho_J ...                                     0.000000
  coulomb energy ......                                     0.000000
          direct ......                                     0.000000
          exchange ....                                     0.000000
          pairing .....                                     0.000000
  tensor energy .......                                     0.000000
  direct Hartree E  ...                                     0.000000
  Extra E .............                                     0.000000
  External field E ....                                     0.000000
  Entropy .............       0.000000       0.000000       0.000000

  tEnergy: ehfb (qp)...                                 -2632.453445

  Calculated but not added corrections
  ====================================
  cmc-diagonal part ...      12.115872       6.699792      18.815664
  cmc-hfb .............       0.000000       0.000000       0.000000
  cranking rot corr ...       0.000000       0.000000       0.000000

  SQUJ ................       0.000000       0.000000       0.000000
  CRAN x 4 ............       0.000000       0.000000       0.000000
  Rigit Body ..........       0.000000       0.000000       0.000000

  ZPE (ATDHFB) ........       1.518871       2.144402       1.661844
  ZPE (GCM) ...........       1.972099       2.561962       2.149688

  Inertia tensor   ATDHFB        GCM         Units
      M_22      0.2622E-02    0.1891E-02   MeV-1.b^-2  
      M_32     -0.6371E-03   -0.4606E-03   MeV-1.b^-5/2
      M_33      0.4542E-02    0.3661E-02   MeV-1.b^-3  
  GCM metric       Value        Units
      G_22      0.3317E-02     b^-2      
      G_32     -0.1423E-02     b^-5/2    
      G_33      0.9528E-02     b^-3      

  Fission fragments characteristics
  =================================
  Gaussian neck .......     11.3739      1.3579
  Centers of mass .....     -5.1261     10.1495
       Observable         Left fragment  Right fragment
  Charge Z ............     62.9075        31.0925
  Mass A ..............    159.4620        80.5380
  q10 [b^1/2] .........      -0.000000       0.000000
  q20 [b] .............      61.100338       9.169338
  q30 [b^3/2] .........       2.575724       0.255340
  q40 [b^2] ...........       8.005893       0.162028
  q50 [b^5/2] .........       1.565262       0.190172
  q60 [b^3] ...........       2.610742      -0.031639
  q70 [b^7/2] .........      -0.075386       0.039529
  q80 [b^4] ...........       0.119555       0.005748
  <Jx^2> from rho .....  232480.597573  467563.651057
  <Jx^2> from kappa ...  -20051.467124  -44926.377898
  <J^2>=2*<Jx^2> ......  424858.260898  845274.546317

   Blocking candidates are:
   neutron eqpmin=  0.77304906570881360       pwiblo=   1.0000000000000000     
    num=   1 block=   2 state=   1   165 Eqp=   0.77304907  (1-2N)E=  -0.22974468  overl=   0.45532304  3-[ 3, 0, 1]
    num=   2 block=   1 state=   1     1 Eqp=   0.79857391  (1-2N)E=  -0.35379450  overl=   0.36017159  1-[ 7, 4, 1]
    num=   3 block=   4 state=   1   429 Eqp=   0.83266368  (1-2N)E=  -0.01681564  overl=   0.38572722  7+[10, 7, 3]
    num=   4 block=   1 state=   2     2 Eqp=   0.97583663  (1-2N)E=   0.66774412  overl=   0.33215182  1-[ 7, 5, 0]
    num=   5 block=   3 state=   1   308 Eqp=   1.06955662  (1-2N)E=  -0.71488168  overl=   0.42890673  5+[12,10, 2]
    num=   6 block=   1 state=   3     3 Eqp=   1.08784541  (1-2N)E=  -0.80849115  overl=   0.35754185  1-[11, 9, 0]
    num=   7 block=   3 state=   2   309 Eqp=   1.28894809  (1-2N)E=   1.13917109  overl=   0.46722924  5+[ 6, 2, 2]
    num=   8 block=   2 state=   2   166 Eqp=   1.44574024  (1-2N)E=   1.23134102  overl=   0.33927250  3+[14,13, 1]
    num=   9 block=   5 state=   1   528 Eqp=   1.49484542  (1-2N)E=   1.28666818  overl=   0.52807546  9+[ 4, 0, 4]
    num=  10 block=   1 state=   4     4 Eqp=   1.59078551  (1-2N)E=   1.42051253  overl=   0.57546820  1-[ 3, 0, 1]
    num=  11 block=   2 state=   3   167 Eqp=   1.65622676  (1-2N)E=  -0.37632902  overl=   0.34864344  3+[10, 8, 2]
    num=  12 block=   2 state=   4   168 Eqp=   1.68656664  (1-2N)E=   0.42351605  overl=   0.34104071  3+[ 4, 1, 1]

   Blocking candidates are:
   proton  eqpmin=   1.3457941914775406       pwiblo=   1.0000000000000000     
    num=   1 block=   1 state=   1     1 Eqp=   1.34579419  (1-2N)E=  -0.55247840  overl=   0.30215415  1-[11,10, 1]
    num=   2 block=   1 state=   2     2 Eqp=   1.39784478  (1-2N)E=  -0.55694981  overl=   0.41129777  1-[ 3, 1, 0]
    num=   3 block=   2 state=   1   166 Eqp=   1.41585922  (1-2N)E=  -0.19762640  overl=   0.31410918  3-[ 5, 2, 1]
    num=   4 block=   2 state=   2   167 Eqp=   1.43282008  (1-2N)E=   0.29753871  overl=   0.31538196  3-[ 3, 1, 2]
    num=   5 block=   3 state=   1   310 Eqp=   1.47753062  (1-2N)E=   0.63122755  overl=   0.44078190  5+[ 6, 4, 2]
    num=   6 block=   4 state=   1   433 Eqp=   1.62469152  (1-2N)E=  -0.74848122  overl=   0.48740752  7-[ 3, 0, 3]
    num=   7 block=   1 state=   3     3 Eqp=   1.86988480  (1-2N)E=   1.29010396  overl=   0.41516252  1-[ 5, 2, 1]
    num=   8 block=   3 state=   2   311 Eqp=   1.91247583  (1-2N)E=   1.22060275  overl=   0.44815003  5-[ 5, 2, 3]
    num=   9 block=   2 state=   3   168 Eqp=   1.97392912  (1-2N)E=   1.46616026  overl=   0.37510200  3+[12,11, 1]
    num=  10 block=   1 state=   4     4 Eqp=   2.04370613  (1-2N)E=   1.61438961  overl=   0.38585546  1+[10,10, 0]
    num=  11 block=   4 state=   2   434 Eqp=   2.32434693  (1-2N)E=   2.07005651  overl=   0.41585745  7-[ 7, 4, 3]



 HFBTHO_SOLVER ended without errors

