Distributed parallelism with MPI     : 1 tasks/HFBTHO
Multi-threading framework with OpenMP: 4 threads/task

  ==========================================
           FORTRAN 95 CODE (KIND= 8) 
 git: parent: 3cae9cc3ec7a0c93cd724b300dc0d972f613f33e
  ==========================================
       AXIALLY DEFORMED CONFIGURATIONAL     
     HARTREE-FOCK-BOGOLIUBOV CALCULATIONS   
                     WITH                   
      SKYRME+DELTA PAIRING OR GOGNY EDFs    
                  USING THE                 
             HARMONIC-OSCILLATOR            
                    AND/OR                  
        TRANSFORMED HARMONIC-OSCILLATOR     
                    BASIS                   
                     ---                    
                v1.66  (2005)               
    Stoitsov, Dobaczewski, Nazarewicz, Ring 
                v2.00d (2012)               
        Stoitsov, Schunck, Kortelainen      
                v3.00  (2016)               
            Schunck, Navarro Perez          
  ==========================================
    Nucleus: Cr (A=  50, N= 26, Z= 24)
      No Reflection Symmetry Imposed     
            (10/12/2021,  8: 4)                               
  ==========================================


  ---------------------------------------
           UNEDF Module Version: 17
         M.Kortelainen & M.Stoitsov 
  ---------------------------------------

  SIII functional
  ----------------------------------------
  Crho(0)=   -423.281250000000000    ; Crho(1)=    268.078125000000000    
  CDrho(0)=   875.000000000000000    ; CDrho(1)=  -874.999999999999886    
  Ctau(0)=    44.3750000000000000    ; Ctau(1)=   -30.6250000000000000    
  CrDr(0)=   -62.9687500000000000    ; CrDr(1)=    17.0312500000000000    
  CrdJ(0)=   -90.0000000000000000    ; CrdJ(1)=   -30.0000000000000000    
  CJ(0)=      30.6250000000000000    ; CJ(1)=      30.6250000000000000    
  CpV0(0)=   -190.000000000000000    ; CpV0(1)=   -190.000000000000000    
  CpV1(0)=   0.500000000000000000    ; CpV1(1)=   0.500000000000000000    
  sigma=      1.00000000000000000    ; hbzero=     20.7353300000000011    
  functional has DME couplings: F
  use 3-Nucleon DME couplings: F
  e^2 chrg=   1.43997840859651349    ; CExPar=     1.00000000000000000    
  c.m. correction: T, chr. density in direct Coul: F
  use tensor terms: F

  Coupling constants in natural units
  ----------------------------------------
  Crho_nu(0)=  -0.476665447991987401    ; Crho_nu(1)=   0.301888117061592021    
  CDrho_nu(0)=  0.776739472430301614    ; CDrho_nu(1)= -0.776739472430301503    
  Ctau_nu(0)=   0.629020670114775915    ; Ctau_nu(1)=  -0.434112856839774963    
  CrDr_nu(0)=  -0.892589190338925031    ; CrDr_nu(1)=   0.241419905079262614    
  CrdJ_nu(0)=   -1.27576023234546110    ; CrdJ_nu(1)=  -0.425253410781820385    
  CJ_nu(0)=     0.434112856839774963    ; CJ_nu(1)=     0.434112856839774963    
  CpV0_nu(0)=  -0.213962785071338729    ; CpV0_nu(1)=  -0.213962785071338729    
  CpV1_nu(0)=   0.443851127103029534E-03; CpV1_nu(1)=   0.443851127103029534E-03
  fpi_nu=        93.0000000000000000    ; Lambda_nu=     700.000000000000000    

  Nuclear matter properties
  ----------------------------------------
  E_NM=      -15.8515313856059432    ; K_NM=        355.353541984833555    
  P_NM=     -0.399851657369765451E-15; RHO_NM=     0.145268008315151714    
  ASS_NM=     28.1618942362676563    ; LASS_NM=     9.91054434872836687    
  SMASS_NM=   1.31088330250759721    ; VMASS_NM=    1.52543656761847424    

  Associated (t,x)-coupling constants
  ----------------------------------------
  t0=      -1128.75000000000000    ; x0=       0.449999999999999956    
  t1=       395.000000000000000    ; x1=        0.00000000000000000    
  t2=      -95.0000000000000000    ; x2=        0.00000000000000000    
  t3=       14000.0000000000000    ; x3=       0.999999999999999778    
  b4=       60.0000000000000000    ; b4p=       60.0000000000000000    
  te=       0.00000000000000000    ; to=        0.00000000000000000    
  sigma=    1.00000000000000000    ; hbzero=    20.7353300000000011    

  ---------------------------------------
        Characteristics of the run       
  ---------------------------------------
  Output file ................:    57
  Nucleus ....................:   Cr  50
  Number of HO shells ........:    12
  HO length b0 (fm) ..........:     1.76218580000000
  Basis deformation ..........:  beta0=   0.000 q=   1.000
  HO: b0,1/b0,bp,bz,q ........:   0.17621858E+01  0.56747705E+00  0.17621858E+01  0.17621858E+01  0.10000000E+01
  h**2/(2m_n), cmc, e**2 .....:   0.20735330E+02  0.20320623E+02  0.14399784E+01
  h**2/(2m_p), cmc, e**2 .....:   0.20735330E+02  0.20320623E+02  0.14399784E+01
  hom=f*41.0_pr*A^{-1/3}, f...:   0.13355371E+02  0.12000392E+01
  THO basis is ...............:  OFF
  Maximal number of iterations:   100
  Initial mixing parameter ...:  0.300
  Initial wave functions from :  tape
  Energy functional ..........:    SIII                          
    without Coulomb forces
  Pairing cutoff energy ......:    60.00 MeV
  Lipkin-Nogami procedure is .:  OFF
  PAV procedure is ...........:   ON
    Number of gauge points....:    15   15
  Constraint calculation is ..:   ON
    Constraint 1 .............: lambda=1 Ql=   0.000
    Constraint 2 .............: lambda=2 Ql=   1.000
    Constraint 3 .............: lambda=3 Ql=   0.000
  Temperature T ..............:   0.00 MeV
  Pairing regularization is ..:  OFF
  Collective inertia is ......:  OFF
  Fission fragments are ......:  OFF
  Restart indicator ..........:  -1
  Broyden mixing (#iterations):   7

  ---------------------------------------
        Harmonic Oscillator Basis        
  ---------------------------------------
  NUV, NQP:                       26663     455
  Comparison with bookkeeping spherical basis:
  n00:                               12      12  Maximal number of shells
  nbx, 2*n00+1:                      13      25  Maximal number of K-blocks
  ntx, (n00+1)*(n00+2)*(n00+3)/6    455     455  Max.num. p/n levels
  nzx, n00:                          12      12  Maximal nz-quantum number
  nrx, n00/2  :                       6       6  Maximal nr-quantum number
  nlx, n00:                          12      12  Maximal ml-quantum number
  ndx, (n00+2)*(n00+2)/4:            91      49  Maximal dim. of one k-block

  Actual basis used
  Number of blocks: nb .......:   13
  Number of levels: nt .......:  455
  Maximal 2*omega : nom ......:   25
  Maximal nz:       nzm ......:   12
  Maximal nr:       nrm ......:    6
  Maximal ml:       nlm ......:   12
  Maximal N=nz+2*nr+nl .......:   12
  2 x biggest block dim. .....:  182
  Non-zero elements of h .....:    13559
  Number of Broyden elements .:    54236

  ---------------------------------------
            Integration Meshes           
  ---------------------------------------
  Number of Gauss-Hermite mesh points ngh ....:  80
  Number of Gauss-Laguerre mesh points ngl ...:  40
  Number of Gauss-Legendre mesh points nleg ..:  80
  Integration boundaries
    Hermite  - from xh(1)  =-11.88786356 to xh(ngh)   = 11.88786356
    Laguerre - From xl(1)  =  0.03570039 to xl(ngl)   =142.28004447
    Legendre - From xleg(1)=  0.00978669 to xleg(nleg)=  0.99988775
  Max.dev.in:     Orthogonality            Normalization
  Hermite     3.8816336845126371E-015   6.3282712403633923E-015
  Laguerre    5.7957256598811613E-015   8.2156503822261584E-015

  Scratch initialization for the nucleus: Cr  26  24


  Initial potentials of Saxon-Woods shape 
  v0ws   =  -71.28000000
  kappa  =    0.46160000
  vs0    =   11.11750000   11.11750000
  r0     =    1.23340000    1.23340000
  a      =    0.61500000    0.61500000
  r0-so  =    1.14430000    1.14430000
  a-so   =    0.64760000    0.64760000
  b2_ws  =    0.00000000
  b3_ws  =    0.00000000
  b4_ws  =    0.00000000

  ### REGULAR STAGE (no reflection symmetry imposed)
  |HFB+HO> iterations(b0=  1.762, Nsh= 12, inin=  1, N= 26, Z= 24)...
  ----------------------------------------------------------------------------------------------------------------------------------
  i          si     mix   beta      Etot       A       rn      rp         En      Dn      Ep      Dp        Ln      Lp     time  time(Gog.)
  ----------------------------------------------------------------------------------------------------------------------------------
   0L  85.24517734 0.30  0.000     0.000000    0.0   0.000   0.000 |   -2.000   1.000  -2.000   1.000 |   -7.000  -7.000   0.000   0.000
   1B  66.41009975 0.20  0.000  -289.079025   50.0   3.281   3.219 |   -1.341   0.284  -2.143   0.505 |  -18.806 -21.102   1.310   0.000
   2B  52.81613651 0.22  0.755  -355.304885   50.0   4.560   4.439 |   -1.315   0.431  -1.856   0.560 |  -12.886 -14.792   1.182   0.000
   3B  26.09149330 0.24  0.280  -521.188137   50.0   3.718   3.684 |   -0.523   0.290  -0.872   0.396 |   -9.086 -11.638   1.149   0.000
   4B  20.87837452 0.27  0.050  -520.549879   50.0   3.607   3.569 |   -0.539   0.319  -1.493   0.540 |  -11.901 -14.175   1.170   0.000
   5B  11.35334275 0.29  0.080  -529.513421   50.0   3.588   3.547 |   -0.817   0.393  -1.523   0.543 |  -12.191 -14.180   1.125   0.000
   6B   6.53016746 0.32  0.100  -530.863643   50.0   3.587   3.547 |   -0.889   0.409  -1.352   0.514 |  -12.062 -14.185   1.130   0.000
   7B   1.19938354 0.35  0.126  -531.635791   50.0   3.587   3.548 |   -0.796   0.387  -1.244   0.495 |  -11.993 -14.417   1.141   0.000
   8B   1.03975066 0.39  0.128  -531.735104   50.0   3.586   3.547 |   -0.754   0.377  -1.173   0.481 |  -12.133 -14.591   1.144   0.000
   9B   0.53785418 0.43  0.127  -531.748264   50.0   3.585   3.546 |   -0.684   0.359  -1.127   0.471 |  -12.246 -14.724   1.144   0.000
  10B   0.09827575 0.47  0.125  -531.723921   50.0   3.584   3.545 |   -0.665   0.353  -1.118   0.469 |  -12.255 -14.714   1.145   0.000
  11B   0.09955546 0.20  0.124  -531.726703   50.0   3.584   3.545 |   -0.630   0.344  -1.104   0.465 |  -12.262 -14.716   1.141   0.000
  12B   0.01720023 0.22  0.125  -531.738656   50.0   3.584   3.545 |   -0.590   0.332  -1.094   0.463 |  -12.263 -14.725   1.143   0.000
  13B   0.03752421 0.20  0.125  -531.743605   50.0   3.584   3.545 |   -0.561   0.324  -1.093   0.462 |  -12.266 -14.730   1.150   0.000
  14B   0.00566319 0.22  0.125  -531.741638   50.0   3.584   3.545 |   -0.544   0.319  -1.098   0.463 |  -12.271 -14.732   1.147   0.000
  15B   0.00830985 0.20  0.125  -531.741530   50.0   3.584   3.545 |   -0.532   0.315  -1.105   0.465 |  -12.273 -14.735   1.136   0.000
  16B   0.00248848 0.22  0.125  -531.742279   50.0   3.584   3.545 |   -0.526   0.314  -1.109   0.466 |  -12.274 -14.735   1.145   0.000
  17B   0.00325031 0.20  0.125  -531.742337   50.0   3.584   3.545 |   -0.523   0.313  -1.112   0.467 |  -12.274 -14.735   1.146   0.000
  18B   0.00050697 0.22  0.125  -531.742174   50.0   3.584   3.545 |   -0.520   0.312  -1.115   0.467 |  -12.275 -14.735   1.145   0.000
  19B   0.00022855 0.24  0.125  -531.742151   50.0   3.584   3.545 |   -0.518   0.311  -1.116   0.467 |  -12.275 -14.735   1.142   0.000
  20B   0.00014626 0.27  0.125  -531.742157   50.0   3.584   3.545 |   -0.518   0.311  -1.117   0.467 |  -12.275 -14.735   1.141   0.000
  21B   0.00018165 0.20  0.125  -531.742167   50.0   3.584   3.545 |   -0.517   0.311  -1.117   0.468 |  -12.275 -14.735   1.151   0.000
  22B   0.00017119 0.22  0.125  -531.742167   50.0   3.584   3.545 |   -0.517   0.311  -1.117   0.467 |  -12.275 -14.735   1.145   0.000
  23B   0.00002364 0.24  0.125  -531.742159   50.0   3.584   3.545 |   -0.517   0.311  -1.117   0.467 |  -12.275 -14.735   1.146   0.000
  24B   0.00002213 0.27  0.125  -531.742157   50.0   3.584   3.545 |   -0.517   0.311  -1.117   0.467 |  -12.275 -14.735   1.138   0.000
  25B   0.00000883 0.29  0.125  -531.742159   50.0   3.584   3.545 |   -0.517   0.311  -1.117   0.467 |  -12.275 -14.735   1.148   0.000
  26B   0.00000521 0.32  0.125  -531.742159   50.0   3.584   3.545 |   -0.517   0.311  -1.117   0.467 |  -12.275 -14.735   1.144   0.000
  27B   0.00000122 0.35  0.125  -531.742158   50.0   3.584   3.545 |   -0.517   0.311  -1.117   0.467 |  -12.275 -14.735   1.129   0.000
  28B   0.00000057 0.39  0.125  -531.742158   50.0   3.584   3.545 |   -0.517   0.311  -1.117   0.467 |  -12.275 -14.735   1.150   0.000
  29B   0.00000026 0.43  0.125  -531.742158   50.0   3.584   3.545 |   -0.517   0.311  -1.117   0.467 |  -12.275 -14.735   1.140   0.000
  30B   0.00000016 0.47  0.125  -531.742158   50.0   3.584   3.545 |   -0.517   0.311  -1.117   0.467 |  -12.275 -14.735   1.148   0.000
  31B   0.00000022 0.20  0.125  -531.742158   50.0   3.584   3.545 |   -0.517   0.311  -1.117   0.467 |  -12.275 -14.735   1.141   0.000
  32B   0.00000011 0.22  0.125  -531.742158   50.0   3.584   3.545 |   -0.517   0.311  -1.117   0.467 |  -12.275 -14.735   1.147   0.000
  33B   0.00000008 0.24  0.125  -531.742158   50.0   3.584   3.545 |   -0.517   0.311  -1.117   0.467 |  -12.275 -14.735   1.147   0.000
  34B   0.00000004 0.27  0.125  -531.742158   50.0   3.584   3.545 |   -0.517   0.311  -1.117   0.467 |  -12.275 -14.735   1.149   0.000
  35B   0.00000004 0.29  0.125  -531.742158   50.0   3.584   3.545 |   -0.517   0.311  -1.117   0.467 |  -12.275 -14.735   1.138   0.000
  36B   0.00000004 0.20  0.125  -531.742158   50.0   3.584   3.545 |   -0.517   0.311  -1.117   0.467 |  -12.275 -14.735   1.143   0.000
  37B   0.00000002 0.22  0.125  -531.742158   50.0   3.584   3.545 |   -0.517   0.311  -1.117   0.467 |  -12.275 -14.735   1.167   0.000
  38B   0.00000002 0.24  0.125  -531.742158   50.0   3.584   3.545 |   -0.517   0.311  -1.117   0.467 |  -12.275 -14.735   1.182   0.000
  39B   0.00000001 0.27  0.125  -531.742158   50.0   3.584   3.545 |   -0.517   0.311  -1.117   0.467 |  -12.275 -14.735   1.476   0.000
  40B   0.00000000 0.29  0.125  -531.742158   50.0   3.584   3.545 |   -0.517   0.311  -1.117   0.467 |  -12.275 -14.735   1.307   0.000
  41B   0.00000000 0.32  0.125  -531.742158   50.0   3.584   3.545 |   -0.517   0.311  -1.117   0.467 |  -12.275 -14.735   1.552   0.000
  41N   0.00000000 0.32  0.125  -531.742158   50.0   3.584   3.545 |   -0.517   0.311  -1.117   0.467 |  -12.275 -14.735   1.794   0.000
  ----------------------------------------------------------------------------------------------------------------------------------
  *   iteration converged   after  41 steps   si=     0.0000000004 ho=  0 tho=  0
  ----------------------------------------------------------------------------------------------------------------------------------
  Total CPU time=   0.831 minutes

  NB! From expect (UNPROJECTED RESULTS)

  pairing: CpV0,CpV1,...        -190.000000    -190.000000       0.500000       0.500000
  forces:   SIII                          


                             neutrons         protons         total
  Requested part.numbs.      26.000000      24.000000      50.000000
  UnPj(av) part.numbs .      26.000000      24.000000      50.000000
  b0, bz, bp ..........       1.762186       1.762186       1.762186

  lambda (ala) ........     -12.275242     -14.735030
  Lambda (alast) ......     -12.275242     -14.735030
  delta(n,p), pwi .....       0.310736       0.467479      60.000000
  pairing energy ......      -0.516937      -1.116536      -1.633473

  rms-radius ..........       3.584240       3.545154       3.565532
  charge-radius, r0 ...                      3.639278       4.420982
  deformation beta2....       0.123320       0.126231       0.124701
  dipole moment[fm] ...       0.000000       0.000000       0.000000
  quadrupole moment[b]        0.519652       0.480348       1.000000
  octupole moment .....       0.000000      -0.000000      -0.000000
  hexadecapole moment .       0.000624       0.003211       0.003835
  q5 ..................       0.000000       0.000000       0.000000
  q6 ..................       0.000005      -0.000092      -0.000087
  q7 ..................       0.000000       0.000000       0.000000
  q8 ..................      -0.000000      -0.000003      -0.000004

  <Jx^2> from rho .....       4.095526       7.158235      11.253761
  <Jx^2> from kappa ...      -1.590222      -4.941812      -6.532034
  <J^2> = 2*<Jx^2> ....       5.010608       4.432846       9.443454

  kinetic energy ......     466.508552     416.301808     882.810360
  volume energy .......                                 -1499.471041
        rho_tau .......                                   201.412518
        rho_rho .......                                 -1700.883558
  surface energy ......                                   125.886833
   rho_DELTA_rho ......                                   125.886833
   (NABLA_rho)^2 ......                                     0.000000
  spin-orbit energy ...                                   -39.334838
        rho_NABLA_J ...                                   -39.334838
        NABLA_rho_J ...                                     0.000000
  coulomb energy ......                                     0.000000
          direct ......                                     0.000000
          exchange ....                                     0.000000
          pairing .....                                     0.000000
  tensor energy .......                                     0.000000
  direct Hartree E  ...                                     0.000000
  Extra E .............                                     0.000000
  External field E ....                                     0.000000
  Entropy .............       0.000000       0.000000       0.000000

  tEnergy: ehfb (qp)...                                  -531.742158

  Calculated but not added corrections
  ====================================
  cmc-diagonal part ...       9.520583       8.495955      18.016538
  cmc-hfb .............       0.000000       0.000000       0.000000
  cranking rot corr ...       0.000000       0.000000       0.000000

  SQUJ ................       0.000000       0.000000       0.000000
  CRAN x 4 ............       0.000000       0.000000       0.000000
  Rigit Body ..........       0.000000       0.000000       0.000000


   Blocking candidates are:
   neutron eqpmin=  0.53373628753471514       pwiblo=   1.0000000000000000     
    num=   1 block=   3 state=   1   109 Eqp=   0.53373629  (1-2N)E=  -0.39910874  overl=   0.86972276  5-[ 3, 1, 2]
    num=   2 block=   4 state=   1   149 Eqp=   0.53711298  (1-2N)E=   0.37406894  overl=   0.90456451  7-[ 3, 0, 3]
    num=   3 block=   2 state=   1    60 Eqp=   1.15191806  (1-2N)E=  -1.10867020  overl=   0.80420924  3-[ 3, 2, 1]

   Blocking candidates are:
   proton  eqpmin=  0.56378769918904448       pwiblo=   1.0000000000000000     
    num=   1 block=   3 state=   1   109 Eqp=   0.56378770  (1-2N)E=   0.20564653  overl=   0.77038061  5-[ 3, 1, 2]
    num=   2 block=   2 state=   1    60 Eqp=   0.62623369  (1-2N)E=  -0.33262819  overl=   0.70774056  3-[ 3, 2, 1]
    num=   3 block=   1 state=   1     1 Eqp=   0.81434638  (1-2N)E=  -0.62589994  overl=   0.54670731  1-[ 3, 2, 1]
    num=   4 block=   4 state=   1   149 Eqp=   1.33484343  (1-2N)E=   1.25396904  overl=   0.96782531  7-[ 3, 0, 3]


   pj/unpj  s=    0.26000000D+02   0.26000000D+02   pj/unpj sd=   -0.64519674D-13  -0.31858257D-13 ala1= -0.14685100D+02 inner=  20
   pj/unpj  s=    0.24000000D+02   0.24000000D+02   pj/unpj sd=   -0.35215889D-13  -0.84151237D-14 ala1= -0.37522000D+01 inner=  20
Norm overlap:     0.39918946917757    0.00000000000000

  NB! From expectpj (PNP PAV RESULTS)

  pairing: CpV0,CpV1,pwi...     -190.000000    -190.000000       0.500000       0.500000      60.000000
  forces:   SIII                          ,  Gauge points:   15   15


                             neutrons         protons         total
  Requested part.numbs.      26.000000      24.000000      50.000000
  Projected part.numbs.      26.000000      24.000000      50.000000
  Dispersion dN2 ......       1.094274       2.172206
  b0, bz, bp ..........       1.762186       1.762186       1.762186

  lambda (ala) ........     -12.275242     -14.735030
  Lambda (alast) ......     -12.275242     -14.735030
  delta(n,p) ..........       0.028628       0.058807
  pairing energy ......      -0.333798      -0.981203      -1.315001

  rms-radius ..........       3.584739       3.545712       3.566059
  charge-radius, r0 ...                      3.639821       4.420982
  deformation beta2 ...       0.130259       0.135468       0.132731
  quadrupole moment[b]        0.549042       0.515661       1.064702
  hexadecapole moment .      -0.000950       0.005195       0.004245

  kinetic energy ......     466.236124     415.937244     882.173368
  cmc-diagonal part ...       9.515023       8.488515      18.003538
  cmc-PAV .............       0.000000       0.000000       0.000000

  volume energy .......                                 -1500.365286
        rho_tau .......                                   201.410935
        rho_rho .......                                 -1701.776220
  volume energy .......                                 -1500.365286
  surface energy ......                                   126.141959
  spin-orbit energy ...                                   -39.203075
  coulomb direct ......                                     0.000000
  coulomb exchange ....                                     0.000000
  tensor energy .......                                     0.000000

  Energy: ehfb(qp) ....                                  -531.742158
  Energy: ehfb(can,pj).                                  -531.813785
  ehfb(qp)-ehfb(can,pj)                                     0.071627
  Epj-ehfb(can,pj) ....                                    -0.754249
  Energy: Epj=E(PAV) ..                                  -532.568034


 HFBTHO_SOLVER ended without errors

