              ====================================================
              Restoration of broken symmetries module, HFBTHO code
              ====================================================
  Number of oscillator shells:                12
  Basis deformation beta0:                 0.000
  ---
  Angular momentum projection is off.
  ---
  Particle number projection is on.
  Mixed prescription in PNP for non-integer powers of density.
  Number of gauge angles given:               15
  Number of gauge angles considered:          15
  Number of gauge angles calculated:           8
  ---
  Parity enforced:                             F
  Energy functional:                        SIII                          
  ============================================================================
  ===================       Mesh in gauge angle phi        ===================
  ============================================================================
   iphi    angle          overlap neutrons            overlap protons
   ---   --------      -----------------------     -----------------------
    1    0.000000    1.000000000  0.000000000i   1.000000000  0.000000000i
    2    0.209440    0.653556553 -0.725397343i   0.295541724 -0.906473591i
    3    0.418879   -0.093592947 -0.905490350i  -0.665250622 -0.490298397i
    4    0.628319   -0.656846836 -0.482057212i  -0.535560780  0.371204539i
    5    0.837758   -0.693447327  0.140919916i   0.122084823  0.452801350i
    6    1.047198   -0.310212735  0.522579533i   0.310765580  0.027898461i
    7    1.256637    0.158511583  0.507145589i   0.083196577 -0.182570899i
    8    1.466077    0.446829271  0.201453056i  -0.110270634 -0.090942790i
    9    1.675516    0.446829271 -0.201453056i  -0.110270634  0.090942790i
   10    1.884956    0.158511583 -0.507145589i   0.083196577  0.182570899i
   11    2.094395   -0.310212735 -0.522579533i   0.310765580 -0.027898461i
   12    2.303835   -0.693447327 -0.140919916i   0.122084823 -0.452801350i
   13    2.513274   -0.656846836  0.482057212i  -0.535560780 -0.371204539i
   14    2.722714   -0.093592947  0.905490350i  -0.665250622  0.490298397i
   15    2.932153    0.653556553  0.725397343i   0.295541724  0.906473591i
  ============================================================================
  ===========     Particle-number decomposition of an HFB state    ===========
  ============================================================================
                    N       Z       |cNZ|^2     partial sum
                   ---     ---      ---------     ---------
                 20.00   18.00    0.000000003   0.000000003
                 20.00   20.00    0.000000498   0.000000501
                 20.00   22.00    0.000005380   0.000005881
                 20.00   24.00    0.000014170   0.000020051
                 20.00   26.00    0.000005949   0.000026000
                 20.00   28.00    0.000000222   0.000026222
                 20.00   30.00    0.000000002   0.000026224
                 22.00   18.00    0.000000399   0.000026623
                 22.00   20.00    0.000063871   0.000090494
                 22.00   22.00    0.000690178   0.000780672
                 22.00   24.00    0.001817638   0.002598309
                 22.00   26.00    0.000763168   0.003361478
                 22.00   28.00    0.000028493   0.003389970
                 22.00   30.00    0.000000227   0.003390197
                 24.00   18.00    0.000014923   0.003405120
                 24.00   20.00    0.002390151   0.005795271
                 24.00   22.00    0.025827521   0.031622792
                 24.00   24.00    0.068018784   0.099641576
                 24.00   26.00    0.028558920   0.128200496
                 24.00   28.00    0.001066237   0.129266733
                 24.00   30.00    0.000008504   0.129275237
                 26.00   18.00    0.000087534   0.129362771
                 26.00   20.00    0.014020230   0.143383002
                 26.00   22.00    0.151499977   0.294882979
                 26.00   24.00    0.398986967   0.693869946
                 26.00   26.00    0.167521912   0.861391858
                 26.00   28.00    0.006254371   0.867646228
                 26.00   30.00    0.000049885   0.867696113
                 28.00   18.00    0.000015607   0.867711720
                 28.00   20.00    0.002499838   0.870211559
                 28.00   22.00    0.027012784   0.897224343
                 28.00   24.00    0.071140267   0.968364609
                 28.00   26.00    0.029869531   0.998234140
                 28.00   28.00    0.001115168   0.999349309
                 28.00   30.00    0.000008895   0.999358203
                 30.00   18.00    0.000000076   0.999358279
                 30.00   20.00    0.000012145   0.999370424
                 30.00   22.00    0.000131240   0.999501665
                 30.00   24.00    0.000345632   0.999847297
                 30.00   26.00    0.000145120   0.999992416
                 30.00   28.00    0.000005418   0.999997834
                 30.00   30.00    0.000000043   0.999997878
                 32.00   18.00    0.000000000   0.999997878
                 32.00   20.00    0.000000028   0.999997906
                 32.00   22.00    0.000000304   0.999998210
                 32.00   24.00    0.000000801   0.999999011
                 32.00   26.00    0.000000336   0.999999348
                 32.00   28.00    0.000000013   0.999999360
                 32.00   30.00    0.000000000   0.999999360
                                                  ---------
                                                0.999999360
  ============================================================================
  ====================     Symmetry-projected energies    ====================
  ============================================================================
  rms-radius ..........       3.584939       3.547238       3.566875
  charge-radius, r0 ...                      3.641308       4.420982
  delta(n,p) ..........       0.189940       0.344506
  kinetic energy ......     466.233973     415.927598     882.161571
  pairing energy ......      -0.320451      -0.945217      -1.265668
  volume energy .......                                 -1500.346077
        rho_tau .......                                   201.407085
        rho_rho .......                                 -1701.753163
  surface energy ......                                   126.139791
   rho_DELTA_rho ......                                   126.139791
  spin-orbit energy ...                                   -39.201234
        rho_NABLA_J ...                                   -39.201234
  coulomb energy ......                                     0.000000
          direct ......                                     0.000000
          exchange ....                                     0.000000
  time-odd terms ......                                    -0.000000
             s_s ------                                    -0.000000
             s_s (DD) -                                     0.000000
             j_j .....-                                     0.000000
             s_Ds -----                                     0.000000
             j_Vxs ----                                    -0.000000
  Projected Energy ....                                  -532.511618
  ============================================================================
  =======================      System clock times      =======================
  ============================================================================
                                           seconds       minutes        hours
                                           -------       -------       -------
  Total clock time:                        1234.36         20.57          0.34
                                           -----------------------------------
  Time in initialization routines:            0.01          0.00          0.00
  Time in calculate_rotation_matrix:          1.44          0.02          0.00
  Time in calculate_overlaps:                18.78          0.31          0.01
  Time in calculate_densities:             1192.73         19.88          0.33
  Time in calculate_energies:                21.17          0.35          0.01
  Time in project:                            0.00          0.00          0.00
