Distributed parallelism with MPI     : 1 tasks/HFBTHO
Multi-threading framework with OpenMP: 4 threads/task

  ==========================================
           FORTRAN 95 CODE (KIND= 8) 
 git: parent: 3cae9cc3ec7a0c93cd724b300dc0d972f613f33e
  ==========================================
       AXIALLY DEFORMED CONFIGURATIONAL     
     HARTREE-FOCK-BOGOLIUBOV CALCULATIONS   
                     WITH                   
      SKYRME+DELTA PAIRING OR GOGNY EDFs    
                  USING THE                 
             HARMONIC-OSCILLATOR            
                    AND/OR                  
        TRANSFORMED HARMONIC-OSCILLATOR     
                    BASIS                   
                     ---                    
                v1.66  (2005)               
    Stoitsov, Dobaczewski, Nazarewicz, Ring 
                v2.00d (2012)               
        Stoitsov, Schunck, Kortelainen      
                v3.00  (2016)               
            Schunck, Navarro Perez          
  ==========================================
    Nucleus:  K (A=  48, N= 29, Z= 19)
       Reflection Symmetry Imposed       
            (10/12/2021,  9:51)                               
  ==========================================


  ---------------------------------------
           UNEDF Module Version: 17
         M.Kortelainen & M.Stoitsov 
  ---------------------------------------

  SKM* functional
  ----------------------------------------
  Crho(0)=   -991.875000000000000    ; Crho(1)=    390.137499999999989    
  CDrho(0)=   974.687500000000000    ; CDrho(1)=  -324.895833333333314    
  Ctau(0)=    34.6875000000000000    ; Ctau(1)=   -34.0625000000000000    
  CrDr(0)=   -68.2031250000000000    ; CrDr(1)=    17.1093750000000000    
  CrdJ(0)=   -97.5000000000000000    ; CrdJ(1)=   -32.5000000000000000    
  CJ(0)=      34.0625000000000000    ; CJ(1)=      34.0625000000000000    
  CpV0(0)=   -280.000000000000000    ; CpV0(1)=   -280.000000000000000    
  CpV1(0)=   0.500000000000000000    ; CpV1(1)=   0.500000000000000000    
  sigma=     0.166666666666666657    ; hbzero=     20.7300000000000004    
  functional has DME couplings: F
  use 3-Nucleon DME couplings: F
  e^2 chrg=   1.43997840859651349    ; CExPar=     1.00000000000000000    
  c.m. correction: T, chr. density in direct Coul: F
  use tensor terms: F

  Coupling constants in natural units
  ----------------------------------------
  Crho_nu(0)=   -1.11697019706649536    ; Crho_nu(1)=   0.439341610846154806    
  CDrho_nu(0)=   1.05494661920042820    ; CDrho_nu(1)= -0.351648873066809420    
  Ctau_nu(0)=   0.491699256216479808    ; Ctau_nu(1)=  -0.482839810158525229    
  CrDr_nu(0)=  -0.966787051074294745    ; CrDr_nu(1)=   0.242527335836506930    
  CrdJ_nu(0)=   -1.38207358504091626    ; CrdJ_nu(1)=  -0.460691195013638755    
  CJ_nu(0)=     0.482839810158525229    ; CJ_nu(1)=     0.482839810158525229    
  CpV0_nu(0)=  -0.315313577999867589    ; CpV0_nu(1)=  -0.315313577999867589    
  CpV1_nu(0)=   0.443851127103029534E-03; CpV1_nu(1)=   0.443851127103029534E-03
  fpi_nu=        93.0000000000000000    ; Lambda_nu=     700.000000000000000    

  Nuclear matter properties
  ----------------------------------------
  E_NM=      -15.7762359616147627    ; K_NM=        216.657542303868979    
  P_NM=     -0.730495530692525363E-15; RHO_NM=     0.160318515964671449    
  ASS_NM=     30.0323865018228560    ; LASS_NM=     45.7703887670942962    
  SMASS_NM=   1.26826090316085582    ; VMASS_NM=    1.53168827653502970    

  Associated (t,x)-coupling constants
  ----------------------------------------
  t0=      -2645.00000000000000    ; x0=       0.899999999999999689E-01
  t1=       410.000000000000000    ; x1=        0.00000000000000000    
  t2=      -135.000000000000000    ; x2=        0.00000000000000000    
  t3=       15595.0000000000000    ; x3=       -0.00000000000000000    
  b4=       65.0000000000000000    ; b4p=       65.0000000000000000    
  te=       0.00000000000000000    ; to=        0.00000000000000000    
  sigma=   0.166666666666666657    ; hbzero=    20.7300000000000004    

  ---------------------------------------
        Characteristics of the run       
  ---------------------------------------
  Output file ................:    57
  Nucleus ....................:    K  48
  Number of HO shells ........:    12
  HO length b0 (fm) ..........:     1.75000371403579
  Basis deformation ..........:  beta0=   0.000 q=   1.000
  HO: b0,1/b0,bp,bz,q ........:   0.17500037E+01  0.57142736E+00  0.17500037E+01  0.17500037E+01  0.10000000E+01
  h**2/(2m_n), cmc, e**2 .....:   0.20730000E+02  0.20298125E+02  0.14399784E+01
  h**2/(2m_p), cmc, e**2 .....:   0.20730000E+02  0.20298125E+02  0.14399784E+01
  hom=f*41.0_pr*A^{-1/3}, f...:   0.13537902E+02  0.12000000E+01
  THO basis is ...............:  OFF
  Maximal number of iterations:    50
  Initial mixing parameter ...:  0.300
  Initial wave functions from :  tape
  Energy functional ..........:    SKM*                          
    direct Coulomb by substitution method, exchange Coulomb with Slater approximation
  Pairing cutoff energy ......:    60.00 MeV
  Lipkin-Nogami procedure is .:  OFF
  PAV procedure is ...........:  OFF
  Constraint calculation is ..:  OFF
  Neutron blocking is ........:   ON
  Proton blocking is .........:   ON
  Temperature T ..............:   0.00 MeV
  Pairing regularization is ..:  OFF
  Collective inertia is ......:  OFF
  Fission fragments are ......:  OFF
  Restart indicator ..........:  -1
  Broyden mixing (#iterations):   7

  ---------------------------------------
        Harmonic Oscillator Basis        
  ---------------------------------------
  NUV, NQP:                       13447     455
  Comparison with bookkeeping spherical basis:
  n00:                               12      12  Maximal number of shells
  nbx, 2*n00+1:                      25      25  Maximal number of K-blocks
  ntx, (n00+1)*(n00+2)*(n00+3)/6    455     455  Max.num. p/n levels
  nzx, n00:                          12      12  Maximal nz-quantum number
  nrx, n00/2  :                       6       6  Maximal nr-quantum number
  nlx, n00:                          12      12  Maximal ml-quantum number
  ndx, (n00+2)*(n00+2)/4:            49      49  Maximal dim. of one k-block

  Actual basis used
  Number of blocks: nb .......:   25
  Number of levels: nt .......:  455
  Maximal 2*omega : nom ......:   25
  Maximal nz:       nzm ......:   12
  Maximal nr:       nrm ......:    6
  Maximal ml:       nlm ......:   12
  Maximal N=nz+2*nr+nl .......:   12
  2 x biggest block dim. .....:   98
  Non-zero elements of h .....:     6951
  Number of Broyden elements .:    27804

  ---------------------------------------
            Integration Meshes           
  ---------------------------------------
  Number of Gauss-Hermite mesh points ngh ....:  40
  Number of Gauss-Laguerre mesh points ngl ...:  40
  Number of Gauss-Legendre mesh points nleg ..:  80
  Integration boundaries
    Hermite  - from xh(1)  =  0.12379686 to xh(ngh)   = 11.88786356
    Laguerre - From xl(1)  =  0.03570039 to xl(ngl)   =142.28004447
    Legendre - From xleg(1)=  0.00978669 to xleg(nleg)=  0.99988775
  Max.dev.in:     Orthogonality            Normalization
  Hermite     5.0671528845784617E-015   1.0658141036401503E-014
  Laguerre    5.7957256598811613E-015   8.2156503822261584E-015

  Initialization for the even-even core (N,Z)=:   28  20

  Initial potentials of Saxon-Woods shape 
  v0ws   =  -71.28000000
  kappa  =    0.46160000
  vs0    =   11.11750000   11.11750000
  r0     =    1.23340000    1.23340000
  a      =    0.61500000    0.61500000
  r0-so  =    1.14430000    1.14430000
  a-so   =    0.64760000    0.64760000
  b2_ws  =    0.00000000
  b3_ws  =    0.00000000
  b4_ws  =    0.00000000

  ### REGULAR STAGE (reflection symmetry imposed)
  |HFB+HO> iterations(b0=  1.750, Nsh= 12, inin=  1, N= 28, Z= 20)...
  ----------------------------------------------------------------------------------------------------------------------------------
  i          si     mix   beta      Etot       A       rn      rp         En      Dn      Ep      Dp        Ln      Lp     time  time(Gog.)
  ----------------------------------------------------------------------------------------------------------------------------------
   0L  86.69402637 0.30  0.000     0.000000    0.0   0.000   0.000 |   -2.000   1.000  -2.000   1.000 |   -7.000  -7.000   0.000   0.000
   1B  50.78490749 0.20 -0.000  -242.749535   48.0   3.338   3.058 |   -3.050   0.566  -1.460   0.404 |  -12.185 -26.002   6.386   0.000
   2B  12.69317623 0.22  0.000  -402.168183   48.0   3.632   3.459 |   -1.813   0.629  -0.747   0.419 |   -7.326 -13.527   0.592   0.000
   3B   3.98023711 0.24 -0.000  -412.787210   48.0   3.579   3.425 |   -1.668   0.653  -0.431   0.353 |   -7.844 -12.913   0.583   0.000
   4B   0.91359316 0.27 -0.000  -419.632136   48.0   3.601   3.445 |   -1.527   0.652  -0.387   0.345 |   -8.003 -12.601   0.578   0.000
   5B   0.39717467 0.29 -0.000  -419.812295   48.0   3.603   3.447 |   -1.470   0.646  -0.336   0.325 |   -8.087 -12.604   0.579   0.000
   6B   0.08356669 0.32 -0.000  -419.872761   48.0   3.603   3.448 |   -1.418   0.639  -0.300   0.308 |   -8.083 -12.616   0.572   0.000
   7B   0.03420681 0.35 -0.000  -419.886117   48.0   3.604   3.448 |   -1.373   0.632  -0.256   0.286 |   -8.103 -12.625   0.580   0.000
   8B   0.03167928 0.39 -0.000  -419.894652   48.0   3.604   3.449 |   -1.316   0.620  -0.210   0.259 |   -8.104 -12.630   0.576   0.000
   9B   0.02649367 0.43 -0.000  -419.906260   48.0   3.604   3.449 |   -1.214   0.598  -0.139   0.211 |   -8.104 -12.631   0.580   0.000
  10B   0.01387753 0.47  0.000  -419.924443   48.0   3.604   3.449 |   -1.000   0.543  -0.037   0.110 |   -8.105 -12.629   0.590   0.000
  11B   0.01083212 0.52  0.000  -419.932853   48.0   3.604   3.449 |   -0.830   0.495  -0.003   0.029 |   -8.111 -12.625   0.589   0.000
  12B   0.00730820 0.57  0.000  -419.935391   48.0   3.603   3.448 |   -0.728   0.463  -0.001  -0.013 |   -8.115 -12.647   0.590   0.000
  13B   0.00679978 0.63  0.000  -419.935775   48.0   3.603   3.448 |   -0.709   0.457  -0.001  -0.013 |   -8.115 -12.647   0.583   0.000
  14B   0.00630399 0.69  0.000  -419.936427   48.0   3.603   3.448 |   -0.675   0.446  -0.000  -0.012 |   -8.116 -12.648   0.586   0.000
  15B   0.00500417 0.76 -0.000  -419.938337   48.0   3.603   3.448 |   -0.573   0.411  -0.000  -0.008 |   -8.117 -12.658   0.588   0.000
  16B   0.00360937 0.84  0.000  -419.942205   48.0   3.603   3.448 |   -0.325   0.309  -0.000  -0.001 |   -8.124 -12.709   0.583   0.000
  17B   0.00256174 0.90 -0.000  -419.942483   48.0   3.603   3.448 |   -0.304   0.299  -0.000  -0.001 |   -8.124 -14.673   0.579   0.000
  18B   0.00291430 0.20  0.000  -419.943768   48.0   3.603   3.448 |   -0.198   0.242  -0.000  -0.001 |   -8.126 -14.677   0.590   0.000
  19B   0.00132276 0.22 -0.000  -419.944323   48.0   3.603   3.448 |   -0.147   0.208  -0.000  -0.001 |   -8.127 -14.679   0.583   0.000
  20B   0.00266064 0.20  0.000  -419.945038   48.0   3.602   3.448 |   -0.074   0.147  -0.000   0.000 |   -8.129 -14.681   0.588   0.000
  21B   0.00242223 0.22  0.000  -419.945096   48.0   3.602   3.448 |   -0.067   0.141  -0.000   0.001 |   -8.129 -14.682   0.577   0.000
  22B   0.00174432 0.24  0.000  -419.945280   48.0   3.602   3.448 |   -0.046   0.117  -0.000   0.002 |   -8.129 -14.682   0.579   0.000
  23B   0.00105776 0.27  0.000  -419.945417   48.0   3.602   3.448 |   -0.030   0.094  -0.000   0.002 |   -8.129 -14.682   0.583   0.000
  24B   0.00050321 0.29  0.000  -419.945502   48.0   3.602   3.448 |   -0.020   0.077  -0.000   0.002 |   -8.129 -14.682   0.579   0.000
  25B   0.00028376 0.32  0.000  -419.945540   48.0   3.602   3.448 |   -0.016   0.068  -0.000   0.001 |   -8.130 -14.682   0.586   0.000
  26B   0.00056755 0.20 -0.000  -419.945607   48.0   3.602   3.448 |   -0.007   0.046  -0.000   0.000 |   -8.130 -14.683   0.582   0.000
  27B   0.00086310 0.20  0.000  -419.945649   48.0   3.602   3.448 |   -0.002   0.024  -0.000   0.000 |   -8.130 -14.683   0.580   0.000
  28B   0.00126300 0.20  0.000  -419.945657   48.0   3.602   3.448 |   -0.001   0.017  -0.000   0.000 |   -8.131 -14.683   0.582   0.000
  29B   0.00091620 0.22 -0.000  -419.945654   48.0   3.602   3.448 |   -0.001   0.019  -0.000   0.000 |   -8.130 -14.683   0.576   0.000
  30B   0.00045330 0.24  0.000  -419.945660   48.0   3.602   3.448 |   -0.001   0.013  -0.000   0.000 |   -8.130 -14.683   0.575   0.000
  31B   0.00001459 0.27 -0.000  -419.945665   48.0   3.602   3.448 |   -0.000   0.001  -0.000  -0.000 |   -8.130 -14.683   0.573   0.000
  32B   0.00000592 0.29  0.000  -419.945664   48.0   3.602   3.448 |   -0.000   0.000  -0.000   0.000 |  -10.415 -14.683   0.575   0.000
  32N   0.00000592 0.29 -0.000  -419.945664   48.0   3.602   3.448 |   -0.000  -0.000  -0.000   0.000 |  -10.415 -14.683   0.573   0.000
  ----------------------------------------------------------------------------------------------------------------------------------
  *   iteration converged   after  32 steps   si=     0.0000059165 ho=  0 tho=  0
  ----------------------------------------------------------------------------------------------------------------------------------
  Total CPU time=   0.417 minutes

  NB! From expect (UNPROJECTED RESULTS)

  pairing: CpV0,CpV1,...        -280.000000    -280.000000       0.500000       0.500000
  forces:   SKM*                          


                             neutrons         protons         total
  Requested part.numbs.      28.000000      20.000000      48.000000
  UnPj(av) part.numbs .      28.000000      20.000000      48.000000
  b0, bz, bp ..........       1.750004       1.750004       1.750004

  lambda (ala) ........      -8.129637     -12.659240
  Lambda (alast) ......     -10.414731     -14.682744
  delta(n,p), pwi .....      -0.000123       0.000012      60.000000
  pairing energy ......      -0.000000      -0.000000      -0.000000

  rms-radius ..........       3.602326       3.447845       3.538779
  charge-radius, r0 ...                      3.539363       4.361089
  deformation beta2....       0.000000      -0.000000       0.000000
  dipole moment[fm] ...       0.000000       0.000000       0.000000
  quadrupole moment[b]        0.000000      -0.000000       0.000000
  octupole moment .....       0.000000       0.000000       0.000000
  hexadecapole moment .       0.000000      -0.000000       0.000000
  q5 ..................       0.000000       0.000000       0.000000
  q6 ..................       0.000000       0.000000       0.000000
  q7 ..................       0.000000       0.000000       0.000000
  q8 ..................       0.000000       0.000000       0.000000

  <Jx^2> from rho .....       0.000000       0.000000       0.000000
  <Jx^2> from kappa ...      -0.000000      -0.000000      -0.000000
  <J^2> = 2*<Jx^2> ....       0.000000       0.000000       0.000000

  kinetic energy ......     517.624296     310.044626     827.668923
  volume energy .......                                 -1403.528144
        rho_tau .......                                   143.752318
        rho_rho .......                                 -1547.280461
  surface energy ......                                   119.734327
   rho_DELTA_rho ......                                   119.734327
   (NABLA_rho)^2 ......                                     0.000000
  spin-orbit energy ...                                   -35.115693
        rho_NABLA_J ...                                   -35.115693
        NABLA_rho_J ...                                     0.000000
  coulomb energy ......                                    71.294923
          direct ......                                    78.725153
          exchange ....                                    -7.430229
          pairing .....                                     0.000000
  tensor energy .......                                     0.000000
  direct Hartree E  ...                                     0.000000
  Extra E .............                                     0.000000
  External field E ....                                     0.000000
  Entropy .............       0.000000       0.000000       0.000000

  tEnergy: ehfb (qp)...                                  -419.945664

  Calculated but not added corrections
  ====================================
  cmc-diagonal part ...      11.013283       6.596694      17.609977
  cmc-hfb .............       0.000000       0.000000       0.000000
  cranking rot corr ...       0.000000       0.000000       0.000000

  SQUJ ................       0.000000       0.000000       0.000000
  CRAN x 4 ............       0.000000       0.000000       0.000000
  Rigit Body ..........       0.000000       0.000000       0.000000


   Blocking candidates are:
   neutron eqpmin=   2.2850945879737017       pwiblo=   1.0000000000000000     
    num=   1 block=   8 state=   1   162 Eqp=   2.28509459  (1-2N)E=  -2.28509458  overl=   0.97545154  7-[ 3, 0, 3]
    num=   2 block=   2 state=   2    31 Eqp=   2.28509459  (1-2N)E=  -2.28509459  overl=   0.57116593  1-[ 3, 2, 1]
    num=   3 block=   4 state=   2    84 Eqp=   2.28509461  (1-2N)E=  -2.28509461  overl=   0.73737202  3-[ 3, 2, 1]
    num=   4 block=   6 state=   1   127 Eqp=   2.28509466  (1-2N)E=  -2.28509465  overl=   0.90309265  5-[ 3, 1, 2]
    num=   5 block=   4 state=   1    83 Eqp=   1.54443378  (1-2N)E=   1.54443378  overl=   0.82457223  3-[ 3, 0, 1]
    num=   6 block=   2 state=   1    30 Eqp=   1.54443378  (1-2N)E=   1.54443378  overl=   0.58306062  1-[ 3, 3, 0]

   Blocking candidates are:
   proton  eqpmin=   2.0235043584698125       pwiblo=   1.0000000000000000     
    num=   1 block=   1 state=   1     1 Eqp=   2.02350436  (1-2N)E=  -2.02350436  overl=   0.75416641  1+[ 2, 1, 1]
    num=   2 block=   3 state=   1    53 Eqp=   2.02350436  (1-2N)E=  -2.02350436  overl=   0.87083642  3+[ 2, 0, 2]
    num=   3 block=   6 state=   1   113 Eqp=   2.72588218  (1-2N)E=   2.72588218  overl=   0.90328757  5-[ 3, 1, 2]
    num=   4 block=   4 state=   1    74 Eqp=   2.72588231  (1-2N)E=   2.72588231  overl=   0.73753119  3-[ 3, 2, 1]
    num=   5 block=   8 state=   1   144 Eqp=   2.72588242  (1-2N)E=   2.72588242  overl=   0.97566208  7-[ 3, 0, 3]
    num=   6 block=   2 state=   1    27 Eqp=   2.72588244  (1-2N)E=   2.72588244  overl=   0.57128922  1-[ 3, 2, 1]
    num=   7 block=   1 state=   2     2 Eqp=   2.96243436  (1-2N)E=  -2.96243436  overl=   0.74833234  1+[ 2, 0, 0]


Distributed parallelism with MPI     : 1 tasks/HFBTHO
Multi-threading framework with OpenMP: 4 threads/task

  ==========================================
           FORTRAN 95 CODE (KIND= 8) 
 git: parent: 3cae9cc3ec7a0c93cd724b300dc0d972f613f33e
  ==========================================
       AXIALLY DEFORMED CONFIGURATIONAL     
     HARTREE-FOCK-BOGOLIUBOV CALCULATIONS   
                     WITH                   
      SKYRME+DELTA PAIRING OR GOGNY EDFs    
                  USING THE                 
             HARMONIC-OSCILLATOR            
                    AND/OR                  
        TRANSFORMED HARMONIC-OSCILLATOR     
                    BASIS                   
                     ---                    
                v1.66  (2005)               
    Stoitsov, Dobaczewski, Nazarewicz, Ring 
                v2.00d (2012)               
        Stoitsov, Schunck, Kortelainen      
                v3.00  (2016)               
            Schunck, Navarro Perez          
  ==========================================
    Nucleus:  K (A=  48, N= 29, Z= 19)
       Reflection Symmetry Imposed       
            (10/12/2021,  9:52)                               
  ==========================================


  ---------------------------------------
           UNEDF Module Version: 17
         M.Kortelainen & M.Stoitsov 
  ---------------------------------------

  SKM* functional
  ----------------------------------------
  Crho(0)=   -991.875000000000000    ; Crho(1)=    390.137499999999989    
  CDrho(0)=   974.687500000000000    ; CDrho(1)=  -324.895833333333314    
  Ctau(0)=    34.6875000000000000    ; Ctau(1)=   -34.0625000000000000    
  CrDr(0)=   -68.2031250000000000    ; CrDr(1)=    17.1093750000000000    
  CrdJ(0)=   -97.5000000000000000    ; CrdJ(1)=   -32.5000000000000000    
  CJ(0)=      34.0625000000000000    ; CJ(1)=      34.0625000000000000    
  CpV0(0)=   -280.000000000000000    ; CpV0(1)=   -280.000000000000000    
  CpV1(0)=   0.500000000000000000    ; CpV1(1)=   0.500000000000000000    
  sigma=     0.166666666666666657    ; hbzero=     20.7300000000000004    
  functional has DME couplings: F
  use 3-Nucleon DME couplings: F
  e^2 chrg=   1.43997840859651349    ; CExPar=     1.00000000000000000    
  c.m. correction: T, chr. density in direct Coul: F
  use tensor terms: F

  Coupling constants in natural units
  ----------------------------------------
  Crho_nu(0)=   -1.11697019706649536    ; Crho_nu(1)=   0.439341610846154806    
  CDrho_nu(0)=   1.05494661920042820    ; CDrho_nu(1)= -0.351648873066809420    
  Ctau_nu(0)=   0.491699256216479808    ; Ctau_nu(1)=  -0.482839810158525229    
  CrDr_nu(0)=  -0.966787051074294745    ; CrDr_nu(1)=   0.242527335836506930    
  CrdJ_nu(0)=   -1.38207358504091626    ; CrdJ_nu(1)=  -0.460691195013638755    
  CJ_nu(0)=     0.482839810158525229    ; CJ_nu(1)=     0.482839810158525229    
  CpV0_nu(0)=  -0.315313577999867589    ; CpV0_nu(1)=  -0.315313577999867589    
  CpV1_nu(0)=   0.443851127103029534E-03; CpV1_nu(1)=   0.443851127103029534E-03
  fpi_nu=        93.0000000000000000    ; Lambda_nu=     700.000000000000000    

  Nuclear matter properties
  ----------------------------------------
  E_NM=      -15.7762359616147627    ; K_NM=        216.657542303868979    
  P_NM=     -0.730495530692525363E-15; RHO_NM=     0.160318515964671449    
  ASS_NM=     30.0323865018228560    ; LASS_NM=     45.7703887670942962    
  SMASS_NM=   1.26826090316085582    ; VMASS_NM=    1.53168827653502970    

  Associated (t,x)-coupling constants
  ----------------------------------------
  t0=      -2645.00000000000000    ; x0=       0.899999999999999689E-01
  t1=       410.000000000000000    ; x1=        0.00000000000000000    
  t2=      -135.000000000000000    ; x2=        0.00000000000000000    
  t3=       15595.0000000000000    ; x3=       -0.00000000000000000    
  b4=       65.0000000000000000    ; b4p=       65.0000000000000000    
  te=       0.00000000000000000    ; to=        0.00000000000000000    
  sigma=   0.166666666666666657    ; hbzero=    20.7300000000000004    

  ---------------------------------------
        Characteristics of the run       
  ---------------------------------------
  Output file ................:    57
  Nucleus ....................:    K  48
  Number of HO shells ........:    12
  HO length b0 (fm) ..........:     1.75000371403579
  Basis deformation ..........:  beta0=   0.000 q=   1.000
  HO: b0,1/b0,bp,bz,q ........:   0.17500037E+01  0.57142736E+00  0.17500037E+01  0.17500037E+01  0.10000000E+01
  h**2/(2m_n), cmc, e**2 .....:   0.20730000E+02  0.20298125E+02  0.14399784E+01
  h**2/(2m_p), cmc, e**2 .....:   0.20730000E+02  0.20298125E+02  0.14399784E+01
  hom=f*41.0_pr*A^{-1/3}, f...:   0.13537902E+02  0.12000000E+01
  THO basis is ...............:  OFF
  Maximal number of iterations:    50
  Initial mixing parameter ...:  0.293
  Initial wave functions from :  tape
  Energy functional ..........:    SKM*                          
    direct Coulomb by substitution method, exchange Coulomb with Slater approximation
  Pairing cutoff energy ......:    60.00 MeV
  Lipkin-Nogami procedure is .:  OFF
  PAV procedure is ...........:  OFF
  Constraint calculation is ..:  OFF
  Neutron blocking is ........:   ON
  Proton blocking is .........:   ON
  Temperature T ..............:   0.00 MeV
  Pairing regularization is ..:  OFF
  Collective inertia is ......:  OFF
  Fission fragments are ......:  OFF
  Restart indicator ..........:  -1
  Broyden mixing (#iterations):   7

  ---------------------------------------
        Harmonic Oscillator Basis        
  ---------------------------------------
  NUV, NQP:                       13447     455
  Comparison with bookkeeping spherical basis:
  n00:                               12      12  Maximal number of shells
  nbx, 2*n00+1:                      25      25  Maximal number of K-blocks
  ntx, (n00+1)*(n00+2)*(n00+3)/6    455     455  Max.num. p/n levels
  nzx, n00:                          12      12  Maximal nz-quantum number
  nrx, n00/2  :                       6       6  Maximal nr-quantum number
  nlx, n00:                          12      12  Maximal ml-quantum number
  ndx, (n00+2)*(n00+2)/4:            49      49  Maximal dim. of one k-block

  Actual basis used
  Number of blocks: nb .......:   25
  Number of levels: nt .......:  455
  Maximal 2*omega : nom ......:   25
  Maximal nz:       nzm ......:   12
  Maximal nr:       nrm ......:    6
  Maximal ml:       nlm ......:   12
  Maximal N=nz+2*nr+nl .......:   12
  2 x biggest block dim. .....:   98
  Non-zero elements of h .....:     6951
  Number of Broyden elements .:    27804

  ---------------------------------------
            Integration Meshes           
  ---------------------------------------
  Number of Gauss-Hermite mesh points ngh ....:  40
  Number of Gauss-Laguerre mesh points ngl ...:  40
  Number of Gauss-Legendre mesh points nleg ..:  80
  Integration boundaries
    Hermite  - from xh(1)  =  0.12379686 to xh(ngh)   = 11.88786356
    Laguerre - From xl(1)  =  0.03570039 to xl(ngl)   =142.28004447
    Legendre - From xleg(1)=  0.00978669 to xleg(nleg)=  0.99988775
  Max.dev.in:     Orthogonality            Normalization
  Hermite     5.0671528845784617E-015   1.0658141036401503E-014
  Laguerre    5.7957256598811613E-015   8.2156503822261584E-015

  Reading from wel_file: hfbtho_output.hel


  ### REGULAR STAGE (reflection symmetry imposed)
  |HFB+HO> iterations(b0=  1.750, Nsh= 12, inin= -1, N= 29, Z= 19)...
  ----------------------------------------------------------------------------------------------------------------------------------
  i          si     mix   beta      Etot       A       rn      rp         En      Dn      Ep      Dp        Ln      Lp     time  time(Gog.)
  ----------------------------------------------------------------------------------------------------------------------------------
   0N   0.00000592 0.29 -0.000  -419.945664   48.0   3.602   3.448 |   -0.000  -0.000  -0.000   0.000 |  -10.415 -14.683   0.000   0.000
    neutron Blocking: block=  4 state=  1   Eqp=   1.54443378  Dqpe=  -0.00000000  Ovlp=   1.00000000   1/  6  3-[ 3, 0, 1]
    proton  Blocking: block=  6 state=  1   Eqp=   4.74938462  Dqpe=   4.74936991  Ovlp=   1.00000000   1/  7  5-[ 3, 1, 2]
   1B   2.82829097 0.20 -0.012  -403.097352   48.3   3.631   3.461 |   -0.000  -0.000  -0.361   0.357 |  -10.415 -14.683   6.451   0.000
    neutron Blocking: block=  4 state=  1   Eqp=   1.81784222  Dqpe=   0.09337088  Ovlp=   0.99951843   1/  6  3-[ 3, 0, 1]
    proton  Blocking: block=  6 state=  1   Eqp=   5.37912966  Dqpe=   5.11604724  Ovlp=   0.99961568   1/  7  5-[ 3, 1, 2]
   2B   0.69099207 0.22 -0.021  -406.520745   48.0   3.641   3.425 |   -0.000  -0.000  -0.752   0.526 |   -9.854 -15.823   0.642   0.000
    neutron Blocking: block=  4 state=  1   Eqp=   1.30977852  Dqpe=  -0.18878491  Ovlp=   0.99964375   1/  6  3-[ 3, 0, 1]
    proton  Blocking: block=  6 state=  1   Eqp=   5.20636998  Dqpe=   4.78247185  Ovlp=   0.99988196   1/  7  5-[ 3, 1, 2]
   3B   0.51016605 0.24 -0.025  -406.879910   48.0   3.635   3.426 |   -0.000  -0.000  -1.068   0.625 |   -9.611 -15.878   0.622   0.000
    neutron Blocking: block=  4 state=  1   Eqp=   1.40739286  Dqpe=  -0.00000000  Ovlp=   0.99996577   1/  6  3-[ 3, 0, 1]
    proton  Blocking: block=  6 state=  1   Eqp=   5.12358220  Dqpe=   4.55459773  Ovlp=   0.99989691   1/  7  5-[ 3, 1, 2]
   4B   0.35014640 0.27 -0.032  -407.099841   48.0   3.633   3.423 |   -0.000  -0.000  -1.360   0.703 |   -9.489 -15.868   0.592   0.000
    neutron Blocking: block=  4 state=  1   Eqp=   1.38205168  Dqpe=  -0.00000000  Ovlp=   0.99979071   1/  6  3-[ 3, 0, 1]
    proton  Blocking: block=  6 state=  1   Eqp=   5.07188636  Dqpe=   4.36931683  Ovlp=   0.99990612   1/  7  5-[ 3, 1, 2]
   5B   0.31523030 0.29 -0.039  -407.210852   48.0   3.632   3.421 |   -0.000  -0.000  -1.671   0.776 |   -9.401 -15.802   0.622   0.000
    neutron Blocking: block=  4 state=  1   Eqp=   1.21648917  Dqpe=  -0.13049127  Ovlp=   0.99966548   1/  6  3-[ 3, 0, 1]
    proton  Blocking: block=  6 state=  1   Eqp=   4.98024881  Dqpe=   4.13243431  Ovlp=   0.99987126   1/  7  5-[ 3, 1, 2]
   6B   0.21808709 0.32 -0.049  -407.307608   48.0   3.632   3.421 |   -0.000  -0.000  -1.996   0.844 |   -9.317 -15.708   0.632   0.000
    neutron Blocking: block=  4 state=  1   Eqp=   1.16515990  Dqpe=  -0.00000000  Ovlp=   0.99950301   1/  6  3-[ 3, 0, 1]
    proton  Blocking: block=  6 state=  1   Eqp=   4.93104787  Dqpe=   3.98664832  Ovlp=   0.99991315   1/  7  5-[ 3, 1, 2]
   7B   0.20225221 0.35 -0.060  -407.384079   48.0   3.633   3.422 |   -0.000  -0.000  -2.169   0.877 |   -9.247 -15.672   0.623   0.000
    neutron Blocking: block=  4 state=  1   Eqp=   1.11255074  Dqpe=  -0.00000000  Ovlp=   0.99923903   1/  6  3-[ 3, 0, 1]
    proton  Blocking: block=  6 state=  1   Eqp=   4.88266804  Dqpe=   3.86502855  Ovlp=   0.99990319   1/  7  5-[ 3, 1, 2]
   8B   0.15461805 0.39 -0.072  -407.466813   48.0   3.634   3.424 |   -0.000  -0.000  -2.207   0.881 |   -9.193 -15.640   0.617   0.000
    neutron Blocking: block=  4 state=  1   Eqp=   1.05323962  Dqpe=  -0.00000000  Ovlp=   0.99904977   1/  6  3-[ 3, 0, 1]
    proton  Blocking: block=  6 state=  1   Eqp=   4.82480420  Dqpe=   3.76804798  Ovlp=   0.99987910   1/  7  5-[ 3, 1, 2]
   9B   0.12963832 0.43 -0.086  -407.545429   48.0   3.637   3.426 |   -0.000  -0.000  -2.058   0.848 |   -9.151 -15.602   0.623   0.000
    neutron Blocking: block=  4 state=  1   Eqp=   1.01376261  Dqpe=  -0.00000000  Ovlp=   0.99907167   1/  6  3-[ 3, 0, 1]
    proton  Blocking: block=  6 state=  1   Eqp=   4.74598701  Dqpe=   3.66951272  Ovlp=   0.99988571   1/  7  5-[ 3, 1, 2]
  10B   0.10813652 0.47 -0.099  -407.614363   48.0   3.639   3.429 |   -0.000  -0.000  -1.816   0.794 |   -9.112 -15.556   0.621   0.000
    neutron Blocking: block=  4 state=  1   Eqp=   0.95210133  Dqpe=  -0.00000000  Ovlp=   0.99367366   1/  6  3-[ 3, 0, 1]
    proton  Blocking: block=  6 state=  1   Eqp=   4.52513026  Dqpe=   3.42768859  Ovlp=   0.99890600   1/  7  5-[ 3, 1, 2]
  11B   0.06223045 0.52 -0.130  -407.754121   48.0   3.646   3.435 |   -0.000  -0.000  -0.880   0.549 |   -9.072 -15.409   0.628   0.000
    neutron Blocking: block=  4 state=  1   Eqp=   0.96358666  Dqpe=  -0.00000000  Ovlp=   0.99998485   1/  6  3-[ 3, 0, 1]
    proton  Blocking: block=  6 state=  1   Eqp=   4.53219910  Dqpe=   3.48382454  Ovlp=   0.99996770   1/  7  5-[ 3, 1, 2]
  12B   0.06717858 0.20 -0.129  -407.766001   48.0   3.646   3.435 |   -0.000  -0.000  -0.685   0.485 |   -9.067 -15.396   0.607   0.000
    neutron Blocking: block=  4 state=  1   Eqp=   0.95281749  Dqpe=  -0.00000000  Ovlp=   0.99968663   1/  6  3-[ 3, 0, 1]
    proton  Blocking: block=  6 state=  1   Eqp=   4.48254786  Dqpe=   3.42131271  Ovlp=   0.99994731   1/  7  5-[ 3, 1, 2]
  13B   0.04175731 0.22 -0.135  -407.782150   48.0   3.647   3.437 |   -0.000  -0.000  -0.526   0.424 |   -9.067 -15.367   0.611   0.000
    neutron Blocking: block=  4 state=  1   Eqp=   0.95659530  Dqpe=  -0.00000000  Ovlp=   0.99999991   1/  6  3-[ 3, 0, 1]
    proton  Blocking: block=  6 state=  1   Eqp=   4.47447677  Dqpe=   3.43085056  Ovlp=   0.99998263   1/  7  5-[ 3, 1, 2]
  14B   0.03261494 0.24 -0.136  -407.788879   48.0   3.648   3.437 |   -0.000  -0.000  -0.405   0.372 |   -9.064 -15.356   0.606   0.000
    neutron Blocking: block=  4 state=  1   Eqp=   0.95199789  Dqpe=  -0.00000000  Ovlp=   0.99995019   1/  6  3-[ 3, 0, 1]
    proton  Blocking: block=  6 state=  1   Eqp=   4.44668740  Dqpe=   3.40356792  Ovlp=   0.99996762   1/  7  5-[ 3, 1, 2]
  15B   0.02034242 0.27 -0.138  -407.797075   48.0   3.648   3.438 |   -0.000  -0.000  -0.268   0.303 |   -9.065 -15.338   0.601   0.000
    neutron Blocking: block=  4 state=  1   Eqp=   0.95404293  Dqpe=  -0.00000000  Ovlp=   0.99999311   1/  6  3-[ 3, 0, 1]
    proton  Blocking: block=  6 state=  1   Eqp=   4.44432680  Dqpe=   3.41848538  Ovlp=   0.99998130   1/  7  5-[ 3, 1, 2]
  16B   0.03263314 0.20 -0.138  -407.800961   48.0   3.648   3.438 |   -0.000  -0.000  -0.184   0.251 |   -9.062 -15.333   0.584   0.000
    neutron Blocking: block=  4 state=  1   Eqp=   0.94358244  Dqpe=  -0.00000000  Ovlp=   0.99978041   1/  6  3-[ 3, 0, 1]
    proton  Blocking: block=  6 state=  1   Eqp=   4.40111153  Dqpe=   3.35837615  Ovlp=   0.99992597   1/  7  5-[ 3, 1, 2]
  17B   0.03412354 0.20 -0.143  -407.807304   48.0   3.650   3.439 |   -0.000   0.000  -0.073   0.157 |   -9.069 -15.312   0.585   0.000
    neutron Blocking: block=  4 state=  1   Eqp=   0.94501139  Dqpe=  -0.00000000  Ovlp=   0.99998408   1/  6  3-[ 3, 0, 1]
    proton  Blocking: block=  6 state=  1   Eqp=   4.40474704  Dqpe=   3.36201909  Ovlp=   0.99999765   1/  7  5-[ 3, 1, 2]
  18B   0.01347187 0.22 -0.142  -407.806320   48.0   3.649   3.439 |   -0.000   0.000  -0.070   0.155 |   -9.067 -15.315   0.572   0.000
    neutron Blocking: block=  4 state=  1   Eqp=   0.94435461  Dqpe=  -0.00000000  Ovlp=   0.99999998   1/  6  3-[ 3, 0, 1]
    proton  Blocking: block=  6 state=  1   Eqp=   4.40461980  Dqpe=   3.37049279  Ovlp=   0.99998725   1/  7  5-[ 3, 1, 2]
  19B   0.01051825 0.24 -0.142  -407.808731   48.0   3.649   3.439 |   -0.000   0.000  -0.035   0.109 |   -9.067 -15.314   0.575   0.000
    neutron Blocking: block=  4 state=  1   Eqp=   0.94447481  Dqpe=  -0.00000000  Ovlp=   0.99999996   1/  6  3-[ 3, 0, 1]
    proton  Blocking: block=  6 state=  1   Eqp=   4.40367190  Dqpe=   3.37208717  Ovlp=   0.99999370   1/  7  5-[ 3, 1, 2]
  20B   0.00847509 0.27 -0.142  -407.809500   48.0   3.649   3.439 |   -0.000   0.000  -0.018   0.077 |   -9.067 -15.315   0.575   0.000
    neutron Blocking: block=  4 state=  1   Eqp=   0.94461197  Dqpe=  -0.00000000  Ovlp=   0.99999959   1/  6  3-[ 3, 0, 1]
    proton  Blocking: block=  6 state=  1   Eqp=   4.40634470  Dqpe=   3.37723950  Ovlp=   0.99999496   1/  7  5-[ 3, 1, 2]
  21B   0.00220345 0.29 -0.142  -407.809911   48.0   3.649   3.439 |   -0.000   0.000  -0.007   0.049 |   -9.067 -15.320   0.573   0.000
    neutron Blocking: block=  4 state=  1   Eqp=   0.94544883  Dqpe=  -0.00000000  Ovlp=   0.99999996   1/  6  3-[ 3, 0, 1]
    proton  Blocking: block=  6 state=  1   Eqp=   4.41335602  Dqpe=   3.38928702  Ovlp=   0.99999790   1/  7  5-[ 3, 1, 2]
  22B   0.00178042 0.32 -0.142  -407.810153   48.0   3.649   3.439 |   -0.000   0.000  -0.003   0.030 |   -9.067 -15.330   0.577   0.000
    neutron Blocking: block=  4 state=  1   Eqp=   0.94550027  Dqpe=  -0.00000000  Ovlp=   0.99999983   1/  6  3-[ 3, 0, 1]
    proton  Blocking: block=  6 state=  1   Eqp=   4.42128163  Dqpe=   3.40582790  Ovlp=   0.99999814   1/  7  5-[ 3, 1, 2]
  23B   0.00254458 0.20 -0.142  -407.810355   48.0   3.649   3.439 |   -0.000   0.000  -0.000   0.013 |   -9.068 -15.338   0.575   0.000
    neutron Blocking: block=  4 state=  1   Eqp=   0.94576136  Dqpe=  -0.00000000  Ovlp=   0.99999996   1/  6  3-[ 3, 0, 1]
    proton  Blocking: block=  6 state=  1   Eqp=   4.43056543  Dqpe=   3.42331555  Ovlp=   0.99999988   1/  7  5-[ 3, 1, 2]
  24B   0.00073564 0.22 -0.142  -407.810381   48.0   3.649   3.439 |   -0.000   0.000  -0.000   0.008 |   -9.067 -15.348   0.572   0.000
    neutron Blocking: block=  4 state=  1   Eqp=   0.94575982  Dqpe=  -0.00000000  Ovlp=   1.00000000   1/  6  3-[ 3, 0, 1]
    proton  Blocking: block=  6 state=  1   Eqp=   4.43405341  Dqpe=   3.43654119  Ovlp=   0.99999997   1/  7  5-[ 3, 1, 2]
  25B   0.00049630 0.24 -0.142  -407.810397   48.0   3.649   3.439 |   -0.000   0.000  -0.000   0.006 |   -9.067 -15.345   0.572   0.000
    neutron Blocking: block=  4 state=  1   Eqp=   0.94577213  Dqpe=  -0.00000000  Ovlp=   1.00000000   1/  6  3-[ 3, 0, 1]
    proton  Blocking: block=  6 state=  1   Eqp=   4.43494692  Dqpe=   3.43769005  Ovlp=   0.99999993   1/  7  5-[ 3, 1, 2]
  26B   0.00020634 0.27 -0.142  -407.810402   48.0   3.649   3.439 |   -0.000   0.000  -0.000   0.003 |   -9.067 -15.347   0.576   0.000
    neutron Blocking: block=  4 state=  1   Eqp=   0.94576495  Dqpe=  -0.00000000  Ovlp=   1.00000000   1/  6  3-[ 3, 0, 1]
    proton  Blocking: block=  6 state=  1   Eqp=   4.44452413  Dqpe=   3.44851052  Ovlp=   0.99999998   1/  7  5-[ 3, 1, 2]
  27B   0.00007715 0.29 -0.142  -407.810403   48.0   3.649   3.439 |   -0.000   0.000  -0.000   0.001 |   -9.067 -16.342   0.576   0.000
    neutron Blocking: block=  4 state=  1   Eqp=   0.94576396  Dqpe=  -0.00000000  Ovlp=   1.00000000   1/  6  3-[ 3, 0, 1]
    proton  Blocking: block=  6 state=  1   Eqp=   4.44918724  Dqpe=   3.46699388  Ovlp=   1.00000000   1/  7  5-[ 3, 1, 2]
  28B   0.00003063 0.32 -0.142  -407.810403   48.0   3.649   3.439 |   -0.000   0.000  -0.000   0.000 |   -9.067 -16.342   0.575   0.000
    neutron Blocking: block=  4 state=  1   Eqp=   0.94575961  Dqpe=  -0.00000000  Ovlp=   1.00000000   1/  6  3-[ 3, 0, 1]
    proton  Blocking: block=  6 state=  1   Eqp=   4.44918534  Dqpe=   3.46698890  Ovlp=   1.00000000   1/  7  5-[ 3, 1, 2]
  29B   0.00002607 0.35 -0.142  -407.810403   48.0   3.649   3.439 |   -0.000   0.000  -0.000   0.000 |   -9.067 -16.342   0.578   0.000
    neutron Blocking: block=  4 state=  1   Eqp=   0.94576045  Dqpe=  -0.00000000  Ovlp=   1.00000000   1/  6  3-[ 3, 0, 1]
    proton  Blocking: block=  6 state=  1   Eqp=   4.44918420  Dqpe=   3.46698765  Ovlp=   1.00000000   1/  7  5-[ 3, 1, 2]
  30B   0.00001525 0.39 -0.142  -407.810403   48.0   3.649   3.439 |   -0.000   0.000  -0.000   0.000 |   -9.067 -16.342   0.578   0.000
    neutron Blocking: block=  4 state=  1   Eqp=   0.94576053  Dqpe=  -0.00000000  Ovlp=   1.00000000   1/  6  3-[ 3, 0, 1]
    proton  Blocking: block=  6 state=  1   Eqp=   4.44918256  Dqpe=   3.46698474  Ovlp=   1.00000000   1/  7  5-[ 3, 1, 2]
  31B   0.00000944 0.43 -0.142  -407.810403   48.0   3.649   3.439 |   -0.000   0.000  -0.000   0.000 |   -9.067 -16.342   0.578   0.000
    neutron Blocking: block=  4 state=  1   Eqp=   0.94576203  Dqpe=  -0.00000000  Ovlp=   1.00000000   1/  6  3-[ 3, 0, 1]
    proton  Blocking: block=  6 state=  1   Eqp=   4.44918161  Dqpe=   3.46698257  Ovlp=   1.00000000   1/  7  5-[ 3, 1, 2]
  31N   0.00000944 0.43 -0.142  -407.810403   48.0   3.649   3.439 |   -0.000   0.000  -0.000  -0.000 |   -9.067 -16.342   0.573   0.000
  ----------------------------------------------------------------------------------------------------------------------------------
  *   iteration converged   after  31 steps   si=     0.0000094390 ho=  0 tho=  0
  ----------------------------------------------------------------------------------------------------------------------------------
  Total CPU time=   0.415 minutes
    neutron Blocking: block=  4 state=  1   Eqp=   0.94576181  Dqpe=  -0.00000000  Ovlp=   1.00000000   1/  6  3-[ 3, 0, 1]
    proton  Blocking: block=  6 state=  1   Eqp=   4.44918203  Dqpe=   3.46698298  Ovlp=   1.00000000   1/  7  5-[ 3, 1, 2]

  NB! From expect (UNPROJECTED RESULTS)

  pairing: CpV0,CpV1,...        -280.000000    -280.000000       0.500000       0.500000
  forces:   SKM*                          
  Blocked neutron block       4
  Blocked proton  block       6


                             neutrons         protons         total
  Requested part.numbs.      29.000000      19.000000      48.000000
  UnPj(av) part.numbs .      29.000000      19.000000      48.000000
  b0, bz, bp ..........       1.750004       1.750004       1.750004

  lambda (ala) ........      -7.331911     -15.360055
  Lambda (alast) ......      -9.067451     -16.342254
  delta(n,p), pwi .....       0.000001      -0.000006      60.000000
  pairing energy ......      -0.000000      -0.000000      -0.000000

  rms-radius ..........       3.649260       3.438629       3.567373
  charge-radius, r0 ...                      3.528309       4.361089
  deformation beta2....      -0.136087      -0.151332      -0.141694
  dipole moment[fm] ...       0.000000       0.000000       0.000000
  quadrupole moment[b]       -0.663034      -0.428908      -1.091942
  octupole moment .....       0.000000       0.000000       0.000000
  hexadecapole moment .      -0.000137      -0.002911      -0.003048
  q5 ..................       0.000000       0.000000       0.000000
  q6 ..................       0.000313       0.000565       0.000878
  q7 ..................       0.000000       0.000000       0.000000
  q8 ..................      -0.000014      -0.000028      -0.000042

  <Jx^2> from rho .....       1.737188       1.450613       3.187800
  <Jx^2> from kappa ...      -0.000000      -0.000000      -0.000000
  <J^2> = 2*<Jx^2> ....       3.474375       2.901226       6.375601

  kinetic energy ......     535.934873     302.067411     838.002285
  volume energy .......                                 -1382.206138
        rho_tau .......                                   145.249256
        rho_rho .......                                 -1527.455395
  surface energy ......                                   116.178493
   rho_DELTA_rho ......                                   116.178493
   (NABLA_rho)^2 ......                                     0.000000
  spin-orbit energy ...                                   -44.269966
        rho_NABLA_J ...                                   -44.269966
        NABLA_rho_J ...                                     0.000000
  coulomb energy ......                                    64.484924
          direct ......                                    71.478490
          exchange ....                                    -6.993567
          pairing .....                                     0.000000
  tensor energy .......                                     0.000000
  direct Hartree E  ...                                     0.000000
  Extra E .............                                     0.000000
  External field E ....                                     0.000000
  Entropy .............       0.000000       0.000000       0.000000

  tEnergy: ehfb (qp)...                                  -407.810403

  Calculated but not added corrections
  ====================================
  cmc-diagonal part ...      11.402870       6.426966      17.829836
  cmc-hfb .............       0.000000       0.000000       0.000000
  cranking rot corr ...       0.000000       0.000000       0.000000

  SQUJ ................       0.000000       0.000000       0.000000
  CRAN x 4 ............       0.000000       0.000000       0.000000
  Rigit Body ..........       0.000000       0.000000       0.000000


   Blocking candidates are:
   neutron eqpmin=  0.94576181458635622       pwiblo=   1.0000000000000000     
    num=   1 block=   4 state=   1    83 Eqp=   0.94576181  (1-2N)E=  -0.00000000  overl=   0.65422995  3-[ 3, 0, 1]

   Blocking candidates are:
   proton  eqpmin=  0.98219904184266793       pwiblo=   1.0000000000000000     
    num=   1 block=   6 state=   1   113 Eqp=   4.44918203  (1-2N)E=   0.00000000  overl=   0.84923384  5-[ 3, 1, 2]



 HFBTHO_SOLVER ended without errors

