Distributed parallelism with MPI     : 1 tasks/HFBTHO
Multi-threading framework with OpenMP: 4 threads/task

  ==========================================
           FORTRAN 95 CODE (KIND= 8) 
 git: parent: 3cae9cc3ec7a0c93cd724b300dc0d972f613f33e
  ==========================================
       AXIALLY DEFORMED CONFIGURATIONAL     
     HARTREE-FOCK-BOGOLIUBOV CALCULATIONS   
                     WITH                   
      SKYRME+DELTA PAIRING OR GOGNY EDFs    
                  USING THE                 
             HARMONIC-OSCILLATOR            
                    AND/OR                  
        TRANSFORMED HARMONIC-OSCILLATOR     
                    BASIS                   
                     ---                    
                v1.66  (2005)               
    Stoitsov, Dobaczewski, Nazarewicz, Ring 
                v2.00d (2012)               
        Stoitsov, Schunck, Kortelainen      
                v3.00  (2016)               
            Schunck, Navarro Perez          
  ==========================================
    Nucleus: Sn (A= 120, N= 70, Z= 50)
       Reflection Symmetry Imposed       
            (10/12/2021,  9:53)                               
  ==========================================


  ---------------------------------------
           UNEDF Module Version: 17
         M.Kortelainen & M.Stoitsov 
  ---------------------------------------

  D1S functional
  ----------------------------------------
  Crho(0)=    0.00000000000000000    ; Crho(1)=   -0.00000000000000000    
  CDrho(0)=   521.474999999999909    ; CDrho(1)=  -521.474999999999909    
  Ctau(0)=    0.00000000000000000    ; Ctau(1)=    0.00000000000000000    
  CrDr(0)=    0.00000000000000000    ; CrDr(1)=    0.00000000000000000    
  CrdJ(0)=   -97.5000000000000000    ; CrdJ(1)=   -32.5000000000000000    
  CJ(0)=     -0.00000000000000000    ; CJ(1)=     -0.00000000000000000    
  CpV0(0)=    0.00000000000000000    ; CpV0(1)=    0.00000000000000000    
  CpV1(0)=    0.00000000000000000    ; CpV1(1)=    0.00000000000000000    
  sigma=     0.333333333333333315    ; hbzero=     20.7366762293157905    
  functional has DME couplings: F
  use 3-Nucleon DME couplings: F

  Finite-range potential
  ----------------------------------------
  mu=      0.699999999999999956      1.199999999999999956
  W=  -1720.299999999999954525    103.640000000000000568
  B=   1300.000000000000000000   -163.479999999999989768
  H=  -1813.529999999999972715    162.810000000000002274
  M=   1397.599999999999909051   -223.930000000000006821
  e^2 chrg=   1.43997840859651349    ; CExPar=     1.00000000000000000    
  c.m. correction: T, chr. density in direct Coul: F
  use tensor terms: F

  Nuclear matter properties
  ----------------------------------------
  E_NM=      -16.0074988556065847    ; K_NM=        202.840551721048712    
  P_NM=     -0.177635683940025046E-14; RHO_NM=     0.163262821017343407    
  ASS_NM=     31.1251088547752488    ; LASS_NM=     22.4414136723446234    
  SMASS_NM=   1.38541191875797787    ; VMASS_NM=    1.78603107194230937    

  Associated (t,x)-coupling constants
  ----------------------------------------
  t3=       8343.59999999999854    ; x3=        1.00000000000000000    
  b4=       65.0000000000000000    ; b4p=       65.0000000000000000    
  te=       0.00000000000000000    ; to=        0.00000000000000000    
  sigma=   0.333333333333333315    ; hbzero=    20.7366762293157905    

  ---------------------------------------
        Characteristics of the run       
  ---------------------------------------
  Output file ................:    57
  Nucleus ....................:   Sn 120
  Number of HO shells ........:    20
  HO length b0 (fm) ..........:     2.13396610000000
  Basis deformation ..........:  beta0=   0.400 q=   1.460
  HO: b0,1/b0,bp,bz,q ........:   0.21339661E+01  0.46861101E+00  0.20035166E+01  0.24208988E+01  0.14600488E+01
  h**2/(2m_n), cmc, e**2 .....:   0.20736676E+02  0.20563871E+02  0.14399784E+01
  h**2/(2m_p), cmc, e**2 .....:   0.20736676E+02  0.20563871E+02  0.14399784E+01
  hom=f*41.0_pr*A^{-1/3}, f...:   0.91071887E+01  0.10956224E+01
  THO basis is ...............:  OFF
  Maximal number of iterations:   200
  Initial mixing parameter ...:  0.300
  Initial wave functions from :  tape
  Energy functional ..........:    D1S                           
    with a finite-range central force
    without Coulomb forces
  Pairing cutoff energy ......:    60.00 MeV
  Lipkin-Nogami procedure is .:  OFF
  PAV procedure is ...........:  OFF
  Constraint calculation is ..:  OFF
  Temperature T ..............:   0.00 MeV
  Pairing regularization is ..:  OFF
  Collective inertia is ......:  OFF
  Fission fragments are ......:  OFF
  Restart indicator ..........:  -1
  Broyden mixing (#iterations):   7

  ---------------------------------------
        Harmonic Oscillator Basis        
  ---------------------------------------
  NUV, NQP:                      142289    1773
  Comparison with bookkeeping spherical basis:
  n00:                               20      20  Maximal number of shells
  nbx, 2*n00+1:                      37      41  Maximal number of K-blocks
  ntx, (n00+1)*(n00+2)*(n00+3)/6   1773    1771  Max.num. p/n levels
  nzx, n00:                          20      20  Maximal nz-quantum number
  nrx, n00/2  :                       9      10  Maximal nr-quantum number
  nlx, n00:                          18      20  Maximal ml-quantum number
  ndx, (n00+2)*(n00+2)/4:           125     121  Maximal dim. of one k-block

  Actual basis used
  Number of blocks: nb .......:   37
  Number of levels: nt .......: 1773
  Maximal 2*omega : nom ......:   37
  Maximal nz:       nzm ......:   20
  Maximal nr:       nrm ......:    9
  Maximal ml:       nlm ......:   18
  Maximal N=nz+2*nr+nl .......:   24
  2 x biggest block dim. .....:  250
  Non-zero elements of h .....:    72031
  Number of Broyden elements .:   288124

  ---------------------------------------
            Integration Meshes           
  ---------------------------------------
  Number of Gauss-Hermite mesh points ngh ....:  50
  Number of Gauss-Laguerre mesh points ngl ...:  50
  Number of Gauss-Legendre mesh points nleg ..:  80
  Integration boundaries
    Hermite  - from xh(1)  =  0.11079587 to xh(ngh)   = 13.40648734
    Laguerre - From xl(1)  =  0.02863052 to xl(ngl)   =180.69834371
    Legendre - From xleg(1)=  0.00978669 to xleg(nleg)=  0.99988775
  Max.dev.in:     Orthogonality            Normalization
  Hermite     1.4352700214901219E-014   4.1078251911130792E-015
  Laguerre    4.5489328246963949E-015   1.6653345369377348E-015

  Calculating the finite range matrix elements
  Matrix elements wall clock time        84.8680

  Scratch initialization for the nucleus: Sn  70  50


  Initial potentials of Saxon-Woods shape 
  v0ws   =  -71.28000000
  kappa  =    0.46160000
  vs0    =   11.11750000   11.11750000
  r0     =    1.23340000    1.23340000
  a      =    0.61500000    0.61500000
  r0-so  =    1.14430000    1.14430000
  a-so   =    0.64760000    0.64760000
  b2_ws  =    0.40000000
  b3_ws  =    0.00000000
  b4_ws  =    0.00000000

  ### REGULAR STAGE (reflection symmetry imposed)
  |HFB+HO> iterations(b0=  2.134, Nsh= 20, inin=  1, N= 70, Z= 50)...
  ----------------------------------------------------------------------------------------------------------------------------------
  i          si     mix   beta      Etot       A       rn      rp         En      Dn      Ep      Dp        Ln      Lp     time  time(Gog.)
  ----------------------------------------------------------------------------------------------------------------------------------
   0L  99.11833173 0.30  0.000     0.000000    0.0   0.000   0.000 |   -2.000   1.000  -2.000   1.000 |   -7.000  -7.000   0.000   0.000
   1B  40.43802596 0.20  0.627  6793.179127  120.0   5.976   5.630 |    0.000   0.000   0.000   0.000 |  -16.361 -27.178  43.999   6.704
   2B  13.16490718 0.22  0.485 -1142.318189  120.0   5.212   4.757 |  -63.647   1.150 -32.286   1.544 |   -7.562 -20.078  43.688   6.596
   3B   5.16962580 0.24  0.375 -1233.939615  120.0   4.780   4.545 |  -18.321   1.455  -8.260   1.658 |   -5.615 -20.021  43.475   6.612
   4B   1.55553388 0.27  0.357 -1401.877698  120.0   4.751   4.525 |   -9.716   1.698  -6.363   2.029 |   -5.908 -20.996  43.843   6.687
   5B   0.82709324 0.29  0.335 -1392.231981  120.0   4.725   4.522 |   -8.031   1.750  -5.651   1.915 |   -6.199 -21.542  44.062   6.708
   6B   0.67779993 0.32  0.316 -1389.881110  120.0   4.714   4.520 |   -7.860   1.836  -5.414   1.906 |   -6.435 -21.850  44.093   6.704
   7B   0.54841942 0.35  0.301 -1385.023253  120.0   4.709   4.516 |   -8.387   1.931  -5.152   1.870 |   -6.563 -21.895  43.865   6.707
   8B   0.28000171 0.39  0.275 -1383.554164  120.0   4.697   4.507 |   -9.361   2.010  -4.775   1.818 |   -6.777 -21.758  44.702   6.691
   9B   0.16775004 0.43  0.255 -1377.712172  120.0   4.687   4.497 |  -10.873   2.168  -4.473   1.726 |   -6.913 -21.569  44.168   6.698
  10B   0.12042748 0.47  0.242 -1375.608875  120.0   4.680   4.489 |  -12.289   2.325  -4.480   1.680 |   -6.964 -21.481  44.082   6.681
  11B   0.12899019 0.20  0.227 -1374.775693  120.0   4.671   4.480 |  -13.837   2.453  -4.794   1.701 |   -7.005 -21.452  43.826   6.617
  12L   0.14620298 0.20  0.217 -1379.011392  120.0   4.666   4.476 |  -15.469   2.631  -5.206   1.773 |   -7.040 -21.454  43.807   6.686
  13B   0.11988851 0.22  0.216 -1380.582535  120.0   4.666   4.475 |  -16.328   2.753  -5.458   1.830 |   -7.039 -21.454  43.367   6.652
  14L   0.32190073 0.20  0.184 -1375.052940  120.0   4.653   4.463 |  -18.675   2.788  -5.804   1.852 |   -7.127 -21.474  43.855   6.695
  15L   0.21507260 0.22  0.183 -1381.291468  120.0   4.653   4.463 |  -21.424   3.168  -6.117   1.946 |   -7.129 -21.464  43.710   6.602
  16L   0.19282817 0.24  0.181 -1381.724827  120.0   4.652   4.462 |  -21.918   3.207  -6.141   1.954 |   -7.129 -21.456  43.454   6.495
  17L   0.19092837 0.27  0.179 -1381.816793  120.0   4.652   4.461 |  -22.392   3.244  -6.143   1.957 |   -7.130 -21.450  43.331   6.605
  18L   0.19282334 0.20  0.177 -1381.842924  120.0   4.651   4.461 |  -22.859   3.279  -6.130   1.957 |   -7.131 -21.446  43.537   6.684
  19L   0.19662755 0.20  0.175 -1381.861481  120.0   4.651   4.460 |  -23.323   3.314  -6.105   1.956 |   -7.134 -21.443  43.355   6.660
  20L   0.20150429 0.20  0.173 -1381.884335  120.0   4.650   4.460 |  -23.785   3.348  -6.067   1.951 |   -7.137 -21.440  43.573   6.704
  21L   0.20705237 0.20  0.170 -1381.911064  120.0   4.650   4.459 |  -24.246   3.382  -6.015   1.945 |   -7.142 -21.438  43.392   6.429
  22L   0.21303546 0.20  0.168 -1381.942252  120.0   4.649   4.459 |  -24.706   3.416  -5.951   1.937 |   -7.146 -21.436  43.554   6.665
  23L   0.21929883 0.20  0.166 -1381.977818  120.0   4.649   4.458 |  -25.167   3.449  -5.873   1.926 |   -7.151 -21.434  43.479   6.673
  24L   0.22576018 0.20  0.163 -1382.010237  120.0   4.648   4.457 |  -25.628   3.481  -5.782   1.913 |   -7.156 -21.432  43.721   6.686
  25L   0.23222273 0.20  0.161 -1382.058833  120.0   4.647   4.457 |  -26.091   3.514  -5.677   1.897 |   -7.161 -21.430  43.502   6.705
  26L   0.23877956 0.20  0.158 -1382.100151  120.0   4.647   4.456 |  -26.555   3.546  -5.558   1.879 |   -7.166 -21.428  43.741   6.697
  27L   0.24519076 0.20  0.155 -1382.145803  120.0   4.646   4.455 |  -27.020   3.579  -5.427   1.859 |   -7.172 -21.426  43.532   6.471
  28L   0.25135888 0.20  0.153 -1382.212230  120.0   4.645   4.455 |  -27.488   3.611  -5.282   1.836 |   -7.177 -21.423  43.555   6.690
  29L   0.25736130 0.20  0.150 -1382.276666  120.0   4.644   4.454 |  -27.957   3.643  -5.125   1.811 |   -7.183 -21.421  43.650   6.695
  30L   0.26304806 0.20  0.147 -1382.340370  120.0   4.644   4.454 |  -28.427   3.674  -4.956   1.783 |   -7.189 -21.419  43.573   6.688
  31L   0.27120025 0.20  0.144 -1382.408470  120.0   4.643   4.453 |  -28.898   3.706  -4.775   1.753 |   -7.194 -21.417  43.544   6.657
  32L   0.27940278 0.20  0.141 -1382.452912  120.0   4.642   4.452 |  -29.369   3.737  -4.584   1.720 |   -7.200 -21.414  43.242   6.410
  33L   0.28717899 0.20  0.138 -1382.503852  120.0   4.641   4.452 |  -29.839   3.768  -4.384   1.685 |   -7.205 -21.412  43.512   6.619
  34L   0.29452181 0.20  0.135 -1382.566063  120.0   4.641   4.451 |  -30.308   3.799  -4.176   1.647 |   -7.210 -21.410  43.597   6.683
  35L   0.30129558 0.20  0.132 -1382.644397  120.0   4.640   4.450 |  -30.773   3.829  -3.961   1.607 |   -7.216 -21.407  43.526   6.641
  36L   0.30737815 0.20  0.129 -1382.750655  120.0   4.639   4.450 |  -31.234   3.859  -3.742   1.565 |   -7.221 -21.405  43.622   6.689
  37L   0.31274690 0.20  0.126 -1382.861716  120.0   4.639   4.449 |  -31.690   3.889  -3.521   1.521 |   -7.226 -21.402  43.383   6.582
  38L   0.31727883 0.20  0.122 -1382.964917  120.0   4.638   4.449 |  -32.138   3.917  -3.298   1.474 |   -7.232 -21.400  43.293   6.651
  39L   0.32087962 0.20  0.119 -1383.054795  120.0   4.637   4.448 |  -32.578   3.945  -3.077   1.427 |   -7.237 -21.397  43.539   6.655
  40L   0.32338329 0.20  0.116 -1383.160275  120.0   4.637   4.447 |  -33.008   3.973  -2.858   1.378 |   -7.242 -21.395  43.543   6.699
  41L   0.32485346 0.20  0.113 -1383.268017  120.0   4.636   4.447 |  -33.428   3.999  -2.645   1.328 |   -7.246 -21.393  43.445   6.562
  42L   0.32525790 0.20  0.110 -1383.369537  120.0   4.635   4.446 |  -33.835   4.025  -2.438   1.277 |   -7.251 -21.390  43.514   6.685
  43L   0.32465869 0.22  0.107 -1383.464455  120.0   4.635   4.446 |  -34.229   4.050  -2.238   1.226 |   -7.256 -21.388  43.470   6.697
  44L   0.32307293 0.24  0.104 -1383.549738  120.0   4.634   4.445 |  -34.609   4.074  -2.047   1.175 |   -7.260 -21.386  43.508   6.694
  45L   0.32042003 0.27  0.101 -1383.643162  120.0   4.634   4.445 |  -34.975   4.096  -1.866   1.123 |   -7.264 -21.384  43.168   6.497
  46B   0.31685875 0.29  0.099 -1383.740644  120.0   4.633   4.445 |  -35.325   4.118  -1.695   1.073 |   -7.268 -21.381  43.474   6.691
  47B   0.46557576 0.20  0.076 -1387.358409  120.0   4.632   4.443 |  -35.614   4.143  -0.664   1.022 |   -7.249 -21.386  43.664   6.704
  48L   0.37504959 0.22  0.063 -1383.863161  120.0   4.631   4.442 |  -36.541   4.158  -0.139   0.419 |   -7.276 -21.384  43.501   6.600
  49B   0.27213686 0.24  0.061 -1384.273015  120.0   4.630   4.442 |  -37.579   4.254  -0.066   0.213 |   -7.296 -21.381  43.479   6.697
  50L   0.36380062 0.20 -0.013 -1375.675376  120.0   4.629   4.440 |  -41.295   4.288   0.307   0.200 |   -7.441 -21.404  44.370   6.589
  51L   0.25304448 0.22 -0.013 -1382.822222  120.0   4.627   4.440 |  -44.870   4.702  -1.410  -0.997 |   -7.420 -21.402  43.465   6.702
  52L   0.20095585 0.24 -0.013 -1383.738540  120.0   4.627   4.440 |  -44.196   4.662  -1.213  -0.926 |   -7.403 -21.388  43.672   6.666
  53B   0.16091632 0.27 -0.012 -1384.263783  120.0   4.626   4.440 |  -43.670   4.631  -1.046  -0.861 |   -7.390 -21.362  43.904   6.647
  54B   0.06092684 0.29  0.003 -1383.865443  120.0   4.626   4.439 |  -42.563   4.606  -0.489  -0.801 |   -7.362 -21.344  43.542   6.561
  55B   0.04816353 0.32  0.003 -1385.611647  120.0   4.627   4.439 |  -41.749   4.510  -0.200  -0.403 |   -7.368 -21.324  43.508   6.674
  56B   0.02970609 0.35  0.003 -1384.897577  120.0   4.627   4.439 |  -41.675   4.514  -0.110  -0.329 |   -7.365 -21.321  43.615   6.607
  57B   0.01648542 0.39  0.002 -1385.062832  120.0   4.626   4.439 |  -41.516   4.501  -0.040  -0.220 |   -7.366 -21.304  43.455   6.694
  58B   0.00790872 0.43  0.001 -1385.068469  120.0   4.626   4.439 |  -41.448   4.496  -0.010  -0.119 |   -7.366 -21.272  43.265   6.554
  59B   0.00295630 0.47  0.001 -1385.163761  120.0   4.626   4.439 |  -41.425   4.494  -0.002  -0.055 |   -7.366 -21.257  43.584   6.702
  60B   0.00152415 0.52  0.001 -1385.150382  120.0   4.626   4.439 |  -41.424   4.493  -0.000  -0.021 |   -7.366 -21.267  43.358   6.683
  61B   0.00089216 0.57  0.001 -1385.158219  120.0   4.626   4.439 |  -41.426   4.493  -0.000  -0.011 |   -7.366 -21.294  43.293   6.675
  62B   0.00047207 0.63  0.001 -1385.161546  120.0   4.626   4.439 |  -41.428   4.494  -0.000  -0.005 |   -7.366 -24.759  43.575   6.634
  63B   0.00027442 0.69  0.000 -1385.165282  120.0   4.626   4.439 |  -41.430   4.494  -0.000  -0.002 |   -7.366 -24.760  43.250   6.571
  64B   0.00014558 0.76  0.000 -1385.166429  120.0   4.626   4.439 |  -41.431   4.494  -0.000  -0.001 |   -7.366 -24.760  43.486   6.682
  65B   0.00006388 0.84  0.000 -1385.167640  120.0   4.626   4.439 |  -41.430   4.494  -0.000  -0.001 |   -7.366 -24.760  43.420   6.659
  66B   0.00003142 0.90  0.000 -1385.167411  120.0   4.626   4.439 |  -41.430   4.494  -0.000  -0.000 |   -7.366 -24.760  43.533   6.703
  67B   0.00002627 0.90  0.000 -1385.167103  120.0   4.626   4.439 |  -41.430   4.494  -0.000  -0.000 |   -7.366 -24.760  43.514   6.654
  68B   0.00001394 0.90  0.000 -1385.167059  120.0   4.626   4.439 |  -41.429   4.494  -0.000  -0.000 |   -7.366 -24.760  44.330   6.746
  69B   0.00001570 0.20  0.000 -1385.166919  120.0   4.626   4.439 |  -41.429   4.494  -0.000  -0.000 |   -7.366 -24.760  44.115   6.756
  70B   0.00001257 0.22  0.000 -1385.166938  120.0   4.626   4.439 |  -41.429   4.494  -0.000  -0.000 |   -7.366 -24.760  43.966   6.746
  71B   0.00000936 0.24  0.000 -1385.166916  120.0   4.626   4.439 |  -41.429   4.494  -0.000  -0.000 |   -7.366 -24.760  43.748   6.656
  72B   0.00000448 0.27  0.000 -1385.166907  120.0   4.626   4.439 |  -41.429   4.494  -0.000  -0.000 |   -7.366 -24.760  44.000   6.749
  73B   0.00000296 0.29  0.000 -1385.166908  120.0   4.626   4.439 |  -41.429   4.494  -0.000  -0.000 |   -7.366 -24.760  43.716   6.489
  74B   0.00000210 0.32  0.000 -1385.166911  120.0   4.626   4.439 |  -41.429   4.494   0.000  -0.000 |   -7.366 -24.760  43.846   6.693
  75B   0.00000157 0.35  0.000 -1385.166907  120.0   4.626   4.439 |  -41.429   4.494  -0.000   0.000 |   -7.366 -24.760  43.853   6.651
  76B   0.00000107 0.39  0.000 -1385.166911  120.0   4.626   4.439 |  -41.429   4.494  -0.000   0.000 |   -7.366 -24.760  43.855   6.685
  77B   0.00000074 0.43  0.000 -1385.166913  120.0   4.626   4.439 |  -41.429   4.494  -0.000   0.000 |   -7.366 -24.760  43.860   6.755
  78B   0.00000051 0.47  0.000 -1385.166913  120.0   4.626   4.439 |  -41.429   4.494  -0.000   0.000 |   -7.366 -24.760  43.721   6.757
  79B   0.00000036 0.52  0.000 -1385.166914  120.0   4.626   4.439 |  -41.429   4.494  -0.000   0.000 |   -7.366 -24.760  43.483   6.408
  80B   0.00000022 0.57  0.000 -1385.166912  120.0   4.626   4.439 |  -41.429   4.494  -0.000   0.000 |   -7.366 -24.760  42.276   6.330
  81B   0.00000010 0.63  0.000 -1385.166912  120.0   4.626   4.439 |  -41.429   4.494  -0.000   0.000 |   -7.366 -24.760  42.139   6.263
  82B   0.00000007 0.69  0.000 -1385.166912  120.0   4.626   4.439 |  -41.429   4.494  -0.000   0.000 |   -7.366 -24.760  42.851   6.285
  83B   0.00000006 0.76  0.000 -1385.166912  120.0   4.626   4.439 |  -41.429   4.494  -0.000   0.000 |   -7.366 -24.760  42.735   6.339
  84B   0.00000004 0.84  0.000 -1385.166912  120.0   4.626   4.439 |  -41.429   4.494  -0.000   0.000 |   -7.366 -24.760  41.890   6.267
  85B   0.00000003 0.90  0.000 -1385.166912  120.0   4.626   4.439 |  -41.429   4.494   0.000   0.000 |   -7.366 -24.760  44.237   6.317
  86B   0.00000003 0.20  0.000 -1385.166912  120.0   4.626   4.439 |  -41.429   4.494  -0.000  -0.000 |   -7.366 -24.760  44.240   6.298
  87B   0.00000004 0.20  0.000 -1385.166913  120.0   4.626   4.439 |  -41.429   4.494  -0.000  -0.000 |   -7.366 -24.760  44.283   6.325
  88B   0.00000004 0.22  0.000 -1385.166912  120.0   4.626   4.439 |  -41.429   4.494  -0.000  -0.000 |   -7.366 -24.760  44.159   6.249
  89B   0.00000001 0.24  0.000 -1385.166912  120.0   4.626   4.439 |  -41.429   4.494  -0.000  -0.000 |   -7.366 -24.760  44.276   6.304
  90B   0.00000002 0.20  0.000 -1385.166912  120.0   4.626   4.439 |  -41.429   4.494  -0.000  -0.000 |   -7.366 -24.760  45.070   6.743
  91B   0.00000004 0.20  0.000 -1385.166913  120.0   4.626   4.439 |  -41.429   4.494  -0.000  -0.000 |   -7.366 -24.760  46.026   6.736
  92B   0.00000002 0.22  0.000 -1385.166912  120.0   4.626   4.439 |  -41.429   4.494  -0.000  -0.000 |   -7.366 -24.760  45.861   6.606
  93B   0.00000001 0.24  0.000 -1385.166912  120.0   4.626   4.439 |  -41.429   4.494  -0.000  -0.000 |   -7.366 -24.760  45.995   6.702
  94B   0.00000001 0.27  0.000 -1385.166912  120.0   4.626   4.439 |  -41.429   4.494  -0.000  -0.000 |   -7.366 -24.760  45.869   6.693
  94N   0.00000001 0.27  0.000 -1385.166911  120.0   4.626   4.439 |  -41.429   4.494  -0.000  -0.000 |   -7.366 -24.760  45.927   6.754
  ----------------------------------------------------------------------------------------------------------------------------------
  *   iteration converged   after  94 steps   si=     0.0000000085 ho=  0 tho=  0
  ----------------------------------------------------------------------------------------------------------------------------------
  Total CPU time=  69.261 minutes

  NB! From expect (UNPROJECTED RESULTS)

  pairing: CpV0,CpV1,...           0.000000       0.000000       0.000000       0.000000
  forces:   D1S                           


                             neutrons         protons         total
  Requested part.numbs.      70.000000      50.000000     120.000000
  UnPj(av) part.numbs .      70.000000      50.000000     120.000000
  b0, bz, bp ..........       2.133966       2.420899       2.003517

  lambda (ala) ........      -7.365802     -21.303673
  Lambda (alast) ......      -7.365802     -24.759824
  delta(n,p), pwi .....       2.246873      -0.000000      60.000000
  pairing energy ......     -20.714699

  rms-radius ..........       4.626410       4.438686       4.549133
  charge-radius, r0 ...                      4.510144       5.404074
  deformation beta2....       0.000529       0.000412       0.000483
  dipole moment[fm] ...       0.000000       0.000000       0.000000
  quadrupole moment[b]        0.010004       0.005117       0.015120
  octupole moment .....       0.000000       0.000000       0.000000
  hexadecapole moment .      -0.000011       0.000052       0.000041
  q5 ..................       0.000000       0.000000       0.000000
  q6 ..................       0.000449       0.000185       0.000634
  q7 ..................       0.000000       0.000000       0.000000
  q8 ..................       0.000381       0.000217       0.000598

  <Jx^2> from rho .....      38.005074       0.004417      38.009490
  <Jx^2> from kappa ...     -37.997175      -0.000000     -37.997175
  <J^2> = 2*<Jx^2> ....       0.015798       0.008834       0.024632

  kinetic energy ......    1416.363335     888.527478    2304.890813
  volume energy .......                                  4004.862280
        rho_tau .......                                     0.000000
        rho_rho .......                                  4004.862280
  surface energy ......                                     0.000000
   rho_DELTA_rho ......                                     0.000000
   (NABLA_rho)^2 ......                                     0.000000
  spin-orbit energy ...                                   -72.659292
        rho_NABLA_J ...                                   -72.659292
        NABLA_rho_J ...                                     0.000000
 finite range direct...                                 -7274.909645
 finite range exchange.                                  -326.636369
 finite range total....                                 -7601.546014
 finite range pairing..                                   -20.714699
  coulomb energy ......                                     0.000000
          direct ......                                     0.000000
          exchange ....                                     0.000000
          pairing .....                                     0.000000
  tensor energy .......                                     0.000000
  direct Hartree E  ...                                     0.000000
  Extra E .............                                     0.000000
  External field E ....                                     0.000000
  Entropy .............       0.000000       0.000000       0.000000

  tEnergy: ehfb (qp)...                                 -1385.166912

  Calculated but not added corrections
  ====================================
  cmc-diagonal part ...      11.902213       7.466617      19.368830
  cmc-hfb .............       0.000000       0.000000       0.000000
  cranking rot corr ...       0.000000       0.000000       0.000000

  SQUJ ................       0.000000       0.000000       0.000000
  CRAN x 4 ............       0.000000       0.000000       0.000000
  Rigit Body ..........       0.000000       0.000000       0.000000


   Blocking candidates are:
   neutron eqpmin=   1.8740707430705057       pwiblo=   1.0000000000000000     
    num=   1 block=   3 state=   1   249 Eqp=   1.87407074  (1-2N)E=  -0.19393207  overl=   0.58483509  3+[ 4, 0, 2]
    num=   2 block=   1 state=   1     1 Eqp=   1.87556936  (1-2N)E=  -0.20141540  overl=   0.42187231  1+[ 4, 1, 1]
    num=   3 block=   1 state=   2     2 Eqp=   1.99837364  (1-2N)E=  -0.80816357  overl=   0.56769420  1+[ 4, 0, 0]
    num=   4 block=   2 state=   1   126 Eqp=   2.01577703  (1-2N)E=   0.64600720  overl=   0.43796992  1-[ 5, 3, 0]
    num=   5 block=   4 state=   1   363 Eqp=   2.01583149  (1-2N)E=   0.64668223  overl=   0.45947613  3-[ 5, 2, 1]
    num=   6 block=   6 state=   1   580 Eqp=   2.01612528  (1-2N)E=   0.64852515  overl=   0.52395277  5-[ 5, 3, 2]
    num=   7 block=   8 state=   1   775 Eqp=   2.01620569  (1-2N)E=   0.64995771  overl=   0.66415637  7-[ 5, 2, 3]
    num=   8 block=  10 state=   1   950 Eqp=   2.01638953  (1-2N)E=   0.65165275  overl=   0.75807959  9-[ 5, 1, 4]
    num=   9 block=  12 state=   1  1103 Eqp=   2.01800055  (1-2N)E=   0.65739294  overl=   0.80184732 11-[ 5, 0, 5]
    num=  10 block=   7 state=   1   682 Eqp=   2.80165700  (1-2N)E=  -1.80776680  overl=   0.84291446  7+[ 4, 0, 4]
    num=  11 block=   5 state=   1   476 Eqp=   2.80709728  (1-2N)E=  -1.81555217  overl=   0.78429626  5+[ 4, 1, 3]
    num=  12 block=   3 state=   2   250 Eqp=   2.80806250  (1-2N)E=  -1.81646752  overl=   0.66116252  3+[ 4, 2, 2]
    num=  13 block=   1 state=   3     3 Eqp=   2.80922224  (1-2N)E=  -1.81772847  overl=   0.47935429  1+[ 4, 3, 1]

   Blocking candidates are:
   proton  eqpmin=   3.4561503937974072       pwiblo=   1.0000000000000000     
    num=   1 block=   9 state=   1   867 Eqp=   3.45615039  (1-2N)E=  -3.45615039  overl=   0.98092984  9+[ 4, 0, 4]
    num=   2 block=   7 state=   1   682 Eqp=   3.46346906  (1-2N)E=  -3.46346906  overl=   0.92075694  7+[ 4, 1, 3]
    num=   3 block=   5 state=   2   477 Eqp=   3.46512848  (1-2N)E=  -3.46512848  overl=   0.78423273  5+[ 4, 2, 2]
    num=   4 block=   3 state=   2   250 Eqp=   3.46667808  (1-2N)E=  -3.46667808  overl=   0.57528213  3+[ 4, 3, 1]
    num=   5 block=   1 state=   2     2 Eqp=   3.46846011  (1-2N)E=  -3.46846011  overl=   0.58523101  1+[ 4, 2, 0]
    num=   6 block=   5 state=   1   476 Eqp=   3.31101647  (1-2N)E=   3.31101647  overl=   0.87361694  5+[ 4, 0, 2]
    num=   7 block=   3 state=   1   249 Eqp=   3.30203558  (1-2N)E=   3.30203558  overl=   0.64695212  3+[ 4, 1, 1]
    num=   8 block=   1 state=   1     1 Eqp=   3.28944556  (1-2N)E=   3.28944556  overl=   0.55866181  1+[ 4, 4, 0]
    num=   9 block=   1 state=   3     3 Eqp=   4.34320718  (1-2N)E=   4.34320718  overl=   0.52726326  1+[ 4, 3, 1]
    num=  10 block=   3 state=   3   251 Eqp=   4.34373634  (1-2N)E=   4.34373634  overl=   0.72792455  3+[ 4, 2, 2]
    num=  11 block=   5 state=   3   478 Eqp=   4.34480433  (1-2N)E=   4.34480433  overl=   0.86461081  5+[ 4, 1, 3]
    num=  12 block=   7 state=   2   683 Eqp=   4.35469905  (1-2N)E=   4.35469905  overl=   0.93050171  7+[ 4, 0, 4]



 HFBTHO_SOLVER ended without errors

