Distributed parallelism with MPI     : 1 tasks/HFBTHO
Multi-threading framework with OpenMP: 4 threads/task

  ==========================================
           FORTRAN 95 CODE (KIND= 8) 
 git: parent: 3cae9cc3ec7a0c93cd724b300dc0d972f613f33e
  ==========================================
       AXIALLY DEFORMED CONFIGURATIONAL     
     HARTREE-FOCK-BOGOLIUBOV CALCULATIONS   
                     WITH                   
      SKYRME+DELTA PAIRING OR GOGNY EDFs    
                  USING THE                 
             HARMONIC-OSCILLATOR            
                    AND/OR                  
        TRANSFORMED HARMONIC-OSCILLATOR     
                    BASIS                   
                     ---                    
                v1.66  (2005)               
    Stoitsov, Dobaczewski, Nazarewicz, Ring 
                v2.00d (2012)               
        Stoitsov, Schunck, Kortelainen      
                v3.00  (2016)               
            Schunck, Navarro Perez          
  ==========================================
    Nucleus: Dy (A= 152, N= 86, Z= 66)
       Reflection Symmetry Imposed       
            (10/12/2021,  8:47)                               
  ==========================================


  ---------------------------------------
           UNEDF Module Version: 17
         M.Kortelainen & M.Stoitsov 
  ---------------------------------------

  D1S functional
  ----------------------------------------
  Crho(0)=    0.00000000000000000    ; Crho(1)=   -0.00000000000000000    
  CDrho(0)=   521.474999999999909    ; CDrho(1)=  -521.474999999999909    
  Ctau(0)=    0.00000000000000000    ; Ctau(1)=    0.00000000000000000    
  CrDr(0)=    0.00000000000000000    ; CrDr(1)=    0.00000000000000000    
  CrdJ(0)=   -97.5000000000000000    ; CrdJ(1)=   -32.5000000000000000    
  CJ(0)=     -0.00000000000000000    ; CJ(1)=     -0.00000000000000000    
  CpV0(0)=    0.00000000000000000    ; CpV0(1)=    0.00000000000000000    
  CpV1(0)=    0.00000000000000000    ; CpV1(1)=    0.00000000000000000    
  sigma=     0.333333333333333315    ; hbzero=     20.7366762293157905    
  functional has DME couplings: F
  use 3-Nucleon DME couplings: F

  Finite-range potential
  ----------------------------------------
  mu=      0.699999999999999956      1.199999999999999956
  W=  -1720.299999999999954525    103.640000000000000568
  B=   1300.000000000000000000   -163.479999999999989768
  H=  -1813.529999999999972715    162.810000000000002274
  M=   1397.599999999999909051   -223.930000000000006821
  e^2 chrg=   1.43997840859651349    ; CExPar=     1.00000000000000000    
  c.m. correction: T, chr. density in direct Coul: F
  use tensor terms: F

  Nuclear matter properties
  ----------------------------------------
  E_NM=      -16.0074988556065847    ; K_NM=        202.840551721048712    
  P_NM=     -0.177635683940025046E-14; RHO_NM=     0.163262821017343407    
  ASS_NM=     31.1251088547752488    ; LASS_NM=     22.4414136723446234    
  SMASS_NM=   1.38541191875797787    ; VMASS_NM=    1.78603107194230937    

  Associated (t,x)-coupling constants
  ----------------------------------------
  t3=       8343.59999999999854    ; x3=        1.00000000000000000    
  b4=       65.0000000000000000    ; b4p=       65.0000000000000000    
  te=       0.00000000000000000    ; to=        0.00000000000000000    
  sigma=   0.333333333333333315    ; hbzero=    20.7366762293157905    

  ---------------------------------------
        Characteristics of the run       
  ---------------------------------------
  Output file ................:    57
  Nucleus ....................:   Dy 152
  Number of HO shells ........:    14
  HO length b0 (fm) ..........:     2.12100952032529
  Basis deformation ..........:  beta0=   0.300 q=   1.328
  HO: b0,1/b0,bp,bz,q ........:   0.21210095E+01  0.47147360E+00  0.20230038E+01  0.23314949E+01  0.13282369E+01
  h**2/(2m_n), cmc, e**2 .....:   0.20736676E+02  0.20600251E+02  0.14399784E+01
  h**2/(2m_p), cmc, e**2 .....:   0.20736676E+02  0.20600251E+02  0.14399784E+01
  hom=f*41.0_pr*A^{-1/3}, f...:   0.92190019E+01  0.12000000E+01
  THO basis is ...............:  OFF
  Maximal number of iterations:   200
  Initial mixing parameter ...:  0.300
  Initial wave functions from :  tape
  Energy functional ..........:    D1S                           
    with a finite-range central force
    without Coulomb forces
  Pairing cutoff energy ......:    60.00 MeV
  Lipkin-Nogami procedure is .:  OFF
  PAV procedure is ...........:  OFF
  Constraint calculation is ..:   ON
    Constraint 1 .............: lambda=2 Ql=  20.000
  Temperature T ..............:   0.00 MeV
  Pairing regularization is ..:  OFF
  Collective inertia is ......:  OFF
  Fission fragments are ......:  OFF
  Restart indicator ..........:  -1
  Broyden mixing (#iterations):   7

  ---------------------------------------
        Harmonic Oscillator Basis        
  ---------------------------------------
  NUV, NQP:                       17170     504
  Comparison with bookkeeping spherical basis:
  n00:                               14      14  Maximal number of shells
  nbx, 2*n00+1:                      24      29  Maximal number of K-blocks
  ntx, (n00+1)*(n00+2)*(n00+3)/6    504     680  Max.num. p/n levels
  nzx, n00:                          14      14  Maximal nz-quantum number
  nrx, n00/2  :                       5       7  Maximal nr-quantum number
  nlx, n00:                          11      14  Maximal ml-quantum number
  ndx, (n00+2)*(n00+2)/4:            53      64  Maximal dim. of one k-block

  Actual basis used
  Number of blocks: nb .......:   24
  Number of levels: nt .......:  504
  Maximal 2*omega : nom ......:   23
  Maximal nz:       nzm ......:   14
  Maximal nr:       nrm ......:    5
  Maximal ml:       nlm ......:   11
  Maximal N=nz+2*nr+nl .......:   15
  2 x biggest block dim. .....:  106
  Non-zero elements of h .....:     8837
  Number of Broyden elements .:    35348

  ---------------------------------------
            Integration Meshes           
  ---------------------------------------
  Number of Gauss-Hermite mesh points ngh ....:  40
  Number of Gauss-Laguerre mesh points ngl ...:  40
  Number of Gauss-Legendre mesh points nleg ..:  80
  Integration boundaries
    Hermite  - from xh(1)  =  0.12379686 to xh(ngh)   = 11.88786356
    Laguerre - From xl(1)  =  0.03570039 to xl(ngl)   =142.28004447
    Legendre - From xleg(1)=  0.00978669 to xleg(nleg)=  0.99988775
  Max.dev.in:     Orthogonality            Normalization
  Hermite     8.1293541708538476E-015   1.0658141036401503E-014
  Laguerre    4.3068680416470186E-015   8.2156503822261584E-015

  Calculating the finite range matrix elements
  Matrix elements wall clock time         0.8780

  Scratch initialization for the nucleus: Dy  86  66


  Initial potentials of Saxon-Woods shape 
  v0ws   =  -71.28000000
  kappa  =    0.46160000
  vs0    =   11.11750000   11.11750000
  r0     =    1.23340000    1.23340000
  a      =    0.61500000    0.61500000
  r0-so  =    1.14430000    1.14430000
  a-so   =    0.64760000    0.64760000
  b2_ws  =    0.30000000
  b3_ws  =    0.00000000
  b4_ws  =    0.00000000

  ### REGULAR STAGE (reflection symmetry imposed)
  |HFB+HO> iterations(b0=  2.121, Nsh= 14, inin=  1, N= 86, Z= 66)...
  ----------------------------------------------------------------------------------------------------------------------------------
  i          si     mix   beta      Etot       A       rn      rp         En      Dn      Ep      Dp        Ln      Lp     time  time(Gog.)
  ----------------------------------------------------------------------------------------------------------------------------------
   0L  68.22601305 0.30  0.000     0.000000    0.0   0.000   0.000 |   -2.000   1.000  -2.000   1.000 |   -7.000  -7.000   0.000   0.000
   1B  38.79899082 0.20  0.353  9789.706941  152.0   4.857   4.666 |    0.000   0.000   0.000   0.000 |  -16.669 -25.505   1.081   0.196
   2B  25.18188689 0.22  0.551 -2349.934876  152.0   5.355   4.998 |   -7.986   1.337  -3.620   0.956 |  -10.045 -21.774   1.084   0.196
   3B   5.06447209 0.24  0.415 -1668.628242  152.0   5.083   4.931 |   -9.912   1.718  -4.908   1.442 |   -8.188 -19.268   1.072   0.196
   4B   5.83677322 0.20  0.391 -1846.653263  152.0   5.068   4.933 |  -11.735   1.960  -5.723   1.571 |   -7.963 -19.665   1.071   0.194
   5B   0.70278531 0.22  0.409 -1825.576890  152.0   5.093   4.943 |  -13.446   2.232  -6.650   1.768 |   -8.186 -19.917   1.063   0.195
   6B   0.42036871 0.24  0.412 -1829.817337  152.0   5.099   4.953 |  -14.567   2.270  -7.514   1.841 |   -8.344 -20.206   1.082   0.196
   7B   0.33805063 0.27  0.412 -1821.835099  152.0   5.101   4.955 |  -16.228   2.437  -8.588   2.008 |   -8.376 -20.257   1.067   0.196
   8B   0.07976660 0.29  0.411 -1819.911779  152.0   5.101   4.956 |  -17.678   2.547  -9.512   2.113 |   -8.385 -20.247   1.073   0.196
   9B   0.07788275 0.32  0.410 -1819.162122  152.0   5.102   4.957 |  -19.141   2.669 -10.464   2.230 |   -8.395 -20.241   1.076   0.196
  10B   0.04345547 0.35  0.410 -1821.070002  152.0   5.104   4.959 |  -20.964   2.771 -11.699   2.330 |   -8.419 -20.246   1.084   0.196
  11B   0.01140291 0.39  0.410 -1817.014015  152.0   5.104   4.959 |  -22.518   2.937 -12.783   2.499 |   -8.422 -20.239   1.071   0.196
  12B   0.00974960 0.43  0.410 -1815.796537  152.0   5.104   4.959 |  -22.965   2.987 -13.126   2.551 |   -8.421 -20.231   1.075   0.198
  13B   0.00432290 0.47  0.410 -1815.891362  152.0   5.104   4.959 |  -23.065   2.999 -13.234   2.568 |   -8.422 -20.225   1.075   0.198
  14B   0.00320103 0.52  0.410 -1816.123233  152.0   5.104   4.959 |  -23.047   3.001 -13.251   2.573 |   -8.423 -20.222   1.093   0.197
  15B   0.00219563 0.57  0.410 -1816.219206  152.0   5.104   4.959 |  -22.983   2.997 -13.227   2.572 |   -8.425 -20.221   1.091   0.196
  16B   0.00176354 0.63  0.410 -1816.309826  152.0   5.104   4.959 |  -22.921   2.992 -13.195   2.568 |   -8.425 -20.220   1.083   0.197
  17B   0.00088594 0.69  0.410 -1816.349721  152.0   5.104   4.959 |  -22.885   2.988 -13.175   2.565 |   -8.426 -20.221   1.076   0.197
  18B   0.00028728 0.76  0.410 -1816.303155  152.0   5.104   4.959 |  -22.864   2.987 -13.162   2.564 |   -8.427 -20.221   1.077   0.195
  19B   0.00018206 0.84  0.410 -1816.288073  152.0   5.104   4.959 |  -22.848   2.985 -13.152   2.563 |   -8.427 -20.221   1.075   0.196
  20B   0.00014741 0.90  0.410 -1816.290020  152.0   5.104   4.959 |  -22.844   2.985 -13.149   2.562 |   -8.427 -20.221   1.065   0.196
  21B   0.00004233 0.90  0.410 -1816.290501  152.0   5.104   4.959 |  -22.844   2.985 -13.149   2.562 |   -8.427 -20.221   1.082   0.197
  22B   0.00001869 0.90  0.410 -1816.289238  152.0   5.104   4.959 |  -22.845   2.985 -13.150   2.562 |   -8.427 -20.221   1.082   0.197
  23B   0.00001716 0.90  0.410 -1816.287810  152.0   5.104   4.959 |  -22.846   2.985 -13.150   2.562 |   -8.427 -20.221   1.081   0.196
  24B   0.00000505 0.90  0.410 -1816.288282  152.0   5.104   4.959 |  -22.846   2.985 -13.151   2.562 |   -8.427 -20.221   1.072   0.197
  25B   0.00000158 0.90  0.410 -1816.287839  152.0   5.104   4.959 |  -22.847   2.985 -13.151   2.562 |   -8.427 -20.221   1.091   0.197
  26B   0.00000090 0.90  0.410 -1816.287884  152.0   5.104   4.959 |  -22.847   2.985 -13.151   2.562 |   -8.427 -20.221   1.075   0.195
  27B   0.00000070 0.90  0.410 -1816.287883  152.0   5.104   4.959 |  -22.847   2.985 -13.151   2.562 |   -8.427 -20.221   1.092   0.196
  28B   0.00000043 0.90  0.410 -1816.287899  152.0   5.104   4.959 |  -22.847   2.985 -13.151   2.562 |   -8.427 -20.221   1.109   0.196
  29B   0.00000015 0.90  0.410 -1816.287889  152.0   5.104   4.959 |  -22.847   2.985 -13.151   2.562 |   -8.427 -20.221   1.111   0.197
  30B   0.00000009 0.90  0.410 -1816.287880  152.0   5.104   4.959 |  -22.847   2.985 -13.151   2.562 |   -8.427 -20.221   1.243   0.198
  31B   0.00000003 0.90  0.410 -1816.287878  152.0   5.104   4.959 |  -22.847   2.985 -13.151   2.562 |   -8.427 -20.221   1.367   0.198
  32B   0.00000004 0.20  0.410 -1816.287879  152.0   5.104   4.959 |  -22.847   2.985 -13.151   2.562 |   -8.427 -20.221   1.373   0.196
  33B   0.00000002 0.22  0.410 -1816.287880  152.0   5.104   4.959 |  -22.847   2.985 -13.151   2.562 |   -8.427 -20.221   1.372   0.197
  34B   0.00000001 0.24  0.410 -1816.287879  152.0   5.104   4.959 |  -22.847   2.985 -13.151   2.562 |   -8.427 -20.221   1.367   0.197
  35B   0.00000005 0.20  0.410 -1816.287881  152.0   5.104   4.959 |  -22.847   2.985 -13.151   2.562 |   -8.427 -20.221   1.369   0.197
  36B   0.00000001 0.22  0.410 -1816.287881  152.0   5.104   4.959 |  -22.847   2.985 -13.151   2.562 |   -8.427 -20.221   1.362   0.197
  37B   0.00000001 0.24  0.410 -1816.287880  152.0   5.104   4.959 |  -22.847   2.985 -13.151   2.562 |   -8.427 -20.221   1.368   0.195
  38B   0.00000004 0.20  0.410 -1816.287881  152.0   5.104   4.959 |  -22.847   2.985 -13.151   2.562 |   -8.427 -20.221   1.364   0.197
  39B   0.00000002 0.22  0.410 -1816.287881  152.0   5.104   4.959 |  -22.847   2.985 -13.151   2.562 |   -8.427 -20.221   1.359   0.196
  40B   0.00000003 0.20  0.410 -1816.287881  152.0   5.104   4.959 |  -22.847   2.985 -13.151   2.562 |   -8.427 -20.221   1.371   0.196
  41B   0.00000002 0.22  0.410 -1816.287879  152.0   5.104   4.959 |  -22.847   2.985 -13.151   2.562 |   -8.427 -20.221   1.372   0.196
  42B   0.00000002 0.24  0.410 -1816.287880  152.0   5.104   4.959 |  -22.847   2.985 -13.151   2.562 |   -8.427 -20.221   1.366   0.197
  43B   0.00000001 0.27  0.410 -1816.287880  152.0   5.104   4.959 |  -22.847   2.985 -13.151   2.562 |   -8.427 -20.221   1.376   0.196
  43N   0.00000001 0.27  0.410 -1816.287879  152.0   5.104   4.959 |  -22.847   2.985 -13.151   2.562 |   -8.427 -20.221   1.359   0.195
  ----------------------------------------------------------------------------------------------------------------------------------
  *   iteration converged   after  43 steps   si=     0.0000000058 ho=  0 tho=  0
  ----------------------------------------------------------------------------------------------------------------------------------
  Total CPU time=   0.862 minutes

  NB! From expect (UNPROJECTED RESULTS)

  pairing: CpV0,CpV1,...           0.000000       0.000000       0.000000       0.000000
  forces:   D1S                           


                             neutrons         protons         total
  Requested part.numbs.      86.000000      66.000000     152.000000
  UnPj(av) part.numbs .      86.000000      66.000000     152.000000
  b0, bz, bp ..........       2.121010       2.331495       2.023004

  lambda (ala) ........      -8.426608     -20.220758
  Lambda (alast) ......      -8.426608     -20.220758
  delta(n,p), pwi .....       1.492388       1.281157      60.000000
  pairing energy ......     -17.998801

  rms-radius ..........       5.103611       4.959125       5.041382
  charge-radius, r0 ...                      5.024305       6.404164
  deformation beta2....       0.407666       0.414106       0.410371
  dipole moment[fm] ...       0.000000       0.000000       0.000000
  quadrupole moment[b]       11.520405       8.479595      20.000000
  octupole moment .....       0.000000       0.000000       0.000000
  hexadecapole moment .       0.671496       0.442910       1.114406
  q5 ..................       0.000000       0.000000       0.000000
  q6 ..................       0.150192       0.086764       0.236956
  q7 ..................       0.000000       0.000000       0.000000
  q8 ..................       0.029882       0.014741       0.044623

  <Jx^2> from rho .....      66.783501      41.906206     108.689708
  <Jx^2> from kappa ...     -20.835349      -8.885323     -29.720672
  <J^2> = 2*<Jx^2> ....      91.896305      66.041766     157.938071

  kinetic energy ......    1742.872975    1199.286158    2942.159132
  volume energy .......                                  5224.217012
        rho_tau .......                                     0.000000
        rho_rho .......                                  5224.217012
  surface energy ......                                     0.000000
   rho_DELTA_rho ......                                     0.000000
   (NABLA_rho)^2 ......                                     0.000000
  spin-orbit energy ...                                   -90.243402
        rho_NABLA_J ...                                   -90.243402
        NABLA_rho_J ...                                     0.000000
 finite range direct...                                 -9463.409988
 finite range exchange.                                  -411.011833
 finite range total....                                 -9874.421821
 finite range pairing..                                   -17.998801
  coulomb energy ......                                     0.000000
          direct ......                                     0.000000
          exchange ....                                     0.000000
          pairing .....                                     0.000000
  tensor energy .......                                     0.000000
  direct Hartree E  ...                                     0.000000
  Extra E .............                                     0.000000
  External field E ....                                     0.000000
  Entropy .............       0.000000       0.000000       0.000000

  tEnergy: ehfb (qp)...                                 -1816.287879

  Calculated but not added corrections
  ====================================
  cmc-diagonal part ...      11.542205       7.942292      19.484498
  cmc-hfb .............       0.000000       0.000000       0.000000
  cranking rot corr ...       0.000000       0.000000       0.000000

  SQUJ ................       0.000000       0.000000       0.000000
  CRAN x 4 ............       0.000000       0.000000       0.000000
  Rigit Body ..........       0.000000       0.000000       0.000000


   Blocking candidates are:
   neutron eqpmin=   1.3770288046673758       pwiblo=   1.0000000000000000     
    num=   1 block=   3 state=   1   106 Eqp=   1.37702880  (1-2N)E=  -0.67252724  overl=   0.66576338  3+[ 6, 5, 1]
    num=   2 block=   1 state=   1     1 Eqp=   1.46208852  (1-2N)E=   0.09556766  overl=   0.68763404  1+[ 4, 0, 0]
    num=   3 block=   3 state=   2   107 Eqp=   1.58335714  (1-2N)E=   0.62863586  overl=   0.79827393  3+[ 4, 0, 2]
    num=   4 block=   7 state=   1   271 Eqp=   1.63081148  (1-2N)E=  -0.53205036  overl=   0.79896290  7+[ 4, 0, 4]
    num=   5 block=  10 state=   1   358 Eqp=   1.69291252  (1-2N)E=  -1.12003693  overl=   0.89364137  9-[ 5, 1, 4]
    num=   6 block=   4 state=   1   151 Eqp=   1.78096542  (1-2N)E=  -0.60835021  overl=   0.53883530  3-[ 5, 3, 2]
    num=   7 block=   5 state=   1   196 Eqp=   1.78889546  (1-2N)E=   1.35003078  overl=   0.80748494  5+[ 6, 4, 2]
    num=   8 block=   4 state=   2   152 Eqp=   1.92802090  (1-2N)E=   0.80625330  overl=   0.60960334  3-[ 5, 2, 1]
    num=   9 block=   1 state=   2     2 Eqp=   2.30544071  (1-2N)E=  -1.98487801  overl=   0.61314606  1+[ 6, 6, 0]

   Blocking candidates are:
   proton  eqpmin=   1.1536631989321862       pwiblo=   1.0000000000000000     
    num=   1 block=   2 state=   1    54 Eqp=   1.15366320  (1-2N)E=   0.28440123  overl=   0.52374317  1-[ 5, 4, 1]
    num=   2 block=   5 state=   1   196 Eqp=   1.25124885  (1-2N)E=  -0.28191400  overl=   0.74350022  5+[ 4, 1, 3]
    num=   3 block=   1 state=   1     1 Eqp=   1.49665761  (1-2N)E=   0.88916067  overl=   0.81953721  1+[ 4, 1, 1]
    num=   4 block=   3 state=   1   106 Eqp=   1.49688959  (1-2N)E=  -0.88654917  overl=   0.81994302  3+[ 4, 1, 1]
    num=   5 block=   8 state=   1   302 Eqp=   1.80292899  (1-2N)E=   1.47056483  overl=   0.90161443  7-[ 5, 2, 3]
    num=   6 block=   6 state=   1   234 Eqp=   1.89156188  (1-2N)E=  -1.56734827  overl=   0.85475015  5-[ 5, 3, 2]



 HFBTHO_SOLVER ended without errors

